******************************************************************************
                  MSP430 Linker PC v4.4.5                      
******************************************************************************
>> Linked Wed Jan 20 13:13:51 2016

OUTPUT FILE NAME:   <Basic Comms - Coordinator - AFZDO.out>
ENTRY POINT SYMBOL: "_c_int00_noargs_noexit"  address: 0000d092


MEMORY CONFIGURATION

         name            origin    length      used     unused   attr    fill
----------------------  --------  ---------  --------  --------  ----  --------
  SFR                   00000000   00000010  00000000  00000010  RWIX
  PERIPHERALS_8BIT      00000010   000000f0  00000000  000000f0  RWIX
  PERIPHERALS_16BIT     00000100   00000100  00000000  00000100  RWIX
  RAM                   00000200   00000200  00000121  000000df  RWIX
  INFOD                 00001000   00000040  00000000  00000040  RWIX
  INFOC                 00001040   00000040  00000000  00000040  RWIX
  INFOB                 00001080   00000040  00000000  00000040  RWIX
  INFOA                 000010c0   00000040  00000000  00000040  RWIX
  FLASH                 0000c000   00003fe0  00001b4f  00002491  RWIX
  INT00                 0000ffe0   00000002  00000000  00000002  RWIX
  INT01                 0000ffe2   00000002  00000000  00000002  RWIX
  INT02                 0000ffe4   00000002  00000002  00000000  RWIX
  INT03                 0000ffe6   00000002  00000002  00000000  RWIX
  INT04                 0000ffe8   00000002  00000000  00000002  RWIX
  INT05                 0000ffea   00000002  00000002  00000000  RWIX
  INT06                 0000ffec   00000002  00000002  00000000  RWIX
  INT07                 0000ffee   00000002  00000002  00000000  RWIX
  INT08                 0000fff0   00000002  00000002  00000000  RWIX
  INT09                 0000fff2   00000002  00000002  00000000  RWIX
  INT10                 0000fff4   00000002  00000002  00000000  RWIX
  INT11                 0000fff6   00000002  00000002  00000000  RWIX
  INT12                 0000fff8   00000002  00000002  00000000  RWIX
  INT13                 0000fffa   00000002  00000002  00000000  RWIX
  INT14                 0000fffc   00000002  00000002  00000000  RWIX
  RESET                 0000fffe   00000002  00000002  00000000  RWIX


SECTION ALLOCATION MAP

 output                                  attributes/
section   page    origin      length       input sections
--------  ----  ----------  ----------   ----------------
.bss       0    00000200    000000bf     UNINITIALIZED
                  00000200    000000a2     (.common:zmBuf)
                  000002a2    0000000c     (.common:buf)
                  000002ae    00000002     (.common:bf)
                  000002b0    00000002     (.common:buttonIsr)
                  000002b2    00000002     (.common:debugConsoleIsr)
                  000002b4    00000002     (.common:num)
                  000002b6    00000002     (.common:srdyIsr)
                  000002b8    00000002     (.common:sysTickIsr)
                  000002ba    00000002     (.common:timerIsr)
                  000002bc    00000001     (.common:result)
                  000002bd    00000001     (.common:uc)
                  000002be    00000001     (.common:zs)

.data      0    000002c0    00000012     UNINITIALIZED
                  000002c0    00000009     example_basic_comms_coordinator.obj (.data:commandline)
                  000002c9    00000001     module_errors.obj (.data)
                  000002ca    00000004     hal_launchpad.obj (.data)
                  000002ce    00000002     af.obj (.data)
                  000002d0    00000002     example_basic_comms_coordinator.obj (.data)

.stack     0    000003b0    00000050     UNINITIALIZED
                  000003b0    00000002     rts430_eabi.lib : boot.obj (.stack)
                  000003b2    0000004e     --HOLE--

.text      0    0000c000    000011cc     
                  0000c000    000001aa     printf.obj (.text:tfp_printf)
                  0000c1aa    00000144     example_basic_comms_coordinator.obj (.text:handleUARTRX)
                  0000c2ee    00000120     module_utilities.obj (.text:expressStartModule)
                  0000c40e    000000c0     module.obj (.text:displayBasicDeviceInformation)
                  0000c4ce    000000be     example_basic_comms_coordinator.obj (.text:main)
                  0000c58c    000000b6     af.obj (.text:afSendData)
                  0000c642    000000b4     module_utilities.obj (.text:setModuleRfPower)
                  0000c6f6    00000088     module_utilities.obj (.text:waitForDeviceState)
                  0000c77e    0000006c     module.obj (.text:getDeviceStateName)
                  0000c7ea    0000006a     module.obj (.text:waitForMessage)
                  0000c854    00000064     rts430_eabi.lib : copy_decompress_rle.obj (.text:__TI_decompress_rle_core)
                  0000c8b8    0000005e     hal_launchpad.obj (.text:displayVersion)
                  0000c916    0000005c     rts430_eabi.lib : lsr32.obj (.text:l_lsr_const)
                  0000c972    0000005c     module.obj (.text:setSecurityMode)
                  0000c9ce    00000058     rts430_eabi.lib : autoinit.obj (.text:_auto_init)
                  0000ca26    00000058                     : div32u.obj (.text)
                  0000ca7e    00000056     zm_phy_spi.obj (.text:sendSreq)
                  0000cad4    00000050     module.obj (.text:moduleReset)
                  0000cb24    0000004e     module.obj (.text:setChannelMask)
                  0000cb72    00000048     af.obj (.text:afRegisterGenericApplication)
                  0000cbba    00000038     module_example_utils.obj (.text:pollAndDisplay)
                  0000cbf2    00000038     hal_launchpad.obj (.text:portInit)
                  0000cc2a    00000038     zm_phy_spi.obj (.text:sendMessage)
                  0000cc62    00000036     hal_launchpad.obj (.text:setLed)
                  0000cc98    00000036     hal_launchpad.obj (.text:toggleLed)
                  0000ccce    00000032     hal_launchpad.obj (.text:PORT1_ISR)
                  0000cd00    00000032     utilities.obj (.text:printHexBytes)
                  0000cd32    00000030     hal_launchpad.obj (.text:PORT2_ISR)
                  0000cd62    00000030     module.obj (.text:sysSetTxPower)
                  0000cd92    0000002e     module.obj (.text:zbWriteConfiguration)
                  0000cdc0    0000002c     hal_launchpad.obj (.text:oscInit)
                  0000cdec    0000002c     rts430_eabi.lib : lsl16.obj (.text)
                  0000ce18    0000002c     module.obj (.text:setPollRate)
                  0000ce44    00000028     printf.obj (.text:divOut)
                  0000ce6c    00000028     module.obj (.text:getConfigurationParameter)
                  0000ce94    00000028     module_utilities.obj (.text:getDeviceStateForDeviceType)
                  0000cebc    00000028     hal_launchpad.obj (.text:halInit)
                  0000cee4    00000028     hal_launchpad.obj (.text:halUartInit)
                  0000cf0c    00000028     printf.obj (.text:outDgt)
                  0000cf34    00000028     module.obj (.text:zbGetDeviceInfo)
                  0000cf5c    00000026     hal_launchpad.obj (.text:Timer_A0)
                  0000cf82    00000026     hal_launchpad.obj (.text:USCIAB0RX_ISR)
                  0000cfa8    00000026     module.obj (.text:setCallbacks)
                  0000cfce    00000026     module.obj (.text:setZigbeeDeviceType)
                  0000cff4    00000024     module.obj (.text:setStartupOptions)
                  0000d018    00000020     module.obj (.text:setPanId)
                  0000d038    0000001e     module.obj (.text:setSecurityKey)
                  0000d056    0000001e     hal_launchpad.obj (.text:spiWrite)
                  0000d074    0000001e     zdo.obj (.text:zdoStartApplication)
                  0000d092    0000001a     rts430_eabi.lib : boot_special.obj (.text:_c_int00_noargs_noexit)
                  0000d0ac    0000001a     hal_launchpad.obj (.text:halSpiInitModule)
                  0000d0c6    0000001a     hal_launchpad.obj (.text:watchdog_timer)
                  0000d0e0    00000018     hal_launchpad.obj (.text:delayMs)
                  0000d0f8    00000016     rts430_eabi.lib : div16u.obj (.text)
                  0000d10e    00000014                     : copy_zero_init.obj (.text:decompress:ZI:__TI_zero_init)
                  0000d122    00000014     zm_phy_spi.obj (.text:getMessage)
                  0000d136    00000014     rts430_eabi.lib : mult16.obj (.text)
                  0000d14a    00000012                     : copy_decompress_none.obj (.text:decompress:none:__TI_decompress_none)
                  0000d15c    00000012                     : memcpy.obj (.text:memcpy)
                  0000d16e    00000010                     : epilog.obj (.text)
                  0000d17e    0000000e     printf.obj (.text:out)
                  0000d18c    0000000c     hal_launchpad.obj (.text:clearLeds)
                  0000d198    0000000c     hal_launchpad.obj (.text:putchar)
                  0000d1a4    0000000a     hal_launchpad.obj (.text:doNothing)
                  0000d1ae    0000000a     zm_phy_spi.obj (.text:moduleHasMessageWaiting)
                  0000d1b8    00000006     rts430_eabi.lib : isr_trap.obj (.text:_isr:__TI_ISR_TRAP)
                  0000d1be    00000006                     : copy_decompress_rle.obj (.text:decompress:rle24:__TI_decompress_rle24)
                  0000d1c4    00000004                     : pre_init.obj (.text:_system_pre_init)
                  0000d1c8    00000004                     : exit.obj (.text:abort)

.const     0    0000d1cc    00000965     
                  0000d1cc    0000052e     module.obj (.const:.string)
                  0000d6fa    00000258     module_utilities.obj (.const:.string)
                  0000d952    000000e4     example_basic_comms_coordinator.obj (.const:.string)
                  0000da36    0000007c     hal_launchpad.obj (.const:.string)
                  0000dab2    00000032     module_example_utils.obj (.const:.string)
                  0000dae4    0000002a     module_utilities.obj (.const)
                  0000db0e    00000018     utilities.obj (.const:.string)
                  0000db26    00000005     module_utilities.obj (.const:.string:$P$T0$1)
                  0000db2b    00000001     --HOLE-- [fill = 0]
                  0000db2c    00000005     module_utilities.obj (.const:.string:$P$T1$2)

.cinit     0    0000db32    0000001e     
                  0000db32    0000000c     (.cinit..data.load) [load image, compression = rle]
                  0000db3e    00000006     (__TI_handler_table)
                  0000db44    00000004     (.cinit..bss.load) [load image, compression = zero_init]
                  0000db48    00000008     (__TI_cinit_table)

.init_array 
*          0    0000c000    00000000     UNINITIALIZED

.TI.noinit 
*          0    00000200    00000000     UNINITIALIZED

.TI.persistent 
*          0    000002c0    00000000     UNINITIALIZED

PORT1      0    0000ffe4    00000002     
                  0000ffe4    00000002     hal_launchpad.obj (.int02)

PORT2      0    0000ffe6    00000002     
                  0000ffe6    00000002     hal_launchpad.obj (.int03)

ADC10      0    0000ffea    00000002     
                  0000ffea    00000002     rts430_eabi.lib : int05.obj (.int05)

USCIAB0TX 
*          0    0000ffec    00000002     
                  0000ffec    00000002     rts430_eabi.lib : int06.obj (.int06)

USCIAB0RX 
*          0    0000ffee    00000002     
                  0000ffee    00000002     hal_launchpad.obj (.int07)

TIMER0_A1 
*          0    0000fff0    00000002     
                  0000fff0    00000002     rts430_eabi.lib : int08.obj (.int08)

TIMER0_A0 
*          0    0000fff2    00000002     
                  0000fff2    00000002     hal_launchpad.obj (.int09)

WDT        0    0000fff4    00000002     
                  0000fff4    00000002     hal_launchpad.obj (.int10)

COMPARATORA 
*          0    0000fff6    00000002     
                  0000fff6    00000002     rts430_eabi.lib : int11.obj (.int11)

TIMER1_A1 
*          0    0000fff8    00000002     
                  0000fff8    00000002     rts430_eabi.lib : int12.obj (.int12)

TIMER1_A0 
*          0    0000fffa    00000002     
                  0000fffa    00000002     rts430_eabi.lib : int13.obj (.int13)

NMI        0    0000fffc    00000002     
                  0000fffc    00000002     rts430_eabi.lib : int14.obj (.int14)

.reset     0    0000fffe    00000002     
                  0000fffe    00000002     rts430_eabi.lib : boot.obj (.reset)


LINKER GENERATED COPY TABLES

__TI_cinit_table @ 0000db48 records: 2, size/record: 4, table size: 8
	.data: load addr=0000db32, load size=0000000c bytes, run addr=000002c0, run size=00000012 bytes, compression=rle
	.bss: load addr=0000db44, load size=00000004 bytes, run addr=00000200, run size=000000bf bytes, compression=zero_init


LINKER GENERATED HANDLER TABLE

__TI_handler_table @ 0000db3e records: 3, size/record: 2, table size: 6
	index: 0, handler: __TI_zero_init
	index: 1, handler: __TI_decompress_rle24
	index: 2, handler: __TI_decompress_none


GLOBAL SYMBOLS: SORTED ALPHABETICALLY BY Name 

address   name                                    
-------   ----                                    
0000004a  ADC10AE0                                
000001b0  ADC10CTL0                               
000001b2  ADC10CTL1                               
00000048  ADC10DTC0                               
00000049  ADC10DTC1                               
000001b4  ADC10MEM                                
000001bc  ADC10SA                                 
00000057  BCSCTL1                                 
00000058  BCSCTL2                                 
00000053  BCSCTL3                                 
0000d1c8  C$$EXIT                                 
00000059  CACTL1                                  
0000005a  CACTL2                                  
000010fb  CALBC1_12MHZ                            
000010f9  CALBC1_16MHZ                            
000010ff  CALBC1_1MHZ                             
000010fd  CALBC1_8MHZ                             
000010fa  CALDCO_12MHZ                            
000010f8  CALDCO_16MHZ                            
000010fe  CALDCO_1MHZ                             
000010fc  CALDCO_8MHZ                             
0000005b  CAPD                                    
00000056  DCOCTL                                  
0000dae4  DEFAULT_MODULE_CONFIGURATION_COORDINATOR
0000db00  DEFAULT_MODULE_CONFIGURATION_END_DEVICE 
0000daf2  DEFAULT_MODULE_CONFIGURATION_ROUTER     
00000128  FCTL1                                   
0000012a  FCTL2                                   
0000012c  FCTL3                                   
00000000  IE1                                     
00000001  IE2                                     
00000002  IFG1                                    
00000003  IFG2                                    
00000022  P1DIR                                   
00000025  P1IE                                    
00000024  P1IES                                   
00000023  P1IFG                                   
00000020  P1IN                                    
00000021  P1OUT                                   
00000027  P1REN                                   
00000026  P1SEL                                   
00000041  P1SEL2                                  
0000002a  P2DIR                                   
0000002d  P2IE                                    
0000002c  P2IES                                   
0000002b  P2IFG                                   
00000028  P2IN                                    
00000029  P2OUT                                   
0000002f  P2REN                                   
0000002e  P2SEL                                   
00000042  P2SEL2                                  
0000001a  P3DIR                                   
00000018  P3IN                                    
00000019  P3OUT                                   
00000010  P3REN                                   
0000001b  P3SEL                                   
00000043  P3SEL2                                  
0000ccce  PORT1_ISR                               
0000cd32  PORT2_ISR                               
00000172  TA0CCR0                                 
00000174  TA0CCR1                                 
00000176  TA0CCR2                                 
00000162  TA0CCTL0                                
00000164  TA0CCTL1                                
00000166  TA0CCTL2                                
00000160  TA0CTL                                  
0000012e  TA0IV                                   
00000170  TA0R                                    
00000192  TA1CCR0                                 
00000194  TA1CCR1                                 
00000196  TA1CCR2                                 
00000182  TA1CCTL0                                
00000184  TA1CCTL1                                
00000186  TA1CCTL2                                
00000180  TA1CTL                                  
0000011e  TA1IV                                   
00000190  TA1R                                    
000010db  TLV_ADC10_1_LEN                         
000010da  TLV_ADC10_1_TAG                         
000010c0  TLV_CHECKSUM                            
000010f7  TLV_DCO_30_LEN                          
000010f6  TLV_DCO_30_TAG                          
0000cf5c  Timer_A0                                
0000005d  UCA0ABCTL                               
00000062  UCA0BR0                                 
00000063  UCA0BR1                                 
00000060  UCA0CTL0                                
00000061  UCA0CTL1                                
0000005f  UCA0IRRCTL                              
0000005e  UCA0IRTCTL                              
00000064  UCA0MCTL                                
00000066  UCA0RXBUF                               
00000065  UCA0STAT                                
00000067  UCA0TXBUF                               
0000006a  UCB0BR0                                 
0000006b  UCB0BR1                                 
00000068  UCB0CTL0                                
00000069  UCB0CTL1                                
0000006c  UCB0I2CIE                               
00000118  UCB0I2COA                               
0000011a  UCB0I2CSA                               
0000006e  UCB0RXBUF                               
0000006d  UCB0STAT                                
0000006f  UCB0TXBUF                               
0000cf82  USCIAB0RX_ISR                           
00000120  WDTCTL                                  
00000400  __STACK_END                             
00000050  __STACK_SIZE                            
0000db48  __TI_CINIT_Base                         
0000db50  __TI_CINIT_Limit                        
0000db3e  __TI_Handler_Table_Base                 
0000db44  __TI_Handler_Table_Limit                
UNDEFED   __TI_INITARRAY_Base                     
UNDEFED   __TI_INITARRAY_Limit                    
0000d1b8  __TI_ISR_TRAP                           
0000d14a  __TI_decompress_none                    
0000d1be  __TI_decompress_rle24                   
0000ffe4  __TI_int02                              
0000ffe6  __TI_int03                              
0000ffea  __TI_int05                              
0000ffec  __TI_int06                              
0000ffee  __TI_int07                              
0000fff0  __TI_int08                              
0000fff2  __TI_int09                              
0000fff4  __TI_int10                              
0000fff6  __TI_int11                              
0000fff8  __TI_int12                              
0000fffa  __TI_int13                              
0000fffc  __TI_int14                              
0000d10e  __TI_zero_init                          
ffffffff  __binit__                               
ffffffff  __c_args__                              
0000d0f8  __mspabi_divu                           
0000ca26  __mspabi_divul                          
0000d17a  __mspabi_func_epilog_1                  
0000d178  __mspabi_func_epilog_2                  
0000d176  __mspabi_func_epilog_3                  
0000d174  __mspabi_func_epilog_4                  
0000d172  __mspabi_func_epilog_5                  
0000d170  __mspabi_func_epilog_6                  
0000d16e  __mspabi_func_epilog_7                  
0000d136  __mspabi_mpyi                           
0000d136  __mspabi_mpyi_sw                        
0000d0f8  __mspabi_remu                           
0000ca26  __mspabi_remul                          
0000cdec  __mspabi_slli                           
0000ce14  __mspabi_slli_1                         
0000ce02  __mspabi_slli_10                        
0000ce00  __mspabi_slli_11                        
0000cdfe  __mspabi_slli_12                        
0000cdfc  __mspabi_slli_13                        
0000cdfa  __mspabi_slli_14                        
0000cdf8  __mspabi_slli_15                        
0000ce12  __mspabi_slli_2                         
0000ce10  __mspabi_slli_3                         
0000ce0e  __mspabi_slli_4                         
0000ce0c  __mspabi_slli_5                         
0000ce0a  __mspabi_slli_6                         
0000ce08  __mspabi_slli_7                         
0000ce06  __mspabi_slli_8                         
0000ce04  __mspabi_slli_9                         
0000c96a  __mspabi_srll_1                         
0000c934  __mspabi_srll_10                        
0000c92e  __mspabi_srll_11                        
0000c928  __mspabi_srll_12                        
0000c922  __mspabi_srll_13                        
0000c91c  __mspabi_srll_14                        
0000c916  __mspabi_srll_15                        
0000c964  __mspabi_srll_2                         
0000c95e  __mspabi_srll_3                         
0000c958  __mspabi_srll_4                         
0000c952  __mspabi_srll_5                         
0000c94c  __mspabi_srll_6                         
0000c946  __mspabi_srll_7                         
0000c940  __mspabi_srll_8                         
0000c93a  __mspabi_srll_9                         
0000c9ce  _auto_init                              
0000d092  _c_int00_noargs_noexit                  
0000fffe  _reset_vector                           
000003b0  _stack                                  
0000d1c4  _system_pre_init                        
0000d1c8  abort                                   
0000cb72  afRegisterGenericApplication            
0000c58c  afSendData                              
ffffffff  binit                                   
000002b0  buttonIsr                               
0000d18c  clearLeds                               
000002c0  commandline                             
000002d0  commandlinecnt                          
000002b2  debugConsoleIsr                         
0000d0e0  delayMs                                 
0000c40e  displayBasicDeviceInformation           
0000c8b8  displayVersion                          
0000c2ee  expressStartModule                      
0000ce6c  getConfigurationParameter               
0000c77e  getDeviceStateName                      
0000d122  getMessage                              
0000cebc  halInit                                 
0000d0ac  halSpiInitModule                        
0000cee4  halUartInit                             
0000c1aa  handleUARTRX                            
0000c4ce  main                                    
0000d15c  memcpy                                  
0000d1ae  moduleHasMessageWaiting                 
0000d0ac  moduleInit                              
0000cad4  moduleReset                             
000002c9  moduleResult                            
0000cdc0  oscInit                                 
000002d1  parsing_state                           
0000cbba  pollAndDisplay                          
0000cbf2  portInit                                
0000cd00  printHexBytes                           
0000d198  putchar                                 
000002bc  result                                  
0000cc2a  sendMessage                             
0000ca7e  sendSreq                                
0000cfa8  setCallbacks                            
0000cb24  setChannelMask                          
0000cc62  setLed                                  
0000d018  setPanId                                
0000ce18  setPollRate                             
0000d038  setSecurityKey                          
0000c972  setSecurityMode                         
0000cff4  setStartupOptions                       
0000cfce  setZigbeeDeviceType                     
0000d056  spiWrite                                
000002b6  srdyIsr                                 
0000cd62  sysSetTxPower                           
000002b8  sysTickIsr                              
0000c000  tfp_printf                              
000002ba  timerIsr                                
0000cc98  toggleLed                               
000002cc  vloFrequency                            
0000c7ea  waitForMessage                          
000002ca  wakeupFlags                             
0000d0c6  watchdog_timer                          
0000cf34  zbGetDeviceInfo                         
0000cd92  zbWriteConfiguration                    
0000d074  zdoStartApplication                     
00000200  zmBuf                                   
0000d0ac  zm_phy_init                             


GLOBAL SYMBOLS: SORTED BY Symbol Address 

address   name                                    
-------   ----                                    
00000000  IE1                                     
00000001  IE2                                     
00000002  IFG1                                    
00000003  IFG2                                    
00000010  P3REN                                   
00000018  P3IN                                    
00000019  P3OUT                                   
0000001a  P3DIR                                   
0000001b  P3SEL                                   
00000020  P1IN                                    
00000021  P1OUT                                   
00000022  P1DIR                                   
00000023  P1IFG                                   
00000024  P1IES                                   
00000025  P1IE                                    
00000026  P1SEL                                   
00000027  P1REN                                   
00000028  P2IN                                    
00000029  P2OUT                                   
0000002a  P2DIR                                   
0000002b  P2IFG                                   
0000002c  P2IES                                   
0000002d  P2IE                                    
0000002e  P2SEL                                   
0000002f  P2REN                                   
00000041  P1SEL2                                  
00000042  P2SEL2                                  
00000043  P3SEL2                                  
00000048  ADC10DTC0                               
00000049  ADC10DTC1                               
0000004a  ADC10AE0                                
00000050  __STACK_SIZE                            
00000053  BCSCTL3                                 
00000056  DCOCTL                                  
00000057  BCSCTL1                                 
00000058  BCSCTL2                                 
00000059  CACTL1                                  
0000005a  CACTL2                                  
0000005b  CAPD                                    
0000005d  UCA0ABCTL                               
0000005e  UCA0IRTCTL                              
0000005f  UCA0IRRCTL                              
00000060  UCA0CTL0                                
00000061  UCA0CTL1                                
00000062  UCA0BR0                                 
00000063  UCA0BR1                                 
00000064  UCA0MCTL                                
00000065  UCA0STAT                                
00000066  UCA0RXBUF                               
00000067  UCA0TXBUF                               
00000068  UCB0CTL0                                
00000069  UCB0CTL1                                
0000006a  UCB0BR0                                 
0000006b  UCB0BR1                                 
0000006c  UCB0I2CIE                               
0000006d  UCB0STAT                                
0000006e  UCB0RXBUF                               
0000006f  UCB0TXBUF                               
00000118  UCB0I2COA                               
0000011a  UCB0I2CSA                               
0000011e  TA1IV                                   
00000120  WDTCTL                                  
00000128  FCTL1                                   
0000012a  FCTL2                                   
0000012c  FCTL3                                   
0000012e  TA0IV                                   
00000160  TA0CTL                                  
00000162  TA0CCTL0                                
00000164  TA0CCTL1                                
00000166  TA0CCTL2                                
00000170  TA0R                                    
00000172  TA0CCR0                                 
00000174  TA0CCR1                                 
00000176  TA0CCR2                                 
00000180  TA1CTL                                  
00000182  TA1CCTL0                                
00000184  TA1CCTL1                                
00000186  TA1CCTL2                                
00000190  TA1R                                    
00000192  TA1CCR0                                 
00000194  TA1CCR1                                 
00000196  TA1CCR2                                 
000001b0  ADC10CTL0                               
000001b2  ADC10CTL1                               
000001b4  ADC10MEM                                
000001bc  ADC10SA                                 
00000200  zmBuf                                   
000002b0  buttonIsr                               
000002b2  debugConsoleIsr                         
000002b6  srdyIsr                                 
000002b8  sysTickIsr                              
000002ba  timerIsr                                
000002bc  result                                  
000002c0  commandline                             
000002c9  moduleResult                            
000002ca  wakeupFlags                             
000002cc  vloFrequency                            
000002d0  commandlinecnt                          
000002d1  parsing_state                           
000003b0  _stack                                  
00000400  __STACK_END                             
000010c0  TLV_CHECKSUM                            
000010da  TLV_ADC10_1_TAG                         
000010db  TLV_ADC10_1_LEN                         
000010f6  TLV_DCO_30_TAG                          
000010f7  TLV_DCO_30_LEN                          
000010f8  CALDCO_16MHZ                            
000010f9  CALBC1_16MHZ                            
000010fa  CALDCO_12MHZ                            
000010fb  CALBC1_12MHZ                            
000010fc  CALDCO_8MHZ                             
000010fd  CALBC1_8MHZ                             
000010fe  CALDCO_1MHZ                             
000010ff  CALBC1_1MHZ                             
0000c000  tfp_printf                              
0000c1aa  handleUARTRX                            
0000c2ee  expressStartModule                      
0000c40e  displayBasicDeviceInformation           
0000c4ce  main                                    
0000c58c  afSendData                              
0000c77e  getDeviceStateName                      
0000c7ea  waitForMessage                          
0000c8b8  displayVersion                          
0000c916  __mspabi_srll_15                        
0000c91c  __mspabi_srll_14                        
0000c922  __mspabi_srll_13                        
0000c928  __mspabi_srll_12                        
0000c92e  __mspabi_srll_11                        
0000c934  __mspabi_srll_10                        
0000c93a  __mspabi_srll_9                         
0000c940  __mspabi_srll_8                         
0000c946  __mspabi_srll_7                         
0000c94c  __mspabi_srll_6                         
0000c952  __mspabi_srll_5                         
0000c958  __mspabi_srll_4                         
0000c95e  __mspabi_srll_3                         
0000c964  __mspabi_srll_2                         
0000c96a  __mspabi_srll_1                         
0000c972  setSecurityMode                         
0000c9ce  _auto_init                              
0000ca26  __mspabi_divul                          
0000ca26  __mspabi_remul                          
0000ca7e  sendSreq                                
0000cad4  moduleReset                             
0000cb24  setChannelMask                          
0000cb72  afRegisterGenericApplication            
0000cbba  pollAndDisplay                          
0000cbf2  portInit                                
0000cc2a  sendMessage                             
0000cc62  setLed                                  
0000cc98  toggleLed                               
0000ccce  PORT1_ISR                               
0000cd00  printHexBytes                           
0000cd32  PORT2_ISR                               
0000cd62  sysSetTxPower                           
0000cd92  zbWriteConfiguration                    
0000cdc0  oscInit                                 
0000cdec  __mspabi_slli                           
0000cdf8  __mspabi_slli_15                        
0000cdfa  __mspabi_slli_14                        
0000cdfc  __mspabi_slli_13                        
0000cdfe  __mspabi_slli_12                        
0000ce00  __mspabi_slli_11                        
0000ce02  __mspabi_slli_10                        
0000ce04  __mspabi_slli_9                         
0000ce06  __mspabi_slli_8                         
0000ce08  __mspabi_slli_7                         
0000ce0a  __mspabi_slli_6                         
0000ce0c  __mspabi_slli_5                         
0000ce0e  __mspabi_slli_4                         
0000ce10  __mspabi_slli_3                         
0000ce12  __mspabi_slli_2                         
0000ce14  __mspabi_slli_1                         
0000ce18  setPollRate                             
0000ce6c  getConfigurationParameter               
0000cebc  halInit                                 
0000cee4  halUartInit                             
0000cf34  zbGetDeviceInfo                         
0000cf5c  Timer_A0                                
0000cf82  USCIAB0RX_ISR                           
0000cfa8  setCallbacks                            
0000cfce  setZigbeeDeviceType                     
0000cff4  setStartupOptions                       
0000d018  setPanId                                
0000d038  setSecurityKey                          
0000d056  spiWrite                                
0000d074  zdoStartApplication                     
0000d092  _c_int00_noargs_noexit                  
0000d0ac  halSpiInitModule                        
0000d0ac  moduleInit                              
0000d0ac  zm_phy_init                             
0000d0c6  watchdog_timer                          
0000d0e0  delayMs                                 
0000d0f8  __mspabi_divu                           
0000d0f8  __mspabi_remu                           
0000d10e  __TI_zero_init                          
0000d122  getMessage                              
0000d136  __mspabi_mpyi                           
0000d136  __mspabi_mpyi_sw                        
0000d14a  __TI_decompress_none                    
0000d15c  memcpy                                  
0000d16e  __mspabi_func_epilog_7                  
0000d170  __mspabi_func_epilog_6                  
0000d172  __mspabi_func_epilog_5                  
0000d174  __mspabi_func_epilog_4                  
0000d176  __mspabi_func_epilog_3                  
0000d178  __mspabi_func_epilog_2                  
0000d17a  __mspabi_func_epilog_1                  
0000d18c  clearLeds                               
0000d198  putchar                                 
0000d1ae  moduleHasMessageWaiting                 
0000d1b8  __TI_ISR_TRAP                           
0000d1be  __TI_decompress_rle24                   
0000d1c4  _system_pre_init                        
0000d1c8  C$$EXIT                                 
0000d1c8  abort                                   
0000dae4  DEFAULT_MODULE_CONFIGURATION_COORDINATOR
0000daf2  DEFAULT_MODULE_CONFIGURATION_ROUTER     
0000db00  DEFAULT_MODULE_CONFIGURATION_END_DEVICE 
0000db3e  __TI_Handler_Table_Base                 
0000db44  __TI_Handler_Table_Limit                
0000db48  __TI_CINIT_Base                         
0000db50  __TI_CINIT_Limit                        
0000ffe4  __TI_int02                              
0000ffe6  __TI_int03                              
0000ffea  __TI_int05                              
0000ffec  __TI_int06                              
0000ffee  __TI_int07                              
0000fff0  __TI_int08                              
0000fff2  __TI_int09                              
0000fff4  __TI_int10                              
0000fff6  __TI_int11                              
0000fff8  __TI_int12                              
0000fffa  __TI_int13                              
0000fffc  __TI_int14                              
0000fffe  _reset_vector                           
ffffffff  __binit__                               
ffffffff  __c_args__                              
ffffffff  binit                                   
UNDEFED   __TI_INITARRAY_Base                     
UNDEFED   __TI_INITARRAY_Limit                    

[241 symbols]
