******************************************************************************
                  MSP430 Linker PC v4.4.5                      
******************************************************************************
>> Linked Tue Jan 19 09:28:37 2016

OUTPUT FILE NAME:   <Basic Comms - Router - SAPI.out>
ENTRY POINT SYMBOL: "_c_int00_noargs_noexit"  address: 0000cc28


MEMORY CONFIGURATION

         name            origin    length      used     unused   attr    fill
----------------------  --------  ---------  --------  --------  ----  --------
  SFR                   00000000   00000010  00000000  00000010  RWIX
  PERIPHERALS_8BIT      00000010   000000f0  00000000  000000f0  RWIX
  PERIPHERALS_16BIT     00000100   00000100  00000000  00000100  RWIX
  RAM                   00000200   00000200  00000115  000000eb  RWIX
  INFOD                 00001000   00000040  00000000  00000040  RWIX
  INFOC                 00001040   00000040  00000000  00000040  RWIX
  INFOB                 00001080   00000040  00000000  00000040  RWIX
  INFOA                 000010c0   00000040  00000000  00000040  RWIX
  FLASH                 0000c000   00003fe0  00001669  00002977  RWIX
  INT00                 0000ffe0   00000002  00000000  00000002  RWIX
  INT01                 0000ffe2   00000002  00000000  00000002  RWIX
  INT02                 0000ffe4   00000002  00000002  00000000  RWIX
  INT03                 0000ffe6   00000002  00000002  00000000  RWIX
  INT04                 0000ffe8   00000002  00000000  00000002  RWIX
  INT05                 0000ffea   00000002  00000002  00000000  RWIX
  INT06                 0000ffec   00000002  00000002  00000000  RWIX
  INT07                 0000ffee   00000002  00000002  00000000  RWIX
  INT08                 0000fff0   00000002  00000002  00000000  RWIX
  INT09                 0000fff2   00000002  00000002  00000000  RWIX
  INT10                 0000fff4   00000002  00000002  00000000  RWIX
  INT11                 0000fff6   00000002  00000002  00000000  RWIX
  INT12                 0000fff8   00000002  00000002  00000000  RWIX
  INT13                 0000fffa   00000002  00000002  00000000  RWIX
  INT14                 0000fffc   00000002  00000002  00000000  RWIX
  RESET                 0000fffe   00000002  00000002  00000000  RWIX


SECTION ALLOCATION MAP

 output                                  attributes/
section   page    origin      length       input sections
--------  ----  ----------  ----------   ----------------
.bss       0    00000200    000000bf     UNINITIALIZED
                  00000200    000000a2     (.common:zmBuf)
                  000002a2    0000000c     (.common:buf)
                  000002ae    00000002     (.common:bf)
                  000002b0    00000002     (.common:buttonIsr)
                  000002b2    00000002     (.common:debugConsoleIsr)
                  000002b4    00000002     (.common:num)
                  000002b6    00000002     (.common:srdyIsr)
                  000002b8    00000002     (.common:sysTickIsr)
                  000002ba    00000002     (.common:timerIsr)
                  000002bc    00000001     (.common:result)
                  000002bd    00000001     (.common:uc)
                  000002be    00000001     (.common:zs)

.data      0    000002c0    00000006     UNINITIALIZED
                  000002c0    00000004     hal_launchpad.obj (.data)
                  000002c4    00000001     module_errors.obj (.data)
                  000002c5    00000001     simple_api.obj (.data)

.stack     0    000003b0    00000050     UNINITIALIZED
                  000003b0    00000002     rts430_eabi.lib : boot.obj (.stack)
                  000003b2    0000004e     --HOLE--

.text      0    0000c000    00000d4c     
                  0000c000    000001aa     printf.obj (.text:tfp_printf)
                  0000c1aa    000000e8     example_basic_comms_router_sapi.obj (.text:main)
                  0000c292    000000ca     simple_api.obj (.text:sapiSendData)
                  0000c35c    000000c0     module.obj (.text:displayBasicDeviceInformation)
                  0000c41c    0000009e     simple_api.obj (.text:setModuleRfPower)
                  0000c4ba    00000088     simple_api.obj (.text:sapiStartModule)
                  0000c542    0000006a     module.obj (.text:waitForMessage)
                  0000c5ac    00000064     rts430_eabi.lib : copy_decompress_rle.obj (.text:__TI_decompress_rle_core)
                  0000c610    0000005e     hal_launchpad.obj (.text:displayVersion)
                  0000c66e    0000005c     rts430_eabi.lib : lsr32.obj (.text:l_lsr_const)
                  0000c6ca    00000058                     : autoinit.obj (.text:_auto_init)
                  0000c722    00000056     zm_phy_spi.obj (.text:sendSreq)
                  0000c778    00000050     module.obj (.text:moduleReset)
                  0000c7c8    0000004e     module.obj (.text:setChannelMask)
                  0000c816    0000004a     simple_api.obj (.text:sapiRegisterGenericApplication)
                  0000c860    00000046     simple_api.obj (.text:sapiStartApplication)
                  0000c8a6    00000038     module_example_utils.obj (.text:pollAndDisplay)
                  0000c8de    00000038     hal_launchpad.obj (.text:portInit)
                  0000c916    00000038     zm_phy_spi.obj (.text:sendMessage)
                  0000c94e    00000036     hal_launchpad.obj (.text:setLed)
                  0000c984    00000036     hal_launchpad.obj (.text:toggleLed)
                  0000c9ba    00000032     hal_launchpad.obj (.text:PORT1_ISR)
                  0000c9ec    00000032     utilities.obj (.text:printHexBytes)
                  0000ca1e    00000030     hal_launchpad.obj (.text:PORT2_ISR)
                  0000ca4e    00000030     module.obj (.text:sysSetTxPower)
                  0000ca7e    0000002e     module.obj (.text:zbWriteConfiguration)
                  0000caac    0000002c     hal_launchpad.obj (.text:oscInit)
                  0000cad8    00000028     printf.obj (.text:divOut)
                  0000cb00    00000028     printf.obj (.text:outDgt)
                  0000cb28    00000028     module.obj (.text:zbGetDeviceInfo)
                  0000cb50    00000026     hal_launchpad.obj (.text:Timer_A0)
                  0000cb76    00000026     hal_launchpad.obj (.text:USCIAB0RX_ISR)
                  0000cb9c    00000026     module.obj (.text:setZigbeeDeviceType)
                  0000cbc2    00000024     hal_launchpad.obj (.text:halInit)
                  0000cbe6    00000024     module.obj (.text:setStartupOptions)
                  0000cc0a    0000001e     hal_launchpad.obj (.text:spiWrite)
                  0000cc28    0000001a     rts430_eabi.lib : boot_special.obj (.text:_c_int00_noargs_noexit)
                  0000cc42    0000001a     hal_launchpad.obj (.text:halSpiInitModule)
                  0000cc5c    0000001a     hal_launchpad.obj (.text:watchdog_timer)
                  0000cc76    00000018     hal_launchpad.obj (.text:delayMs)
                  0000cc8e    00000014     rts430_eabi.lib : copy_zero_init.obj (.text:decompress:ZI:__TI_zero_init)
                  0000cca2    00000014     zm_phy_spi.obj (.text:getMessage)
                  0000ccb6    00000014     rts430_eabi.lib : mult16.obj (.text)
                  0000ccca    00000012                     : copy_decompress_none.obj (.text:decompress:none:__TI_decompress_none)
                  0000ccdc    00000012                     : memcpy.obj (.text:memcpy)
                  0000ccee    00000010                     : epilog.obj (.text)
                  0000ccfe    0000000e     printf.obj (.text:out)
                  0000cd0c    0000000c     hal_launchpad.obj (.text:clearLeds)
                  0000cd18    0000000c     hal_launchpad.obj (.text:putchar)
                  0000cd24    0000000a     hal_launchpad.obj (.text:doNothing)
                  0000cd2e    0000000a     zm_phy_spi.obj (.text:moduleHasMessageWaiting)
                  0000cd38    00000006     rts430_eabi.lib : isr_trap.obj (.text:_isr:__TI_ISR_TRAP)
                  0000cd3e    00000006                     : copy_decompress_rle.obj (.text:decompress:rle24:__TI_decompress_rle24)
                  0000cd44    00000004                     : pre_init.obj (.text:_system_pre_init)
                  0000cd48    00000004                     : exit.obj (.text:abort)

.const     0    0000cd4c    00000901     
                  0000cd4c    0000052e     module.obj (.const:.string)
                  0000d27a    00000204     simple_api.obj (.const:.string)
                  0000d47e    000000fe     example_basic_comms_router_sapi.obj (.const:.string)
                  0000d57c    0000007c     hal_launchpad.obj (.const:.string)
                  0000d5f8    00000032     module_example_utils.obj (.const:.string)
                  0000d62a    00000018     utilities.obj (.const:.string)
                  0000d642    00000005     example_basic_comms_router_sapi.obj (.const:.string:$P$T0$1)
                  0000d647    00000001     --HOLE-- [fill = 0]
                  0000d648    00000005     simple_api.obj (.const:.string:$P$T0$1)

.cinit     0    0000d64e    0000001c     
                  0000d64e    00000009     (.cinit..data.load) [load image, compression = rle]
                  0000d657    00000001     --HOLE-- [fill = 0]
                  0000d658    00000006     (__TI_handler_table)
                  0000d65e    00000004     (.cinit..bss.load) [load image, compression = zero_init]
                  0000d662    00000008     (__TI_cinit_table)

.init_array 
*          0    0000c000    00000000     UNINITIALIZED

.TI.noinit 
*          0    00000200    00000000     UNINITIALIZED

.TI.persistent 
*          0    000002c0    00000000     UNINITIALIZED

PORT1      0    0000ffe4    00000002     
                  0000ffe4    00000002     hal_launchpad.obj (.int02)

PORT2      0    0000ffe6    00000002     
                  0000ffe6    00000002     hal_launchpad.obj (.int03)

ADC10      0    0000ffea    00000002     
                  0000ffea    00000002     rts430_eabi.lib : int05.obj (.int05)

USCIAB0TX 
*          0    0000ffec    00000002     
                  0000ffec    00000002     rts430_eabi.lib : int06.obj (.int06)

USCIAB0RX 
*          0    0000ffee    00000002     
                  0000ffee    00000002     hal_launchpad.obj (.int07)

TIMER0_A1 
*          0    0000fff0    00000002     
                  0000fff0    00000002     rts430_eabi.lib : int08.obj (.int08)

TIMER0_A0 
*          0    0000fff2    00000002     
                  0000fff2    00000002     hal_launchpad.obj (.int09)

WDT        0    0000fff4    00000002     
                  0000fff4    00000002     hal_launchpad.obj (.int10)

COMPARATORA 
*          0    0000fff6    00000002     
                  0000fff6    00000002     rts430_eabi.lib : int11.obj (.int11)

TIMER1_A1 
*          0    0000fff8    00000002     
                  0000fff8    00000002     rts430_eabi.lib : int12.obj (.int12)

TIMER1_A0 
*          0    0000fffa    00000002     
                  0000fffa    00000002     rts430_eabi.lib : int13.obj (.int13)

NMI        0    0000fffc    00000002     
                  0000fffc    00000002     rts430_eabi.lib : int14.obj (.int14)

.reset     0    0000fffe    00000002     
                  0000fffe    00000002     rts430_eabi.lib : boot.obj (.reset)


LINKER GENERATED COPY TABLES

__TI_cinit_table @ 0000d662 records: 2, size/record: 4, table size: 8
	.data: load addr=0000d64e, load size=00000009 bytes, run addr=000002c0, run size=00000006 bytes, compression=rle
	.bss: load addr=0000d65e, load size=00000004 bytes, run addr=00000200, run size=000000bf bytes, compression=zero_init


LINKER GENERATED HANDLER TABLE

__TI_handler_table @ 0000d658 records: 3, size/record: 2, table size: 6
	index: 0, handler: __TI_zero_init
	index: 1, handler: __TI_decompress_rle24
	index: 2, handler: __TI_decompress_none


GLOBAL SYMBOLS: SORTED ALPHABETICALLY BY Name 

address   name                          
-------   ----                          
0000004a  ADC10AE0                      
000001b0  ADC10CTL0                     
000001b2  ADC10CTL1                     
00000048  ADC10DTC0                     
00000049  ADC10DTC1                     
000001b4  ADC10MEM                      
000001bc  ADC10SA                       
00000057  BCSCTL1                       
00000058  BCSCTL2                       
00000053  BCSCTL3                       
0000cd48  C$$EXIT                       
00000059  CACTL1                        
0000005a  CACTL2                        
000010fb  CALBC1_12MHZ                  
000010f9  CALBC1_16MHZ                  
000010ff  CALBC1_1MHZ                   
000010fd  CALBC1_8MHZ                   
000010fa  CALDCO_12MHZ                  
000010f8  CALDCO_16MHZ                  
000010fe  CALDCO_1MHZ                   
000010fc  CALDCO_8MHZ                   
0000005b  CAPD                          
00000056  DCOCTL                        
00000128  FCTL1                         
0000012a  FCTL2                         
0000012c  FCTL3                         
00000000  IE1                           
00000001  IE2                           
00000002  IFG1                          
00000003  IFG2                          
00000022  P1DIR                         
00000025  P1IE                          
00000024  P1IES                         
00000023  P1IFG                         
00000020  P1IN                          
00000021  P1OUT                         
00000027  P1REN                         
00000026  P1SEL                         
00000041  P1SEL2                        
0000002a  P2DIR                         
0000002d  P2IE                          
0000002c  P2IES                         
0000002b  P2IFG                         
00000028  P2IN                          
00000029  P2OUT                         
0000002f  P2REN                         
0000002e  P2SEL                         
00000042  P2SEL2                        
0000001a  P3DIR                         
00000018  P3IN                          
00000019  P3OUT                         
00000010  P3REN                         
0000001b  P3SEL                         
00000043  P3SEL2                        
0000c9ba  PORT1_ISR                     
0000ca1e  PORT2_ISR                     
00000172  TA0CCR0                       
00000174  TA0CCR1                       
00000176  TA0CCR2                       
00000162  TA0CCTL0                      
00000164  TA0CCTL1                      
00000166  TA0CCTL2                      
00000160  TA0CTL                        
0000012e  TA0IV                         
00000170  TA0R                          
00000192  TA1CCR0                       
00000194  TA1CCR1                       
00000196  TA1CCR2                       
00000182  TA1CCTL0                      
00000184  TA1CCTL1                      
00000186  TA1CCTL2                      
00000180  TA1CTL                        
0000011e  TA1IV                         
00000190  TA1R                          
000010db  TLV_ADC10_1_LEN               
000010da  TLV_ADC10_1_TAG               
000010c0  TLV_CHECKSUM                  
000010f7  TLV_DCO_30_LEN                
000010f6  TLV_DCO_30_TAG                
0000cb50  Timer_A0                      
0000005d  UCA0ABCTL                     
00000062  UCA0BR0                       
00000063  UCA0BR1                       
00000060  UCA0CTL0                      
00000061  UCA0CTL1                      
0000005f  UCA0IRRCTL                    
0000005e  UCA0IRTCTL                    
00000064  UCA0MCTL                      
00000066  UCA0RXBUF                     
00000065  UCA0STAT                      
00000067  UCA0TXBUF                     
0000006a  UCB0BR0                       
0000006b  UCB0BR1                       
00000068  UCB0CTL0                      
00000069  UCB0CTL1                      
0000006c  UCB0I2CIE                     
00000118  UCB0I2COA                     
0000011a  UCB0I2CSA                     
0000006e  UCB0RXBUF                     
0000006d  UCB0STAT                      
0000006f  UCB0TXBUF                     
0000cb76  USCIAB0RX_ISR                 
00000120  WDTCTL                        
00000400  __STACK_END                   
00000050  __STACK_SIZE                  
0000d662  __TI_CINIT_Base               
0000d66a  __TI_CINIT_Limit              
0000d658  __TI_Handler_Table_Base       
0000d65e  __TI_Handler_Table_Limit      
UNDEFED   __TI_INITARRAY_Base           
UNDEFED   __TI_INITARRAY_Limit          
0000cd38  __TI_ISR_TRAP                 
0000ccca  __TI_decompress_none          
0000cd3e  __TI_decompress_rle24         
0000ffe4  __TI_int02                    
0000ffe6  __TI_int03                    
0000ffea  __TI_int05                    
0000ffec  __TI_int06                    
0000ffee  __TI_int07                    
0000fff0  __TI_int08                    
0000fff2  __TI_int09                    
0000fff4  __TI_int10                    
0000fff6  __TI_int11                    
0000fff8  __TI_int12                    
0000fffa  __TI_int13                    
0000fffc  __TI_int14                    
0000cc8e  __TI_zero_init                
ffffffff  __binit__                     
ffffffff  __c_args__                    
0000ccfa  __mspabi_func_epilog_1        
0000ccf8  __mspabi_func_epilog_2        
0000ccf6  __mspabi_func_epilog_3        
0000ccf4  __mspabi_func_epilog_4        
0000ccf2  __mspabi_func_epilog_5        
0000ccf0  __mspabi_func_epilog_6        
0000ccee  __mspabi_func_epilog_7        
0000ccb6  __mspabi_mpyi                 
0000ccb6  __mspabi_mpyi_sw              
0000c6c2  __mspabi_srll_1               
0000c68c  __mspabi_srll_10              
0000c686  __mspabi_srll_11              
0000c680  __mspabi_srll_12              
0000c67a  __mspabi_srll_13              
0000c674  __mspabi_srll_14              
0000c66e  __mspabi_srll_15              
0000c6bc  __mspabi_srll_2               
0000c6b6  __mspabi_srll_3               
0000c6b0  __mspabi_srll_4               
0000c6aa  __mspabi_srll_5               
0000c6a4  __mspabi_srll_6               
0000c69e  __mspabi_srll_7               
0000c698  __mspabi_srll_8               
0000c692  __mspabi_srll_9               
0000c6ca  _auto_init                    
0000cc28  _c_int00_noargs_noexit        
0000fffe  _reset_vector                 
000003b0  _stack                        
0000cd44  _system_pre_init              
0000cd48  abort                         
ffffffff  binit                         
000002b0  buttonIsr                     
0000cd0c  clearLeds                     
000002b2  debugConsoleIsr               
0000cc76  delayMs                       
0000c35c  displayBasicDeviceInformation 
0000c610  displayVersion                
0000cca2  getMessage                    
0000cbc2  halInit                       
0000cc42  halSpiInitModule              
0000c1aa  main                          
0000ccdc  memcpy                        
0000cd2e  moduleHasMessageWaiting       
0000cc42  moduleInit                    
0000c778  moduleReset                   
000002c4  moduleResult                  
0000caac  oscInit                       
0000c8a6  pollAndDisplay                
0000c8de  portInit                      
0000c9ec  printHexBytes                 
0000cd18  putchar                       
000002bc  result                        
0000c816  sapiRegisterGenericApplication
0000c292  sapiSendData                  
0000c860  sapiStartApplication          
0000c4ba  sapiStartModule               
0000c916  sendMessage                   
0000c722  sendSreq                      
000002c5  sequenceNumber                
0000c7c8  setChannelMask                
0000c94e  setLed                        
0000cbe6  setStartupOptions             
0000cb9c  setZigbeeDeviceType           
0000cc0a  spiWrite                      
000002b6  srdyIsr                       
0000ca4e  sysSetTxPower                 
000002b8  sysTickIsr                    
0000c000  tfp_printf                    
000002ba  timerIsr                      
0000c984  toggleLed                     
000002c2  vloFrequency                  
0000c542  waitForMessage                
000002c0  wakeupFlags                   
0000cc5c  watchdog_timer                
0000cb28  zbGetDeviceInfo               
0000ca7e  zbWriteConfiguration          
00000200  zmBuf                         
0000cc42  zm_phy_init                   


GLOBAL SYMBOLS: SORTED BY Symbol Address 

address   name                          
-------   ----                          
00000000  IE1                           
00000001  IE2                           
00000002  IFG1                          
00000003  IFG2                          
00000010  P3REN                         
00000018  P3IN                          
00000019  P3OUT                         
0000001a  P3DIR                         
0000001b  P3SEL                         
00000020  P1IN                          
00000021  P1OUT                         
00000022  P1DIR                         
00000023  P1IFG                         
00000024  P1IES                         
00000025  P1IE                          
00000026  P1SEL                         
00000027  P1REN                         
00000028  P2IN                          
00000029  P2OUT                         
0000002a  P2DIR                         
0000002b  P2IFG                         
0000002c  P2IES                         
0000002d  P2IE                          
0000002e  P2SEL                         
0000002f  P2REN                         
00000041  P1SEL2                        
00000042  P2SEL2                        
00000043  P3SEL2                        
00000048  ADC10DTC0                     
00000049  ADC10DTC1                     
0000004a  ADC10AE0                      
00000050  __STACK_SIZE                  
00000053  BCSCTL3                       
00000056  DCOCTL                        
00000057  BCSCTL1                       
00000058  BCSCTL2                       
00000059  CACTL1                        
0000005a  CACTL2                        
0000005b  CAPD                          
0000005d  UCA0ABCTL                     
0000005e  UCA0IRTCTL                    
0000005f  UCA0IRRCTL                    
00000060  UCA0CTL0                      
00000061  UCA0CTL1                      
00000062  UCA0BR0                       
00000063  UCA0BR1                       
00000064  UCA0MCTL                      
00000065  UCA0STAT                      
00000066  UCA0RXBUF                     
00000067  UCA0TXBUF                     
00000068  UCB0CTL0                      
00000069  UCB0CTL1                      
0000006a  UCB0BR0                       
0000006b  UCB0BR1                       
0000006c  UCB0I2CIE                     
0000006d  UCB0STAT                      
0000006e  UCB0RXBUF                     
0000006f  UCB0TXBUF                     
00000118  UCB0I2COA                     
0000011a  UCB0I2CSA                     
0000011e  TA1IV                         
00000120  WDTCTL                        
00000128  FCTL1                         
0000012a  FCTL2                         
0000012c  FCTL3                         
0000012e  TA0IV                         
00000160  TA0CTL                        
00000162  TA0CCTL0                      
00000164  TA0CCTL1                      
00000166  TA0CCTL2                      
00000170  TA0R                          
00000172  TA0CCR0                       
00000174  TA0CCR1                       
00000176  TA0CCR2                       
00000180  TA1CTL                        
00000182  TA1CCTL0                      
00000184  TA1CCTL1                      
00000186  TA1CCTL2                      
00000190  TA1R                          
00000192  TA1CCR0                       
00000194  TA1CCR1                       
00000196  TA1CCR2                       
000001b0  ADC10CTL0                     
000001b2  ADC10CTL1                     
000001b4  ADC10MEM                      
000001bc  ADC10SA                       
00000200  zmBuf                         
000002b0  buttonIsr                     
000002b2  debugConsoleIsr               
000002b6  srdyIsr                       
000002b8  sysTickIsr                    
000002ba  timerIsr                      
000002bc  result                        
000002c0  wakeupFlags                   
000002c2  vloFrequency                  
000002c4  moduleResult                  
000002c5  sequenceNumber                
000003b0  _stack                        
00000400  __STACK_END                   
000010c0  TLV_CHECKSUM                  
000010da  TLV_ADC10_1_TAG               
000010db  TLV_ADC10_1_LEN               
000010f6  TLV_DCO_30_TAG                
000010f7  TLV_DCO_30_LEN                
000010f8  CALDCO_16MHZ                  
000010f9  CALBC1_16MHZ                  
000010fa  CALDCO_12MHZ                  
000010fb  CALBC1_12MHZ                  
000010fc  CALDCO_8MHZ                   
000010fd  CALBC1_8MHZ                   
000010fe  CALDCO_1MHZ                   
000010ff  CALBC1_1MHZ                   
0000c000  tfp_printf                    
0000c1aa  main                          
0000c292  sapiSendData                  
0000c35c  displayBasicDeviceInformation 
0000c4ba  sapiStartModule               
0000c542  waitForMessage                
0000c610  displayVersion                
0000c66e  __mspabi_srll_15              
0000c674  __mspabi_srll_14              
0000c67a  __mspabi_srll_13              
0000c680  __mspabi_srll_12              
0000c686  __mspabi_srll_11              
0000c68c  __mspabi_srll_10              
0000c692  __mspabi_srll_9               
0000c698  __mspabi_srll_8               
0000c69e  __mspabi_srll_7               
0000c6a4  __mspabi_srll_6               
0000c6aa  __mspabi_srll_5               
0000c6b0  __mspabi_srll_4               
0000c6b6  __mspabi_srll_3               
0000c6bc  __mspabi_srll_2               
0000c6c2  __mspabi_srll_1               
0000c6ca  _auto_init                    
0000c722  sendSreq                      
0000c778  moduleReset                   
0000c7c8  setChannelMask                
0000c816  sapiRegisterGenericApplication
0000c860  sapiStartApplication          
0000c8a6  pollAndDisplay                
0000c8de  portInit                      
0000c916  sendMessage                   
0000c94e  setLed                        
0000c984  toggleLed                     
0000c9ba  PORT1_ISR                     
0000c9ec  printHexBytes                 
0000ca1e  PORT2_ISR                     
0000ca4e  sysSetTxPower                 
0000ca7e  zbWriteConfiguration          
0000caac  oscInit                       
0000cb28  zbGetDeviceInfo               
0000cb50  Timer_A0                      
0000cb76  USCIAB0RX_ISR                 
0000cb9c  setZigbeeDeviceType           
0000cbc2  halInit                       
0000cbe6  setStartupOptions             
0000cc0a  spiWrite                      
0000cc28  _c_int00_noargs_noexit        
0000cc42  halSpiInitModule              
0000cc42  moduleInit                    
0000cc42  zm_phy_init                   
0000cc5c  watchdog_timer                
0000cc76  delayMs                       
0000cc8e  __TI_zero_init                
0000cca2  getMessage                    
0000ccb6  __mspabi_mpyi                 
0000ccb6  __mspabi_mpyi_sw              
0000ccca  __TI_decompress_none          
0000ccdc  memcpy                        
0000ccee  __mspabi_func_epilog_7        
0000ccf0  __mspabi_func_epilog_6        
0000ccf2  __mspabi_func_epilog_5        
0000ccf4  __mspabi_func_epilog_4        
0000ccf6  __mspabi_func_epilog_3        
0000ccf8  __mspabi_func_epilog_2        
0000ccfa  __mspabi_func_epilog_1        
0000cd0c  clearLeds                     
0000cd18  putchar                       
0000cd2e  moduleHasMessageWaiting       
0000cd38  __TI_ISR_TRAP                 
0000cd3e  __TI_decompress_rle24         
0000cd44  _system_pre_init              
0000cd48  C$$EXIT                       
0000cd48  abort                         
0000d658  __TI_Handler_Table_Base       
0000d65e  __TI_Handler_Table_Limit      
0000d662  __TI_CINIT_Base               
0000d66a  __TI_CINIT_Limit              
0000ffe4  __TI_int02                    
0000ffe6  __TI_int03                    
0000ffea  __TI_int05                    
0000ffec  __TI_int06                    
0000ffee  __TI_int07                    
0000fff0  __TI_int08                    
0000fff2  __TI_int09                    
0000fff4  __TI_int10                    
0000fff6  __TI_int11                    
0000fff8  __TI_int12                    
0000fffa  __TI_int13                    
0000fffc  __TI_int14                    
0000fffe  _reset_vector                 
ffffffff  __binit__                     
ffffffff  __c_args__                    
ffffffff  binit                         
UNDEFED   __TI_INITARRAY_Base           
UNDEFED   __TI_INITARRAY_Limit          

[207 symbols]
