******************************************************************************
                  MSP430 Linker PC v4.4.5                      
******************************************************************************
>> Linked Tue Jan 19 09:17:12 2016

OUTPUT FILE NAME:   <Simple Application - Router.out>
ENTRY POINT SYMBOL: "_c_int00_noargs_noexit"  address: 0000dc04


MEMORY CONFIGURATION

         name            origin    length      used     unused   attr    fill
----------------------  --------  ---------  --------  --------  ----  --------
  SFR                   00000000   00000010  00000000  00000010  RWIX
  PERIPHERALS_8BIT      00000010   000000f0  00000000  000000f0  RWIX
  PERIPHERALS_16BIT     00000100   00000100  00000000  00000100  RWIX
  RAM                   00000200   00000200  000001e0  00000020  RWIX
  INFOD                 00001000   00000040  00000000  00000040  RWIX
  INFOC                 00001040   00000040  00000000  00000040  RWIX
  INFOB                 00001080   00000040  00000000  00000040  RWIX
  INFOA                 000010c0   00000040  00000000  00000040  RWIX
  FLASH                 0000c000   00003fe0  00002907  000016d9  RWIX
  INT00                 0000ffe0   00000002  00000000  00000002  RWIX
  INT01                 0000ffe2   00000002  00000000  00000002  RWIX
  INT02                 0000ffe4   00000002  00000002  00000000  RWIX
  INT03                 0000ffe6   00000002  00000002  00000000  RWIX
  INT04                 0000ffe8   00000002  00000000  00000002  RWIX
  INT05                 0000ffea   00000002  00000002  00000000  RWIX
  INT06                 0000ffec   00000002  00000002  00000000  RWIX
  INT07                 0000ffee   00000002  00000002  00000000  RWIX
  INT08                 0000fff0   00000002  00000002  00000000  RWIX
  INT09                 0000fff2   00000002  00000002  00000000  RWIX
  INT10                 0000fff4   00000002  00000002  00000000  RWIX
  INT11                 0000fff6   00000002  00000002  00000000  RWIX
  INT12                 0000fff8   00000002  00000002  00000000  RWIX
  INT13                 0000fffa   00000002  00000002  00000000  RWIX
  INT14                 0000fffc   00000002  00000002  00000000  RWIX
  RESET                 0000fffe   00000002  00000002  00000000  RWIX


SECTION ALLOCATION MAP

 output                                  attributes/
section   page    origin      length       input sections
--------  ----  ----------  ----------   ----------------
.bss       0    00000200    000000dc     UNINITIALIZED
                  00000200    000000a2     zm_phy_spi.obj (.bss)
                  000002a2    00000016     example_simple_application_router_afzdo.obj (.bss)
                  000002b8    00000012     printf.obj (.bss)
                  000002ca    0000000e     hal_launchpad.obj (.bss)
                  000002d8    00000002     af.obj (.bss)
                  000002da    00000001     hal_bit_bang_i2c.obj (.bss)
                  000002db    00000001     module_errors.obj (.bss)

.data      0    00000200    00000000     UNINITIALIZED

.stack     0    000002fc    00000104     UNINITIALIZED
                  000002fc    00000002     rts430.lib : boot.obj (.stack)
                  000002fe    00000102     --HOLE--

.text      0    0000c000    00001cca     
                  0000c000    00000510     example_simple_application_router_afzdo.obj (.text:stateMachine)
                  0000c510    000002ba     module_utilities.obj (.text:displayMessage)
                  0000c7ca    000001c2     printf.obj (.text:tfp_printf)
                  0000c98c    00000166     module.obj (.text:displayDeviceInformation)
                  0000caf2    00000122     module_utilities.obj (.text:startModule)
                  0000cc14    0000010c     example_simple_application_router_afzdo.obj (.text:main)
                  0000cd20    000000ee     module_utilities.obj (.text:setModuleRfPower$6)
                  0000ce0e    000000e0     hal_launchpad.obj (.text:halInit)
                  0000ceee    000000c2     zdo.obj (.text:displayZdoAddressResponse)
                  0000cfb0    000000c2     rts430.lib : fs_mpy.obj (.text)
                  0000d072    000000aa     af.obj (.text:printAfIncomingMsgHeader)
                  0000d11c    000000a0     af.obj (.text:afSendData)
                  0000d1bc    0000009a     rts430.lib : fs_div.obj (.text)
                  0000d256    00000096     module.obj (.text:moduleReset)
                  0000d2ec    00000096     module_utilities.obj (.text:waitForDeviceState$6)
                  0000d382    0000007c     module.obj (.text:setChannelMask)
                  0000d3fe    0000006e     module.obj (.text:waitForMessage)
                  0000d46c    0000006c     module.obj (.text:getDeviceStateName)
                  0000d4d8    0000005c     rts430.lib : lsr32.obj (.text:l_lsr_const)
                  0000d534    0000005c     module.obj (.text:setSecurityMode)
                  0000d590    0000005c     module.obj (.text:setStartupOptions)
                  0000d5ec    00000058     rts430.lib : div32u.obj (.text)
                  0000d644    00000056     zm_phy_spi.obj (.text:sendSreq)
                  0000d69a    00000048     rts430.lib : autoinit.obj (.text:_auto_init)
                  0000d6e2    00000048     af.obj (.text:afRegisterGenericApplication)
                  0000d72a    00000048     header.obj (.text:printHeader)
                  0000d772    00000046     rts430.lib : fs_tou.obj (.text)
                  0000d7b8    00000046     module.obj (.text:setPollRate)
                  0000d7fe    0000003c     module.obj (.text:setSecurityKey)
                  0000d83a    0000003a     module.obj (.text:setPanId)
                  0000d874    00000032     hal_launchpad.obj (.text:PORT1_ISR)
                  0000d8a6    00000032     utilities.obj (.text:printHexBytes)
                  0000d8d8    00000032     rts430.lib : fs_ultof.obj (.text)
                  0000d90a    00000030     hal_launchpad.obj (.text:PORT2_ISR)
                  0000d93a    00000030     printf.obj (.text:outDgt$16)
                  0000d96a    00000030     zm_phy_spi.obj (.text:sendMessage)
                  0000d99a    00000030     hal_launchpad.obj (.text:setLed)
                  0000d9ca    0000002e     module.obj (.text:zbWriteConfiguration)
                  0000d9f8    0000002c     header.obj (.text:serializeHeader)
                  0000da24    0000002a     utilities.obj (.text:displayReverseHexBytes)
                  0000da4e    0000002a     module.obj (.text:displayZmBuf)
                  0000da78    0000002a     module.obj (.text:getConfigurationParameter)
                  0000daa2    00000028     printf.obj (.text:divOut$16)
                  0000daca    00000028     module_utilities.obj (.text:getDeviceStateForDeviceType$6)
                  0000daf2    00000026     hal_launchpad.obj (.text:Timer_A0)
                  0000db18    00000026     hal_launchpad.obj (.text:USCIAB0RX_ISR)
                  0000db3e    00000026     module.obj (.text:setZigbeeDeviceType)
                  0000db64    00000024     rts430.lib : fs_utof.obj (.text)
                  0000db88    00000022     module.obj (.text:sysGpio)
                  0000dbaa    0000001e     hal_launchpad.obj (.text:spiWrite)
                  0000dbc8    0000001e     module.obj (.text:zbGetDeviceInfo)
                  0000dbe6    0000001e     zdo.obj (.text:zdoStartApplication)
                  0000dc04    0000001a     rts430.lib : boot_special.obj (.text:_c_int00_noargs_noexit)
                  0000dc1e    0000001a     module.obj (.text:setCallbacks)
                  0000dc38    0000001a     hal_launchpad.obj (.text:watchdog_timer)
                  0000dc52    00000016     rts430.lib : div16u.obj (.text)
                  0000dc68    00000014     example_simple_application_router_afzdo.obj (.text:handleTimer)
                  0000dc7c    00000014     rts430.lib : mult16.obj (.text)
                  0000dc90    00000012                : memcpy.obj (.text:memcpy)
                  0000dca2    00000010                : epilog.obj (.text)
                  0000dcb2    0000000a     hal_launchpad.obj (.text:doNothing$15)
                  0000dcbc    00000006     rts430.lib : isr_trap.obj (.text:_isr:__TI_ISR_TRAP)
                  0000dcc2    00000004                : pre_init.obj (.text:_system_pre_init)
                  0000dcc6    00000004                : exit.obj (.text:abort)

.const     0    0000dcca    00000bf9     
                  0000dcca    00000bc4     <whole-program> (.const:.string)
                  0000e88e    0000002a     module_utilities.obj (.const)
                  0000e8b8    00000005     module_utilities.obj (.const:.string:$P$T0$1$6)
                  0000e8bd    00000001     --HOLE-- [fill = 0]
                  0000e8be    00000005     module_utilities.obj (.const:.string:$P$T1$2$6)

.cinit     0    0000e8c4    00000044     
                  0000e8c4    00000042     <whole-program> (.cinit)
                  0000e906    00000002     --HOLE-- [fill = 0]

.pinit     0    0000c000    00000000     UNINITIALIZED

PORT1      0    0000ffe4    00000002     
                  0000ffe4    00000002     <whole-program> (.int02)

PORT2      0    0000ffe6    00000002     
                  0000ffe6    00000002     <whole-program> (.int03)

ADC10      0    0000ffea    00000002     
                  0000ffea    00000002     rts430.lib : int05.obj (.int05)

USCIAB0TX 
*          0    0000ffec    00000002     
                  0000ffec    00000002     rts430.lib : int06.obj (.int06)

USCIAB0RX 
*          0    0000ffee    00000002     
                  0000ffee    00000002     <whole-program> (.int07)

TIMER0_A1 
*          0    0000fff0    00000002     
                  0000fff0    00000002     rts430.lib : int08.obj (.int08)

TIMER0_A0 
*          0    0000fff2    00000002     
                  0000fff2    00000002     <whole-program> (.int09)

WDT        0    0000fff4    00000002     
                  0000fff4    00000002     <whole-program> (.int10)

COMPARATORA 
*          0    0000fff6    00000002     
                  0000fff6    00000002     rts430.lib : int11.obj (.int11)

TIMER1_A1 
*          0    0000fff8    00000002     
                  0000fff8    00000002     rts430.lib : int12.obj (.int12)

TIMER1_A0 
*          0    0000fffa    00000002     
                  0000fffa    00000002     rts430.lib : int13.obj (.int13)

NMI        0    0000fffc    00000002     
                  0000fffc    00000002     rts430.lib : int14.obj (.int14)

.reset     0    0000fffe    00000002     
                  0000fffe    00000002     rts430.lib : boot.obj (.reset)


GLOBAL SYMBOLS: SORTED ALPHABETICALLY BY Name 

address   name                                    
-------   ----                                    
00000200  .bss                                    
00000200  .data                                   
0000c000  .text                                   
0000004a  ADC10AE0                                
000001b0  ADC10CTL0                               
000001b2  ADC10CTL1                               
00000048  ADC10DTC0                               
00000049  ADC10DTC1                               
000001b4  ADC10MEM                                
000001bc  ADC10SA                                 
00000057  BCSCTL1                                 
00000058  BCSCTL2                                 
00000053  BCSCTL3                                 
0000dcc6  C$$EXIT                                 
00000059  CACTL1                                  
0000005a  CACTL2                                  
000010fb  CALBC1_12MHZ                            
000010f9  CALBC1_16MHZ                            
000010ff  CALBC1_1MHZ                             
000010fd  CALBC1_8MHZ                             
000010fa  CALDCO_12MHZ                            
000010f8  CALDCO_16MHZ                            
000010fe  CALDCO_1MHZ                             
000010fc  CALDCO_8MHZ                             
0000005b  CAPD                                    
00000056  DCOCTL                                  
0000e89c  DEFAULT_MODULE_CONFIGURATION_COORDINATOR
0000e8aa  DEFAULT_MODULE_CONFIGURATION_END_DEVICE 
0000e88e  DEFAULT_MODULE_CONFIGURATION_ROUTER     
00000128  FCTL1                                   
0000012a  FCTL2                                   
0000012c  FCTL3                                   
00000000  IE1                                     
00000001  IE2                                     
00000002  IFG1                                    
00000003  IFG2                                    
0000d52c  L_LSR_1                                 
0000d4f6  L_LSR_10                                
0000d4f0  L_LSR_11                                
0000d4ea  L_LSR_12                                
0000d4e4  L_LSR_13                                
0000d4de  L_LSR_14                                
0000d4d8  L_LSR_15                                
0000d526  L_LSR_2                                 
0000d520  L_LSR_3                                 
0000d51a  L_LSR_4                                 
0000d514  L_LSR_5                                 
0000d50e  L_LSR_6                                 
0000d508  L_LSR_7                                 
0000d502  L_LSR_8                                 
0000d4fc  L_LSR_9                                 
00000022  P1DIR                                   
00000025  P1IE                                    
00000024  P1IES                                   
00000023  P1IFG                                   
00000020  P1IN                                    
00000021  P1OUT                                   
00000027  P1REN                                   
00000026  P1SEL                                   
00000041  P1SEL2                                  
0000002a  P2DIR                                   
0000002d  P2IE                                    
0000002c  P2IES                                   
0000002b  P2IFG                                   
00000028  P2IN                                    
00000029  P2OUT                                   
0000002f  P2REN                                   
0000002e  P2SEL                                   
00000042  P2SEL2                                  
0000001a  P3DIR                                   
00000018  P3IN                                    
00000019  P3OUT                                   
00000010  P3REN                                   
0000001b  P3SEL                                   
00000043  P3SEL2                                  
0000d874  PORT1_ISR                               
0000d90a  PORT2_ISR                               
00000172  TA0CCR0                                 
00000174  TA0CCR1                                 
00000176  TA0CCR2                                 
00000162  TA0CCTL0                                
00000164  TA0CCTL1                                
00000166  TA0CCTL2                                
00000160  TA0CTL                                  
0000012e  TA0IV                                   
00000170  TA0R                                    
00000192  TA1CCR0                                 
00000194  TA1CCR1                                 
00000196  TA1CCR2                                 
00000182  TA1CCTL0                                
00000184  TA1CCTL1                                
00000186  TA1CCTL2                                
00000180  TA1CTL                                  
0000011e  TA1IV                                   
00000190  TA1R                                    
000010db  TLV_ADC10_1_LEN                         
000010da  TLV_ADC10_1_TAG                         
000010c0  TLV_CHECKSUM                            
000010f7  TLV_DCO_30_LEN                          
000010f6  TLV_DCO_30_TAG                          
0000daf2  Timer_A0                                
0000005d  UCA0ABCTL                               
00000062  UCA0BR0                                 
00000063  UCA0BR1                                 
00000060  UCA0CTL0                                
00000061  UCA0CTL1                                
0000005f  UCA0IRRCTL                              
0000005e  UCA0IRTCTL                              
00000064  UCA0MCTL                                
00000066  UCA0RXBUF                               
00000065  UCA0STAT                                
00000067  UCA0TXBUF                               
0000006a  UCB0BR0                                 
0000006b  UCB0BR1                                 
00000068  UCB0CTL0                                
00000069  UCB0CTL1                                
0000006c  UCB0I2CIE                               
00000118  UCB0I2COA                               
0000011a  UCB0I2CSA                               
0000006e  UCB0RXBUF                               
0000006d  UCB0STAT                                
0000006f  UCB0TXBUF                               
0000db18  USCIAB0RX_ISR                           
00000120  WDTCTL                                  
00000400  __STACK_END                             
00000104  __STACK_SIZE                            
0000dcbc  __TI_ISR_TRAP                           
0000ffe4  __TI_int02                              
0000ffe6  __TI_int03                              
0000ffea  __TI_int05                              
0000ffec  __TI_int06                              
0000ffee  __TI_int07                              
0000fff0  __TI_int08                              
0000fff2  __TI_int09                              
0000fff4  __TI_int10                              
0000fff6  __TI_int11                              
0000fff8  __TI_int12                              
0000fffa  __TI_int13                              
0000fffc  __TI_int14                              
ffffffff  __binit__                               
00000200  __bss__                                 
ffffffff  __c_args__                              
0000e8c4  __cinit__                               
00000200  __data__                                
0000dc52  __divu                                  
0000d5ec  __divul                                 
00000200  __edata__                               
000002dc  __end__                                 
0000dcca  __etext__                               
0000d1bc  __fs_div                                
0000cfb0  __fs_mpy                                
0000d772  __fs_tou                                
0000d8d8  __fs_ultof                              
0000db64  __fs_utof                               
0000dc7c  __mpyi                                  
0000dc7c  __mpyi_sw                               
ffffffff  __pinit__                               
0000dc52  __remu                                  
0000d5ec  __remul                                 
0000c000  __text__                                
0000d69a  _auto_init                              
0000dc04  _c_int00_noargs_noexit                  
0000fffe  _reset_vector                           
000002fc  _stack                                  
0000dcc2  _system_pre_init                        
0000dcc6  abort                                   
000002da  address                                 
0000d6e2  afRegisterGenericApplication            
0000d11c  afSendData                              
ffffffff  binit                                   
000002ce  buttonIsr                               
0000e8c4  cinit                                   
000002cc  debugConsoleIsr                         
0000c98c  displayDeviceInformation                
0000c510  displayMessage                          
0000da24  displayReverseHexBytes                  
0000ceee  displayZdoAddressResponse               
0000da4e  displayZmBuf                            
00000200  edata                                   
000002dc  end                                     
0000dcca  etext                                   
000002a4  failCount                               
0000dcae  func_epilog_1                           
0000dcac  func_epilog_2                           
0000dcaa  func_epilog_3                           
0000dca8  func_epilog_4                           
0000dca6  func_epilog_5                           
0000dca4  func_epilog_6                           
0000dca2  func_epilog_7                           
0000da78  getConfigurationParameter               
0000d46c  getDeviceStateName                      
0000ce0e  halInit                                 
0000dc68  handleTimer                             
000002ac  hdr                                     
0000cc14  main                                    
0000dc90  memcpy                                  
0000d256  moduleReset                             
000002db  moduleResult                            
ffffffff  pinit                                   
0000d072  printAfIncomingMsgHeader                
0000d72a  printHeader                             
0000d8a6  printHexBytes                           
0000d96a  sendMessage                             
0000d644  sendSreq                                
000002a2  sequenceNumber                          
0000d9f8  serializeHeader                         
0000dc1e  setCallbacks                            
0000d382  setChannelMask                          
0000d99a  setLed                                  
0000d83a  setPanId                                
0000d7b8  setPollRate                             
0000d7fe  setSecurityKey                          
0000d534  setSecurityMode                         
0000d590  setStartupOptions                       
0000db3e  setZigbeeDeviceType                     
0000dbaa  spiWrite                                
000002d0  srdyIsr                                 
0000caf2  startModule                             
000002a6  state                                   
000002a8  stateFlags                              
0000c000  stateMachine                            
0000db88  sysGpio                                 
000002d2  sysTickIsr                              
0000c7ca  tfp_printf                              
000002ca  timerIsr                                
000002d6  vloFrequency                            
0000d3fe  waitForMessage                          
000002d4  wakeupFlags                             
0000dc38  watchdog_timer                          
0000dbc8  zbGetDeviceInfo                         
0000d9ca  zbWriteConfiguration                    
0000dbe6  zdoStartApplication                     
000002aa  zigbeeNetworkStatus                     
00000200  zmBuf                                   


GLOBAL SYMBOLS: SORTED BY Symbol Address 

address   name                                    
-------   ----                                    
00000000  IE1                                     
00000001  IE2                                     
00000002  IFG1                                    
00000003  IFG2                                    
00000010  P3REN                                   
00000018  P3IN                                    
00000019  P3OUT                                   
0000001a  P3DIR                                   
0000001b  P3SEL                                   
00000020  P1IN                                    
00000021  P1OUT                                   
00000022  P1DIR                                   
00000023  P1IFG                                   
00000024  P1IES                                   
00000025  P1IE                                    
00000026  P1SEL                                   
00000027  P1REN                                   
00000028  P2IN                                    
00000029  P2OUT                                   
0000002a  P2DIR                                   
0000002b  P2IFG                                   
0000002c  P2IES                                   
0000002d  P2IE                                    
0000002e  P2SEL                                   
0000002f  P2REN                                   
00000041  P1SEL2                                  
00000042  P2SEL2                                  
00000043  P3SEL2                                  
00000048  ADC10DTC0                               
00000049  ADC10DTC1                               
0000004a  ADC10AE0                                
00000053  BCSCTL3                                 
00000056  DCOCTL                                  
00000057  BCSCTL1                                 
00000058  BCSCTL2                                 
00000059  CACTL1                                  
0000005a  CACTL2                                  
0000005b  CAPD                                    
0000005d  UCA0ABCTL                               
0000005e  UCA0IRTCTL                              
0000005f  UCA0IRRCTL                              
00000060  UCA0CTL0                                
00000061  UCA0CTL1                                
00000062  UCA0BR0                                 
00000063  UCA0BR1                                 
00000064  UCA0MCTL                                
00000065  UCA0STAT                                
00000066  UCA0RXBUF                               
00000067  UCA0TXBUF                               
00000068  UCB0CTL0                                
00000069  UCB0CTL1                                
0000006a  UCB0BR0                                 
0000006b  UCB0BR1                                 
0000006c  UCB0I2CIE                               
0000006d  UCB0STAT                                
0000006e  UCB0RXBUF                               
0000006f  UCB0TXBUF                               
00000104  __STACK_SIZE                            
00000118  UCB0I2COA                               
0000011a  UCB0I2CSA                               
0000011e  TA1IV                                   
00000120  WDTCTL                                  
00000128  FCTL1                                   
0000012a  FCTL2                                   
0000012c  FCTL3                                   
0000012e  TA0IV                                   
00000160  TA0CTL                                  
00000162  TA0CCTL0                                
00000164  TA0CCTL1                                
00000166  TA0CCTL2                                
00000170  TA0R                                    
00000172  TA0CCR0                                 
00000174  TA0CCR1                                 
00000176  TA0CCR2                                 
00000180  TA1CTL                                  
00000182  TA1CCTL0                                
00000184  TA1CCTL1                                
00000186  TA1CCTL2                                
00000190  TA1R                                    
00000192  TA1CCR0                                 
00000194  TA1CCR1                                 
00000196  TA1CCR2                                 
000001b0  ADC10CTL0                               
000001b2  ADC10CTL1                               
000001b4  ADC10MEM                                
000001bc  ADC10SA                                 
00000200  .bss                                    
00000200  .data                                   
00000200  __bss__                                 
00000200  __data__                                
00000200  __edata__                               
00000200  edata                                   
00000200  zmBuf                                   
000002a2  sequenceNumber                          
000002a4  failCount                               
000002a6  state                                   
000002a8  stateFlags                              
000002aa  zigbeeNetworkStatus                     
000002ac  hdr                                     
000002ca  timerIsr                                
000002cc  debugConsoleIsr                         
000002ce  buttonIsr                               
000002d0  srdyIsr                                 
000002d2  sysTickIsr                              
000002d4  wakeupFlags                             
000002d6  vloFrequency                            
000002da  address                                 
000002db  moduleResult                            
000002dc  __end__                                 
000002dc  end                                     
000002fc  _stack                                  
00000400  __STACK_END                             
000010c0  TLV_CHECKSUM                            
000010da  TLV_ADC10_1_TAG                         
000010db  TLV_ADC10_1_LEN                         
000010f6  TLV_DCO_30_TAG                          
000010f7  TLV_DCO_30_LEN                          
000010f8  CALDCO_16MHZ                            
000010f9  CALBC1_16MHZ                            
000010fa  CALDCO_12MHZ                            
000010fb  CALBC1_12MHZ                            
000010fc  CALDCO_8MHZ                             
000010fd  CALBC1_8MHZ                             
000010fe  CALDCO_1MHZ                             
000010ff  CALBC1_1MHZ                             
0000c000  .text                                   
0000c000  __text__                                
0000c000  stateMachine                            
0000c510  displayMessage                          
0000c7ca  tfp_printf                              
0000c98c  displayDeviceInformation                
0000caf2  startModule                             
0000cc14  main                                    
0000ce0e  halInit                                 
0000ceee  displayZdoAddressResponse               
0000cfb0  __fs_mpy                                
0000d072  printAfIncomingMsgHeader                
0000d11c  afSendData                              
0000d1bc  __fs_div                                
0000d256  moduleReset                             
0000d382  setChannelMask                          
0000d3fe  waitForMessage                          
0000d46c  getDeviceStateName                      
0000d4d8  L_LSR_15                                
0000d4de  L_LSR_14                                
0000d4e4  L_LSR_13                                
0000d4ea  L_LSR_12                                
0000d4f0  L_LSR_11                                
0000d4f6  L_LSR_10                                
0000d4fc  L_LSR_9                                 
0000d502  L_LSR_8                                 
0000d508  L_LSR_7                                 
0000d50e  L_LSR_6                                 
0000d514  L_LSR_5                                 
0000d51a  L_LSR_4                                 
0000d520  L_LSR_3                                 
0000d526  L_LSR_2                                 
0000d52c  L_LSR_1                                 
0000d534  setSecurityMode                         
0000d590  setStartupOptions                       
0000d5ec  __divul                                 
0000d5ec  __remul                                 
0000d644  sendSreq                                
0000d69a  _auto_init                              
0000d6e2  afRegisterGenericApplication            
0000d72a  printHeader                             
0000d772  __fs_tou                                
0000d7b8  setPollRate                             
0000d7fe  setSecurityKey                          
0000d83a  setPanId                                
0000d874  PORT1_ISR                               
0000d8a6  printHexBytes                           
0000d8d8  __fs_ultof                              
0000d90a  PORT2_ISR                               
0000d96a  sendMessage                             
0000d99a  setLed                                  
0000d9ca  zbWriteConfiguration                    
0000d9f8  serializeHeader                         
0000da24  displayReverseHexBytes                  
0000da4e  displayZmBuf                            
0000da78  getConfigurationParameter               
0000daf2  Timer_A0                                
0000db18  USCIAB0RX_ISR                           
0000db3e  setZigbeeDeviceType                     
0000db64  __fs_utof                               
0000db88  sysGpio                                 
0000dbaa  spiWrite                                
0000dbc8  zbGetDeviceInfo                         
0000dbe6  zdoStartApplication                     
0000dc04  _c_int00_noargs_noexit                  
0000dc1e  setCallbacks                            
0000dc38  watchdog_timer                          
0000dc52  __divu                                  
0000dc52  __remu                                  
0000dc68  handleTimer                             
0000dc7c  __mpyi                                  
0000dc7c  __mpyi_sw                               
0000dc90  memcpy                                  
0000dca2  func_epilog_7                           
0000dca4  func_epilog_6                           
0000dca6  func_epilog_5                           
0000dca8  func_epilog_4                           
0000dcaa  func_epilog_3                           
0000dcac  func_epilog_2                           
0000dcae  func_epilog_1                           
0000dcbc  __TI_ISR_TRAP                           
0000dcc2  _system_pre_init                        
0000dcc6  C$$EXIT                                 
0000dcc6  abort                                   
0000dcca  __etext__                               
0000dcca  etext                                   
0000e88e  DEFAULT_MODULE_CONFIGURATION_ROUTER     
0000e89c  DEFAULT_MODULE_CONFIGURATION_COORDINATOR
0000e8aa  DEFAULT_MODULE_CONFIGURATION_END_DEVICE 
0000e8c4  __cinit__                               
0000e8c4  cinit                                   
0000ffe4  __TI_int02                              
0000ffe6  __TI_int03                              
0000ffea  __TI_int05                              
0000ffec  __TI_int06                              
0000ffee  __TI_int07                              
0000fff0  __TI_int08                              
0000fff2  __TI_int09                              
0000fff4  __TI_int10                              
0000fff6  __TI_int11                              
0000fff8  __TI_int12                              
0000fffa  __TI_int13                              
0000fffc  __TI_int14                              
0000fffe  _reset_vector                           
ffffffff  __binit__                               
ffffffff  __c_args__                              
ffffffff  __pinit__                               
ffffffff  binit                                   
ffffffff  pinit                                   

[234 symbols]
