******************************************************************************
                  MSP430 Linker PC v4.4.5                      
******************************************************************************
>> Linked Wed Jan 20 16:25:58 2016

OUTPUT FILE NAME:   <Basic Comms - Router - AFZDO.out>
ENTRY POINT SYMBOL: "_c_int00_noargs_noexit"  address: 0000d31c


MEMORY CONFIGURATION

         name            origin    length      used     unused   attr    fill
----------------------  --------  ---------  --------  --------  ----  --------
  SFR                   00000000   00000010  00000000  00000010  RWIX
  PERIPHERALS_8BIT      00000010   000000f0  00000000  000000f0  RWIX
  PERIPHERALS_16BIT     00000100   00000100  00000000  00000100  RWIX
  RAM                   00000200   00000200  00000125  000000db  RWIX
  INFOD                 00001000   00000040  00000000  00000040  RWIX
  INFOC                 00001040   00000040  00000000  00000040  RWIX
  INFOB                 00001080   00000040  00000000  00000040  RWIX
  INFOA                 000010c0   00000040  00000000  00000040  RWIX
  FLASH                 0000c000   00003fe0  00001ec7  00002119  RWIX
  INT00                 0000ffe0   00000002  00000000  00000002  RWIX
  INT01                 0000ffe2   00000002  00000000  00000002  RWIX
  INT02                 0000ffe4   00000002  00000002  00000000  RWIX
  INT03                 0000ffe6   00000002  00000002  00000000  RWIX
  INT04                 0000ffe8   00000002  00000000  00000002  RWIX
  INT05                 0000ffea   00000002  00000002  00000000  RWIX
  INT06                 0000ffec   00000002  00000002  00000000  RWIX
  INT07                 0000ffee   00000002  00000002  00000000  RWIX
  INT08                 0000fff0   00000002  00000002  00000000  RWIX
  INT09                 0000fff2   00000002  00000002  00000000  RWIX
  INT10                 0000fff4   00000002  00000002  00000000  RWIX
  INT11                 0000fff6   00000002  00000002  00000000  RWIX
  INT12                 0000fff8   00000002  00000002  00000000  RWIX
  INT13                 0000fffa   00000002  00000002  00000000  RWIX
  INT14                 0000fffc   00000002  00000002  00000000  RWIX
  RESET                 0000fffe   00000002  00000002  00000000  RWIX


SECTION ALLOCATION MAP

 output                                  attributes/
section   page    origin      length       input sections
--------  ----  ----------  ----------   ----------------
.bss       0    00000200    000000bf     UNINITIALIZED
                  00000200    000000a2     (.common:zmBuf)
                  000002a2    0000000c     (.common:buf)
                  000002ae    00000002     (.common:bf)
                  000002b0    00000002     (.common:buttonIsr)
                  000002b2    00000002     (.common:debugConsoleIsr)
                  000002b4    00000002     (.common:num)
                  000002b6    00000002     (.common:srdyIsr)
                  000002b8    00000002     (.common:sysTickIsr)
                  000002ba    00000002     (.common:timerIsr)
                  000002bc    00000001     (.common:result)
                  000002bd    00000001     (.common:uc)
                  000002be    00000001     (.common:zs)

.data      0    000002c0    00000016     UNINITIALIZED
                  000002c0    00000007     example_basic_comms_router.obj (.data)
                  000002c7    00000001     module_errors.obj (.data)
                  000002c8    00000007     example_basic_comms_router.obj (.data:testMessage)
                  000002cf    00000001     --HOLE--
                  000002d0    00000004     hal_launchpad.obj (.data)
                  000002d4    00000002     af.obj (.data)

.stack     0    000003b0    00000050     UNINITIALIZED
                  000003b0    00000002     rts430_eabi.lib : boot.obj (.stack)
                  000003b2    0000004e     --HOLE--

.text      0    0000c000    00001470     
                  0000c000    000001aa     printf.obj (.text:tfp_printf)
                  0000c1aa    00000170     module_utilities.obj (.text:startModule)
                  0000c31a    00000158     example_basic_comms_router.obj (.text:main)
                  0000c472    0000013c     module_utilities.obj (.text:expressStartModule)
                  0000c5ae    000000d6     af.obj (.text:afSendData)
                  0000c684    000000c0     module.obj (.text:displayBasicDeviceInformation)
                  0000c744    000000be     module_utilities.obj (.text:setModuleRfPower)
                  0000c802    000000a0     module_utilities.obj (.text:waitForDeviceState)
                  0000c8a2    00000082     module.obj (.text:waitForMessage)
                  0000c924    00000078     module.obj (.text:setSecurityMode)
                  0000c99c    0000006c     module.obj (.text:getDeviceStateName)
                  0000ca08    0000006a     module_errors.obj (.text:getErrorName)
                  0000ca72    0000006a     module.obj (.text:setChannelMask)
                  0000cadc    00000064     rts430_eabi.lib : copy_decompress_rle.obj (.text:__TI_decompress_rle_core)
                  0000cb40    0000005e     hal_launchpad.obj (.text:displayVersion)
                  0000cb9e    0000005c     rts430_eabi.lib : lsr32.obj (.text:l_lsr_const)
                  0000cbfa    0000005c     module.obj (.text:moduleReset)
                  0000cc56    00000058     rts430_eabi.lib : autoinit.obj (.text:_auto_init)
                  0000ccae    00000058     af.obj (.text:afRegisterGenericApplication)
                  0000cd06    00000056     zm_phy_spi.obj (.text:sendSreq)
                  0000cd5c    00000054     module.obj (.text:sysGpio)
                  0000cdb0    00000048     module.obj (.text:setPollRate)
                  0000cdf8    00000044     module.obj (.text:zbGetDeviceInfo)
                  0000ce3c    00000042     module.obj (.text:setCallbacks)
                  0000ce7e    00000042     module.obj (.text:setZigbeeDeviceType)
                  0000cec0    00000040     module.obj (.text:setStartupOptions)
                  0000cf00    0000003e     module.obj (.text:sysSetTxPower)
                  0000cf3e    0000003a     module.obj (.text:getConfigurationParameter)
                  0000cf78    0000003a     module.obj (.text:setSecurityKey)
                  0000cfb2    00000038     hal_launchpad.obj (.text:portInit)
                  0000cfea    00000038     zm_phy_spi.obj (.text:sendMessage)
                  0000d022    00000036     hal_launchpad.obj (.text:clearLed)
                  0000d058    00000036     hal_launchpad.obj (.text:setLed)
                  0000d08e    00000032     hal_launchpad.obj (.text:PORT1_ISR)
                  0000d0c0    00000030     hal_launchpad.obj (.text:PORT2_ISR)
                  0000d0f0    00000030     module.obj (.text:setPanId)
                  0000d120    0000002e     module.obj (.text:zbWriteConfiguration)
                  0000d14e    0000002e     zdo.obj (.text:zdoStartApplication)
                  0000d17c    0000002c     hal_launchpad.obj (.text:oscInit)
                  0000d1a8    00000028     printf.obj (.text:divOut)
                  0000d1d0    00000028     module_utilities.obj (.text:getDeviceStateForDeviceType)
                  0000d1f8    00000028     hal_launchpad.obj (.text:halInit)
                  0000d220    00000028     hal_launchpad.obj (.text:halUartInit)
                  0000d248    00000028     printf.obj (.text:outDgt)
                  0000d270    00000026     hal_launchpad.obj (.text:Timer_A0)
                  0000d296    00000026     hal_launchpad.obj (.text:USCIAB0RX_ISR)
                  0000d2bc    00000022     module_errors.obj (.text:handleError)
                  0000d2de    00000020     af.obj (.text:afSetAckMode)
                  0000d2fe    0000001e     hal_launchpad.obj (.text:spiWrite)
                  0000d31c    0000001a     rts430_eabi.lib : boot_special.obj (.text:_c_int00_noargs_noexit)
                  0000d336    0000001a     hal_launchpad.obj (.text:halSpiInitModule)
                  0000d350    0000001a     hal_launchpad.obj (.text:watchdog_timer)
                  0000d36a    00000018     hal_launchpad.obj (.text:delayMs)
                  0000d382    00000016     hal_launchpad.obj (.text:buttonIsPressed)
                  0000d398    00000016     rts430_eabi.lib : div16u.obj (.text)
                  0000d3ae    00000014                     : copy_zero_init.obj (.text:decompress:ZI:__TI_zero_init)
                  0000d3c2    00000014     zm_phy_spi.obj (.text:getMessage)
                  0000d3d6    00000014     rts430_eabi.lib : mult16.obj (.text)
                  0000d3ea    00000012                     : copy_decompress_none.obj (.text:decompress:none:__TI_decompress_none)
                  0000d3fc    00000012                     : memcpy.obj (.text:memcpy)
                  0000d40e    00000010                     : epilog.obj (.text)
                  0000d41e    0000000e     printf.obj (.text:out)
                  0000d42c    0000000c     hal_launchpad.obj (.text:clearLeds)
                  0000d438    0000000c     hal_launchpad.obj (.text:putchar)
                  0000d444    0000000a     hal_launchpad.obj (.text:doNothing)
                  0000d44e    0000000a     zm_phy_spi.obj (.text:moduleHasMessageWaiting)
                  0000d458    00000006     rts430_eabi.lib : isr_trap.obj (.text:_isr:__TI_ISR_TRAP)
                  0000d45e    00000006                     : copy_decompress_rle.obj (.text:decompress:rle24:__TI_decompress_rle24)
                  0000d464    00000004                     : pre_init.obj (.text:_system_pre_init)
                  0000d468    00000004                     : exit.obj (.text:abort)
                  0000d46c    00000004     example_basic_comms_router.obj (.text:handleButtonPress)

.const     0    0000d470    00000a3b     
                  0000d470    0000052e     module.obj (.const:.string)
                  0000d99e    00000258     module_utilities.obj (.const:.string)
                  0000dbf6    0000010e     example_basic_comms_router.obj (.const:.string)
                  0000dd04    000000f6     module_errors.obj (.const:.string)
                  0000ddfa    0000007c     hal_launchpad.obj (.const:.string)
                  0000de76    0000002a     module_utilities.obj (.const)
                  0000dea0    00000005     module_utilities.obj (.const:.string:$P$T0$1)
                  0000dea5    00000001     --HOLE-- [fill = 0]
                  0000dea6    00000005     module_utilities.obj (.const:.string:$P$T1$2)

.cinit     0    0000deac    0000001c     
                  0000deac    00000009     (.cinit..data.load) [load image, compression = rle]
                  0000deb5    00000001     --HOLE-- [fill = 0]
                  0000deb6    00000006     (__TI_handler_table)
                  0000debc    00000004     (.cinit..bss.load) [load image, compression = zero_init]
                  0000dec0    00000008     (__TI_cinit_table)

.init_array 
*          0    0000c000    00000000     UNINITIALIZED

.TI.noinit 
*          0    00000200    00000000     UNINITIALIZED

.TI.persistent 
*          0    000002c0    00000000     UNINITIALIZED

PORT1      0    0000ffe4    00000002     
                  0000ffe4    00000002     hal_launchpad.obj (.int02)

PORT2      0    0000ffe6    00000002     
                  0000ffe6    00000002     hal_launchpad.obj (.int03)

ADC10      0    0000ffea    00000002     
                  0000ffea    00000002     rts430_eabi.lib : int05.obj (.int05)

USCIAB0TX 
*          0    0000ffec    00000002     
                  0000ffec    00000002     rts430_eabi.lib : int06.obj (.int06)

USCIAB0RX 
*          0    0000ffee    00000002     
                  0000ffee    00000002     hal_launchpad.obj (.int07)

TIMER0_A1 
*          0    0000fff0    00000002     
                  0000fff0    00000002     rts430_eabi.lib : int08.obj (.int08)

TIMER0_A0 
*          0    0000fff2    00000002     
                  0000fff2    00000002     hal_launchpad.obj (.int09)

WDT        0    0000fff4    00000002     
                  0000fff4    00000002     hal_launchpad.obj (.int10)

COMPARATORA 
*          0    0000fff6    00000002     
                  0000fff6    00000002     rts430_eabi.lib : int11.obj (.int11)

TIMER1_A1 
*          0    0000fff8    00000002     
                  0000fff8    00000002     rts430_eabi.lib : int12.obj (.int12)

TIMER1_A0 
*          0    0000fffa    00000002     
                  0000fffa    00000002     rts430_eabi.lib : int13.obj (.int13)

NMI        0    0000fffc    00000002     
                  0000fffc    00000002     rts430_eabi.lib : int14.obj (.int14)

.reset     0    0000fffe    00000002     
                  0000fffe    00000002     rts430_eabi.lib : boot.obj (.reset)


LINKER GENERATED COPY TABLES

__TI_cinit_table @ 0000dec0 records: 2, size/record: 4, table size: 8
	.data: load addr=0000deac, load size=00000009 bytes, run addr=000002c0, run size=00000016 bytes, compression=rle
	.bss: load addr=0000debc, load size=00000004 bytes, run addr=00000200, run size=000000bf bytes, compression=zero_init


LINKER GENERATED HANDLER TABLE

__TI_handler_table @ 0000deb6 records: 3, size/record: 2, table size: 6
	index: 0, handler: __TI_zero_init
	index: 1, handler: __TI_decompress_rle24
	index: 2, handler: __TI_decompress_none


GLOBAL SYMBOLS: SORTED ALPHABETICALLY BY Name 

address   name                                    
-------   ----                                    
0000004a  ADC10AE0                                
000001b0  ADC10CTL0                               
000001b2  ADC10CTL1                               
00000048  ADC10DTC0                               
00000049  ADC10DTC1                               
000001b4  ADC10MEM                                
000001bc  ADC10SA                                 
00000057  BCSCTL1                                 
00000058  BCSCTL2                                 
00000053  BCSCTL3                                 
0000d468  C$$EXIT                                 
00000059  CACTL1                                  
0000005a  CACTL2                                  
000010fb  CALBC1_12MHZ                            
000010f9  CALBC1_16MHZ                            
000010ff  CALBC1_1MHZ                             
000010fd  CALBC1_8MHZ                             
000010fa  CALDCO_12MHZ                            
000010f8  CALDCO_16MHZ                            
000010fe  CALDCO_1MHZ                             
000010fc  CALDCO_8MHZ                             
0000005b  CAPD                                    
00000056  DCOCTL                                  
0000de76  DEFAULT_MODULE_CONFIGURATION_COORDINATOR
0000de92  DEFAULT_MODULE_CONFIGURATION_END_DEVICE 
0000de84  DEFAULT_MODULE_CONFIGURATION_ROUTER     
00000128  FCTL1                                   
0000012a  FCTL2                                   
0000012c  FCTL3                                   
00000000  IE1                                     
00000001  IE2                                     
00000002  IFG1                                    
00000003  IFG2                                    
00000022  P1DIR                                   
00000025  P1IE                                    
00000024  P1IES                                   
00000023  P1IFG                                   
00000020  P1IN                                    
00000021  P1OUT                                   
00000027  P1REN                                   
00000026  P1SEL                                   
00000041  P1SEL2                                  
0000002a  P2DIR                                   
0000002d  P2IE                                    
0000002c  P2IES                                   
0000002b  P2IFG                                   
00000028  P2IN                                    
00000029  P2OUT                                   
0000002f  P2REN                                   
0000002e  P2SEL                                   
00000042  P2SEL2                                  
0000001a  P3DIR                                   
00000018  P3IN                                    
00000019  P3OUT                                   
00000010  P3REN                                   
0000001b  P3SEL                                   
00000043  P3SEL2                                  
0000d08e  PORT1_ISR                               
0000d0c0  PORT2_ISR                               
00000172  TA0CCR0                                 
00000174  TA0CCR1                                 
00000176  TA0CCR2                                 
00000162  TA0CCTL0                                
00000164  TA0CCTL1                                
00000166  TA0CCTL2                                
00000160  TA0CTL                                  
0000012e  TA0IV                                   
00000170  TA0R                                    
00000192  TA1CCR0                                 
00000194  TA1CCR1                                 
00000196  TA1CCR2                                 
00000182  TA1CCTL0                                
00000184  TA1CCTL1                                
00000186  TA1CCTL2                                
00000180  TA1CTL                                  
0000011e  TA1IV                                   
00000190  TA1R                                    
000010db  TLV_ADC10_1_LEN                         
000010da  TLV_ADC10_1_TAG                         
000010c0  TLV_CHECKSUM                            
000010f7  TLV_DCO_30_LEN                          
000010f6  TLV_DCO_30_TAG                          
0000d270  Timer_A0                                
0000005d  UCA0ABCTL                               
00000062  UCA0BR0                                 
00000063  UCA0BR1                                 
00000060  UCA0CTL0                                
00000061  UCA0CTL1                                
0000005f  UCA0IRRCTL                              
0000005e  UCA0IRTCTL                              
00000064  UCA0MCTL                                
00000066  UCA0RXBUF                               
00000065  UCA0STAT                                
00000067  UCA0TXBUF                               
0000006a  UCB0BR0                                 
0000006b  UCB0BR1                                 
00000068  UCB0CTL0                                
00000069  UCB0CTL1                                
0000006c  UCB0I2CIE                               
00000118  UCB0I2COA                               
0000011a  UCB0I2CSA                               
0000006e  UCB0RXBUF                               
0000006d  UCB0STAT                                
0000006f  UCB0TXBUF                               
0000d296  USCIAB0RX_ISR                           
00000120  WDTCTL                                  
00000400  __STACK_END                             
00000050  __STACK_SIZE                            
0000dec0  __TI_CINIT_Base                         
0000dec8  __TI_CINIT_Limit                        
0000deb6  __TI_Handler_Table_Base                 
0000debc  __TI_Handler_Table_Limit                
UNDEFED   __TI_INITARRAY_Base                     
UNDEFED   __TI_INITARRAY_Limit                    
0000d458  __TI_ISR_TRAP                           
0000d3ea  __TI_decompress_none                    
0000d45e  __TI_decompress_rle24                   
0000ffe4  __TI_int02                              
0000ffe6  __TI_int03                              
0000ffea  __TI_int05                              
0000ffec  __TI_int06                              
0000ffee  __TI_int07                              
0000fff0  __TI_int08                              
0000fff2  __TI_int09                              
0000fff4  __TI_int10                              
0000fff6  __TI_int11                              
0000fff8  __TI_int12                              
0000fffa  __TI_int13                              
0000fffc  __TI_int14                              
0000d3ae  __TI_zero_init                          
ffffffff  __binit__                               
ffffffff  __c_args__                              
0000d398  __mspabi_divu                           
0000d41a  __mspabi_func_epilog_1                  
0000d418  __mspabi_func_epilog_2                  
0000d416  __mspabi_func_epilog_3                  
0000d414  __mspabi_func_epilog_4                  
0000d412  __mspabi_func_epilog_5                  
0000d410  __mspabi_func_epilog_6                  
0000d40e  __mspabi_func_epilog_7                  
0000d3d6  __mspabi_mpyi                           
0000d3d6  __mspabi_mpyi_sw                        
0000d398  __mspabi_remu                           
0000cbf2  __mspabi_srll_1                         
0000cbbc  __mspabi_srll_10                        
0000cbb6  __mspabi_srll_11                        
0000cbb0  __mspabi_srll_12                        
0000cbaa  __mspabi_srll_13                        
0000cba4  __mspabi_srll_14                        
0000cb9e  __mspabi_srll_15                        
0000cbec  __mspabi_srll_2                         
0000cbe6  __mspabi_srll_3                         
0000cbe0  __mspabi_srll_4                         
0000cbda  __mspabi_srll_5                         
0000cbd4  __mspabi_srll_6                         
0000cbce  __mspabi_srll_7                         
0000cbc8  __mspabi_srll_8                         
0000cbc2  __mspabi_srll_9                         
0000cc56  _auto_init                              
0000d31c  _c_int00_noargs_noexit                  
0000fffe  _reset_vector                           
000003b0  _stack                                  
0000d464  _system_pre_init                        
0000d468  abort                                   
0000ccae  afRegisterGenericApplication            
0000c5ae  afSendData                              
0000d2de  afSetAckMode                            
ffffffff  binit                                   
0000d382  buttonIsPressed                         
000002b0  buttonIsr                               
0000d022  clearLed                                
0000d42c  clearLeds                               
000002c0  counter                                 
000002b2  debugConsoleIsr                         
0000d36a  delayMs                                 
0000c684  displayBasicDeviceInformation           
0000cb40  displayVersion                          
000002c4  e_counter                               
0000c472  expressStartModule                      
000002c6  failCount                               
0000cf3e  getConfigurationParameter               
0000c99c  getDeviceStateName                      
0000ca08  getErrorName                            
0000d3c2  getMessage                              
0000d1f8  halInit                                 
0000d336  halSpiInitModule                        
0000d220  halUartInit                             
0000d46c  handleButtonPress                       
0000d2bc  handleError                             
0000c31a  main                                    
0000d3fc  memcpy                                  
0000d44e  moduleHasMessageWaiting                 
0000d336  moduleInit                              
0000cbfa  moduleReset                             
000002c7  moduleResult                            
0000d17c  oscInit                                 
000002c2  p_counter                               
0000cfb2  portInit                                
0000d438  putchar                                 
000002bc  result                                  
0000cfea  sendMessage                             
0000cd06  sendSreq                                
0000ce3c  setCallbacks                            
0000ca72  setChannelMask                          
0000d058  setLed                                  
0000d0f0  setPanId                                
0000cdb0  setPollRate                             
0000cf78  setSecurityKey                          
0000c924  setSecurityMode                         
0000cec0  setStartupOptions                       
0000ce7e  setZigbeeDeviceType                     
0000d2fe  spiWrite                                
000002b6  srdyIsr                                 
0000c1aa  startModule                             
0000cd5c  sysGpio                                 
0000cf00  sysSetTxPower                           
000002b8  sysTickIsr                              
000002c8  testMessage                             
0000c000  tfp_printf                              
000002ba  timerIsr                                
000002d2  vloFrequency                            
0000c8a2  waitForMessage                          
000002d0  wakeupFlags                             
0000d350  watchdog_timer                          
0000cdf8  zbGetDeviceInfo                         
0000d120  zbWriteConfiguration                    
0000d14e  zdoStartApplication                     
00000200  zmBuf                                   
0000d336  zm_phy_init                             


GLOBAL SYMBOLS: SORTED BY Symbol Address 

address   name                                    
-------   ----                                    
00000000  IE1                                     
00000001  IE2                                     
00000002  IFG1                                    
00000003  IFG2                                    
00000010  P3REN                                   
00000018  P3IN                                    
00000019  P3OUT                                   
0000001a  P3DIR                                   
0000001b  P3SEL                                   
00000020  P1IN                                    
00000021  P1OUT                                   
00000022  P1DIR                                   
00000023  P1IFG                                   
00000024  P1IES                                   
00000025  P1IE                                    
00000026  P1SEL                                   
00000027  P1REN                                   
00000028  P2IN                                    
00000029  P2OUT                                   
0000002a  P2DIR                                   
0000002b  P2IFG                                   
0000002c  P2IES                                   
0000002d  P2IE                                    
0000002e  P2SEL                                   
0000002f  P2REN                                   
00000041  P1SEL2                                  
00000042  P2SEL2                                  
00000043  P3SEL2                                  
00000048  ADC10DTC0                               
00000049  ADC10DTC1                               
0000004a  ADC10AE0                                
00000050  __STACK_SIZE                            
00000053  BCSCTL3                                 
00000056  DCOCTL                                  
00000057  BCSCTL1                                 
00000058  BCSCTL2                                 
00000059  CACTL1                                  
0000005a  CACTL2                                  
0000005b  CAPD                                    
0000005d  UCA0ABCTL                               
0000005e  UCA0IRTCTL                              
0000005f  UCA0IRRCTL                              
00000060  UCA0CTL0                                
00000061  UCA0CTL1                                
00000062  UCA0BR0                                 
00000063  UCA0BR1                                 
00000064  UCA0MCTL                                
00000065  UCA0STAT                                
00000066  UCA0RXBUF                               
00000067  UCA0TXBUF                               
00000068  UCB0CTL0                                
00000069  UCB0CTL1                                
0000006a  UCB0BR0                                 
0000006b  UCB0BR1                                 
0000006c  UCB0I2CIE                               
0000006d  UCB0STAT                                
0000006e  UCB0RXBUF                               
0000006f  UCB0TXBUF                               
00000118  UCB0I2COA                               
0000011a  UCB0I2CSA                               
0000011e  TA1IV                                   
00000120  WDTCTL                                  
00000128  FCTL1                                   
0000012a  FCTL2                                   
0000012c  FCTL3                                   
0000012e  TA0IV                                   
00000160  TA0CTL                                  
00000162  TA0CCTL0                                
00000164  TA0CCTL1                                
00000166  TA0CCTL2                                
00000170  TA0R                                    
00000172  TA0CCR0                                 
00000174  TA0CCR1                                 
00000176  TA0CCR2                                 
00000180  TA1CTL                                  
00000182  TA1CCTL0                                
00000184  TA1CCTL1                                
00000186  TA1CCTL2                                
00000190  TA1R                                    
00000192  TA1CCR0                                 
00000194  TA1CCR1                                 
00000196  TA1CCR2                                 
000001b0  ADC10CTL0                               
000001b2  ADC10CTL1                               
000001b4  ADC10MEM                                
000001bc  ADC10SA                                 
00000200  zmBuf                                   
000002b0  buttonIsr                               
000002b2  debugConsoleIsr                         
000002b6  srdyIsr                                 
000002b8  sysTickIsr                              
000002ba  timerIsr                                
000002bc  result                                  
000002c0  counter                                 
000002c2  p_counter                               
000002c4  e_counter                               
000002c6  failCount                               
000002c7  moduleResult                            
000002c8  testMessage                             
000002d0  wakeupFlags                             
000002d2  vloFrequency                            
000003b0  _stack                                  
00000400  __STACK_END                             
000010c0  TLV_CHECKSUM                            
000010da  TLV_ADC10_1_TAG                         
000010db  TLV_ADC10_1_LEN                         
000010f6  TLV_DCO_30_TAG                          
000010f7  TLV_DCO_30_LEN                          
000010f8  CALDCO_16MHZ                            
000010f9  CALBC1_16MHZ                            
000010fa  CALDCO_12MHZ                            
000010fb  CALBC1_12MHZ                            
000010fc  CALDCO_8MHZ                             
000010fd  CALBC1_8MHZ                             
000010fe  CALDCO_1MHZ                             
000010ff  CALBC1_1MHZ                             
0000c000  tfp_printf                              
0000c1aa  startModule                             
0000c31a  main                                    
0000c472  expressStartModule                      
0000c5ae  afSendData                              
0000c684  displayBasicDeviceInformation           
0000c8a2  waitForMessage                          
0000c924  setSecurityMode                         
0000c99c  getDeviceStateName                      
0000ca08  getErrorName                            
0000ca72  setChannelMask                          
0000cb40  displayVersion                          
0000cb9e  __mspabi_srll_15                        
0000cba4  __mspabi_srll_14                        
0000cbaa  __mspabi_srll_13                        
0000cbb0  __mspabi_srll_12                        
0000cbb6  __mspabi_srll_11                        
0000cbbc  __mspabi_srll_10                        
0000cbc2  __mspabi_srll_9                         
0000cbc8  __mspabi_srll_8                         
0000cbce  __mspabi_srll_7                         
0000cbd4  __mspabi_srll_6                         
0000cbda  __mspabi_srll_5                         
0000cbe0  __mspabi_srll_4                         
0000cbe6  __mspabi_srll_3                         
0000cbec  __mspabi_srll_2                         
0000cbf2  __mspabi_srll_1                         
0000cbfa  moduleReset                             
0000cc56  _auto_init                              
0000ccae  afRegisterGenericApplication            
0000cd06  sendSreq                                
0000cd5c  sysGpio                                 
0000cdb0  setPollRate                             
0000cdf8  zbGetDeviceInfo                         
0000ce3c  setCallbacks                            
0000ce7e  setZigbeeDeviceType                     
0000cec0  setStartupOptions                       
0000cf00  sysSetTxPower                           
0000cf3e  getConfigurationParameter               
0000cf78  setSecurityKey                          
0000cfb2  portInit                                
0000cfea  sendMessage                             
0000d022  clearLed                                
0000d058  setLed                                  
0000d08e  PORT1_ISR                               
0000d0c0  PORT2_ISR                               
0000d0f0  setPanId                                
0000d120  zbWriteConfiguration                    
0000d14e  zdoStartApplication                     
0000d17c  oscInit                                 
0000d1f8  halInit                                 
0000d220  halUartInit                             
0000d270  Timer_A0                                
0000d296  USCIAB0RX_ISR                           
0000d2bc  handleError                             
0000d2de  afSetAckMode                            
0000d2fe  spiWrite                                
0000d31c  _c_int00_noargs_noexit                  
0000d336  halSpiInitModule                        
0000d336  moduleInit                              
0000d336  zm_phy_init                             
0000d350  watchdog_timer                          
0000d36a  delayMs                                 
0000d382  buttonIsPressed                         
0000d398  __mspabi_divu                           
0000d398  __mspabi_remu                           
0000d3ae  __TI_zero_init                          
0000d3c2  getMessage                              
0000d3d6  __mspabi_mpyi                           
0000d3d6  __mspabi_mpyi_sw                        
0000d3ea  __TI_decompress_none                    
0000d3fc  memcpy                                  
0000d40e  __mspabi_func_epilog_7                  
0000d410  __mspabi_func_epilog_6                  
0000d412  __mspabi_func_epilog_5                  
0000d414  __mspabi_func_epilog_4                  
0000d416  __mspabi_func_epilog_3                  
0000d418  __mspabi_func_epilog_2                  
0000d41a  __mspabi_func_epilog_1                  
0000d42c  clearLeds                               
0000d438  putchar                                 
0000d44e  moduleHasMessageWaiting                 
0000d458  __TI_ISR_TRAP                           
0000d45e  __TI_decompress_rle24                   
0000d464  _system_pre_init                        
0000d468  C$$EXIT                                 
0000d468  abort                                   
0000d46c  handleButtonPress                       
0000de76  DEFAULT_MODULE_CONFIGURATION_COORDINATOR
0000de84  DEFAULT_MODULE_CONFIGURATION_ROUTER     
0000de92  DEFAULT_MODULE_CONFIGURATION_END_DEVICE 
0000deb6  __TI_Handler_Table_Base                 
0000debc  __TI_Handler_Table_Limit                
0000dec0  __TI_CINIT_Base                         
0000dec8  __TI_CINIT_Limit                        
0000ffe4  __TI_int02                              
0000ffe6  __TI_int03                              
0000ffea  __TI_int05                              
0000ffec  __TI_int06                              
0000ffee  __TI_int07                              
0000fff0  __TI_int08                              
0000fff2  __TI_int09                              
0000fff4  __TI_int10                              
0000fff6  __TI_int11                              
0000fff8  __TI_int12                              
0000fffa  __TI_int13                              
0000fffc  __TI_int14                              
0000fffe  _reset_vector                           
ffffffff  __binit__                               
ffffffff  __c_args__                              
ffffffff  binit                                   
UNDEFED   __TI_INITARRAY_Base                     
UNDEFED   __TI_INITARRAY_Limit                    

[229 symbols]
