******************************************************************************
                  MSP430 Linker PC v4.4.5                      
******************************************************************************
>> Linked Wed Oct 14 09:25:59 2015

OUTPUT FILE NAME:   <Network Explorer.out>
ENTRY POINT SYMBOL: "_c_int00_noargs_noexit"  address: 0000e0bc


MEMORY CONFIGURATION

         name            origin    length      used     unused   attr    fill
----------------------  --------  ---------  --------  --------  ----  --------
  SFR                   00000000   00000010  00000000  00000010  RWIX
  PERIPHERALS_8BIT      00000010   000000f0  00000000  000000f0  RWIX
  PERIPHERALS_16BIT     00000100   00000100  00000000  00000100  RWIX
  RAM                   00000200   00000200  0000014c  000000b4  RWIX
  INFOD                 00001000   00000040  00000000  00000040  RWIX
  INFOC                 00001040   00000040  00000000  00000040  RWIX
  INFOB                 00001080   00000040  00000000  00000040  RWIX
  INFOA                 000010c0   00000040  00000000  00000040  RWIX
  FLASH                 0000c000   00003fe0  0000368b  00000955  RWIX
  INT00                 0000ffe0   00000002  00000000  00000002  RWIX
  INT01                 0000ffe2   00000002  00000000  00000002  RWIX
  INT02                 0000ffe4   00000002  00000002  00000000  RWIX
  INT03                 0000ffe6   00000002  00000002  00000000  RWIX
  INT04                 0000ffe8   00000002  00000000  00000002  RWIX
  INT05                 0000ffea   00000002  00000002  00000000  RWIX
  INT06                 0000ffec   00000002  00000002  00000000  RWIX
  INT07                 0000ffee   00000002  00000002  00000000  RWIX
  INT08                 0000fff0   00000002  00000002  00000000  RWIX
  INT09                 0000fff2   00000002  00000002  00000000  RWIX
  INT10                 0000fff4   00000002  00000002  00000000  RWIX
  INT11                 0000fff6   00000002  00000002  00000000  RWIX
  INT12                 0000fff8   00000002  00000002  00000000  RWIX
  INT13                 0000fffa   00000002  00000002  00000000  RWIX
  INT14                 0000fffc   00000002  00000002  00000000  RWIX
  RESET                 0000fffe   00000002  00000002  00000000  RWIX


SECTION ALLOCATION MAP

 output                                  attributes/
section   page    origin      length       input sections
--------  ----  ----------  ----------   ----------------
.bss       0    00000200    000000e0     UNINITIALIZED
                  00000200    000000a2     (.common:zmBuf)
                  000002a2    00000018     (.common:cliInputBuffer)
                  000002ba    0000000c     (.common:buf)
                  000002c6    00000008     (.common:longAddressEntered)
                  000002ce    00000002     (.common:bf)
                  000002d0    00000002     (.common:buttonIsr)
                  000002d2    00000002     (.common:debugConsoleIsr)
                  000002d4    00000002     (.common:num)
                  000002d6    00000002     (.common:shortAddressEntered)
                  000002d8    00000002     (.common:srdyIsr)
                  000002da    00000002     (.common:sysTickIsr)
                  000002dc    00000002     (.common:timerIsr)
                  000002de    00000001     (.common:uc)
                  000002df    00000001     (.common:zs)

.data      0    000002e0    0000001c     UNINITIALIZED
                  000002e0    0000000c     example_network_explorer.obj (.data)
                  000002ec    00000005     example_network_explorer.obj (.data:testMessage)
                  000002f1    00000001     module_errors.obj (.data)
                  000002f2    00000004     hal_launchpad.obj (.data)
                  000002f6    00000002     af.obj (.data)
                  000002f8    00000002     rts430_eabi.lib : errno.obj (.data)
                  000002fa    00000002                     : strtok.obj (.data)

.stack     0    000003b0    00000050     UNINITIALIZED
                  000003b0    00000002     rts430_eabi.lib : boot.obj (.stack)
                  000003b2    0000004e     --HOLE--

.text      0    0000c000    0000222a     
                  0000c000    000002dc     example_network_explorer.obj (.text:processCommand)
                  0000c2dc    00000298     example_network_explorer.obj (.text:stateMachine)
                  0000c574    00000216     rts430_eabi.lib : strtol.obj (.text:strtol)
                  0000c78a    000001aa     printf.obj (.text:tfp_printf)
                  0000c934    00000170     module.obj (.text:displayDeviceInformation)
                  0000caa4    00000162     af.obj (.text:afSendDataExtended)
                  0000cc06    00000152     module_utilities.obj (.text:displayMessage)
                  0000cd58    00000120     module_utilities.obj (.text:expressStartModule)
                  0000ce78    000000de     module.obj (.text:displayNetworkConfigurationParameters)
                  0000cf56    000000d0     zdo.obj (.text:displayZdoAddressResponse)
                  0000d026    000000ba     af.obj (.text:printAfIncomingMsgHeader)
                  0000d0e0    000000b6     af.obj (.text:afSendData)
                  0000d196    000000b4     module_utilities.obj (.text:setModuleRfPower)
                  0000d24a    00000088     zdo.obj (.text:displayZdoEndDeviceAnnounce)
                  0000d2d2    00000088     module_utilities.obj (.text:waitForDeviceState)
                  0000d35a    0000006c     module.obj (.text:getDeviceStateName)
                  0000d3c6    0000006a     example_network_explorer.obj (.text:displayCommandLineInterfaceHelp)
                  0000d430    0000006a     module.obj (.text:waitForMessage)
                  0000d49a    00000068     module.obj (.text:displaySysVersion)
                  0000d502    00000066     zdo.obj (.text:displayZdoNetworkDiscoveryResponse)
                  0000d568    00000066     zdo.obj (.text:zdoNetworkAddressRequest)
                  0000d5ce    00000064     rts430_eabi.lib : copy_decompress_rle.obj (.text:__TI_decompress_rle_core)
                  0000d632    0000005e     hal_launchpad.obj (.text:displayVersion)
                  0000d690    0000005c     rts430_eabi.lib : lsr32.obj (.text:l_lsr_const)
                  0000d6ec    0000005c     module.obj (.text:setSecurityMode)
                  0000d748    0000005a     zdo.obj (.text:displayNetworkList)
                  0000d7a2    00000058     rts430_eabi.lib : autoinit.obj (.text:_auto_init)
                  0000d7fa    00000058                     : div32u.obj (.text)
                  0000d852    00000056     zm_phy_spi.obj (.text:sendSreq)
                  0000d8a8    00000056     zdo.obj (.text:zdoRequestIeeeAddress)
                  0000d8fe    00000052     zdo.obj (.text:displayZdoJoinConfirm)
                  0000d950    00000050     module.obj (.text:moduleReset)
                  0000d9a0    0000004e     module.obj (.text:setChannelMask)
                  0000d9ee    0000004e     rts430_eabi.lib : strtok.obj (.text:strtok)
                  0000da3c    0000004c     utilities.obj (.text:displayReverseHexBytes)
                  0000da88    00000048     af.obj (.text:afRegisterGenericApplication)
                  0000dad0    00000044     af.obj (.text:afDataStore)
                  0000db14    0000003e     zdo.obj (.text:displayZdoManagementLeaveResponse)
                  0000db52    00000038     hal_launchpad.obj (.text:portInit)
                  0000db8a    00000038     zm_phy_spi.obj (.text:sendMessage)
                  0000dbc2    00000038     module.obj (.text:sysGpio)
                  0000dbfa    00000032     hal_launchpad.obj (.text:PORT1_ISR)
                  0000dc2c    00000032     example_network_explorer.obj (.text:main)
                  0000dc5e    00000032     utilities.obj (.text:printHexBytes)
                  0000dc90    00000030     hal_launchpad.obj (.text:PORT2_ISR)
                  0000dcc0    00000030     module.obj (.text:sysSetTxPower)
                  0000dcf0    0000002e     module.obj (.text:zbWriteConfiguration)
                  0000dd1e    0000002c     zdo.obj (.text:displayZdoStateChangeInd)
                  0000dd4a    0000002c     hal_launchpad.obj (.text:oscInit)
                  0000dd76    0000002c     rts430_eabi.lib : div16s.obj (.text)
                  0000dda2    0000002c     module.obj (.text:setPollRate)
                  0000ddce    0000002a     module.obj (.text:displayZmBuf)
                  0000ddf8    00000028     printf.obj (.text:divOut)
                  0000de20    00000028     module.obj (.text:getConfigurationParameter)
                  0000de48    00000028     module_utilities.obj (.text:getDeviceStateForDeviceType)
                  0000de70    00000028     hal_launchpad.obj (.text:halInit)
                  0000de98    00000028     hal_launchpad.obj (.text:halUartInit)
                  0000dec0    00000028     printf.obj (.text:outDgt)
                  0000dee8    00000028     rts430_eabi.lib : strcspn.obj (.text:strcspn)
                  0000df10    00000028                     : strspn.obj (.text:strspn)
                  0000df38    00000028     module.obj (.text:zbGetDeviceInfo)
                  0000df60    00000026     hal_launchpad.obj (.text:Timer_A0)
                  0000df86    00000026     hal_launchpad.obj (.text:USCIAB0RX_ISR)
                  0000dfac    00000026     rts430_eabi.lib : mult32.obj (.text)
                  0000dfd2    00000026     module.obj (.text:setCallbacks)
                  0000dff8    00000026     module.obj (.text:setZigbeeDeviceType)
                  0000e01e    00000024     module.obj (.text:setStartupOptions)
                  0000e042    00000020     module.obj (.text:setPanId)
                  0000e062    0000001e     module.obj (.text:setSecurityKey)
                  0000e080    0000001e     hal_launchpad.obj (.text:spiWrite)
                  0000e09e    0000001e     zdo.obj (.text:zdoStartApplication)
                  0000e0bc    0000001a     rts430_eabi.lib : boot_special.obj (.text:_c_int00_noargs_noexit)
                  0000e0d6    0000001a     hal_launchpad.obj (.text:halSpiInitModule)
                  0000e0f0    0000001a     hal_launchpad.obj (.text:watchdog_timer)
                  0000e10a    00000018     hal_launchpad.obj (.text:delayMs)
                  0000e122    00000018     module.obj (.text:sysVersion)
                  0000e13a    00000016     example_network_explorer.obj (.text:handleModuleError)
                  0000e150    00000016     rts430_eabi.lib : div16u.obj (.text)
                  0000e166    00000014                     : copy_zero_init.obj (.text:decompress:ZI:__TI_zero_init)
                  0000e17a    00000014     zm_phy_spi.obj (.text:getMessage)
                  0000e18e    00000014     rts430_eabi.lib : mult16.obj (.text)
                  0000e1a2    00000012                     : copy_decompress_none.obj (.text:decompress:none:__TI_decompress_none)
                  0000e1b4    00000012                     : memcpy.obj (.text:memcpy)
                  0000e1c6    00000010                     : epilog.obj (.text)
                  0000e1d6    0000000e     printf.obj (.text:out)
                  0000e1e4    0000000c     hal_launchpad.obj (.text:clearLeds)
                  0000e1f0    0000000c     hal_launchpad.obj (.text:putchar)
                  0000e1fc    0000000a     hal_launchpad.obj (.text:doNothing)
                  0000e206    0000000a     zm_phy_spi.obj (.text:moduleHasMessageWaiting)
                  0000e210    00000006     rts430_eabi.lib : isr_trap.obj (.text:_isr:__TI_ISR_TRAP)
                  0000e216    00000006                     : copy_decompress_rle.obj (.text:decompress:rle24:__TI_decompress_rle24)
                  0000e21c    00000006     example_network_explorer.obj (.text:handleDebugConsoleInterrupt)
                  0000e222    00000004     rts430_eabi.lib : pre_init.obj (.text:_system_pre_init)
                  0000e226    00000004                     : exit.obj (.text:abort)

.const     0    0000e22a    00001437     
                  0000e22a    00000556     example_network_explorer.obj (.const:.string)
                  0000e780    0000052e     module.obj (.const:.string)
                  0000ecae    00000492     zdo.obj (.const:.string)
                  0000f140    00000258     module_utilities.obj (.const:.string)
                  0000f398    00000101     rts430_eabi.lib : ctype.obj (.const:.string:_ctypes_)
                  0000f499    00000001     --HOLE-- [fill = 0]
                  0000f49a    000000fe     af.obj (.const:.string)
                  0000f598    0000007c     hal_launchpad.obj (.const:.string)
                  0000f614    0000002a     module_utilities.obj (.const)
                  0000f63e    00000018     utilities.obj (.const:.string)
                  0000f656    00000005     module_utilities.obj (.const:.string:$P$T0$1)
                  0000f65b    00000001     --HOLE-- [fill = 0]
                  0000f65c    00000005     module_utilities.obj (.const:.string:$P$T1$2)

.cinit     0    0000f662    0000002a     
                  0000f662    00000018     (.cinit..data.load) [load image, compression = rle]
                  0000f67a    00000006     (__TI_handler_table)
                  0000f680    00000004     (.cinit..bss.load) [load image, compression = zero_init]
                  0000f684    00000008     (__TI_cinit_table)

.init_array 
*          0    0000c000    00000000     UNINITIALIZED

.TI.noinit 
*          0    00000200    00000000     UNINITIALIZED

.TI.persistent 
*          0    000002e0    00000000     UNINITIALIZED

PORT1      0    0000ffe4    00000002     
                  0000ffe4    00000002     hal_launchpad.obj (.int02)

PORT2      0    0000ffe6    00000002     
                  0000ffe6    00000002     hal_launchpad.obj (.int03)

ADC10      0    0000ffea    00000002     
                  0000ffea    00000002     rts430_eabi.lib : int05.obj (.int05)

USCIAB0TX 
*          0    0000ffec    00000002     
                  0000ffec    00000002     rts430_eabi.lib : int06.obj (.int06)

USCIAB0RX 
*          0    0000ffee    00000002     
                  0000ffee    00000002     hal_launchpad.obj (.int07)

TIMER0_A1 
*          0    0000fff0    00000002     
                  0000fff0    00000002     rts430_eabi.lib : int08.obj (.int08)

TIMER0_A0 
*          0    0000fff2    00000002     
                  0000fff2    00000002     hal_launchpad.obj (.int09)

WDT        0    0000fff4    00000002     
                  0000fff4    00000002     hal_launchpad.obj (.int10)

COMPARATORA 
*          0    0000fff6    00000002     
                  0000fff6    00000002     rts430_eabi.lib : int11.obj (.int11)

TIMER1_A1 
*          0    0000fff8    00000002     
                  0000fff8    00000002     rts430_eabi.lib : int12.obj (.int12)

TIMER1_A0 
*          0    0000fffa    00000002     
                  0000fffa    00000002     rts430_eabi.lib : int13.obj (.int13)

NMI        0    0000fffc    00000002     
                  0000fffc    00000002     rts430_eabi.lib : int14.obj (.int14)

.reset     0    0000fffe    00000002     
                  0000fffe    00000002     rts430_eabi.lib : boot.obj (.reset)


LINKER GENERATED COPY TABLES

__TI_cinit_table @ 0000f684 records: 2, size/record: 4, table size: 8
	.data: load addr=0000f662, load size=00000018 bytes, run addr=000002e0, run size=0000001c bytes, compression=rle
	.bss: load addr=0000f680, load size=00000004 bytes, run addr=00000200, run size=000000e0 bytes, compression=zero_init


LINKER GENERATED HANDLER TABLE

__TI_handler_table @ 0000f67a records: 3, size/record: 2, table size: 6
	index: 0, handler: __TI_zero_init
	index: 1, handler: __TI_decompress_rle24
	index: 2, handler: __TI_decompress_none


GLOBAL SYMBOLS: SORTED ALPHABETICALLY BY Name 

address   name                                    
-------   ----                                    
0000004a  ADC10AE0                                
000001b0  ADC10CTL0                               
000001b2  ADC10CTL1                               
00000048  ADC10DTC0                               
00000049  ADC10DTC1                               
000001b4  ADC10MEM                                
000001bc  ADC10SA                                 
00000057  BCSCTL1                                 
00000058  BCSCTL2                                 
00000053  BCSCTL3                                 
0000e226  C$$EXIT                                 
00000059  CACTL1                                  
0000005a  CACTL2                                  
000010fb  CALBC1_12MHZ                            
000010f9  CALBC1_16MHZ                            
000010ff  CALBC1_1MHZ                             
000010fd  CALBC1_8MHZ                             
000010fa  CALDCO_12MHZ                            
000010f8  CALDCO_16MHZ                            
000010fe  CALDCO_1MHZ                             
000010fc  CALDCO_8MHZ                             
0000005b  CAPD                                    
00000056  DCOCTL                                  
0000f614  DEFAULT_MODULE_CONFIGURATION_COORDINATOR
0000f630  DEFAULT_MODULE_CONFIGURATION_END_DEVICE 
0000f622  DEFAULT_MODULE_CONFIGURATION_ROUTER     
00000128  FCTL1                                   
0000012a  FCTL2                                   
0000012c  FCTL3                                   
00000000  IE1                                     
00000001  IE2                                     
00000002  IFG1                                    
00000003  IFG2                                    
00000022  P1DIR                                   
00000025  P1IE                                    
00000024  P1IES                                   
00000023  P1IFG                                   
00000020  P1IN                                    
00000021  P1OUT                                   
00000027  P1REN                                   
00000026  P1SEL                                   
00000041  P1SEL2                                  
0000002a  P2DIR                                   
0000002d  P2IE                                    
0000002c  P2IES                                   
0000002b  P2IFG                                   
00000028  P2IN                                    
00000029  P2OUT                                   
0000002f  P2REN                                   
0000002e  P2SEL                                   
00000042  P2SEL2                                  
0000001a  P3DIR                                   
00000018  P3IN                                    
00000019  P3OUT                                   
00000010  P3REN                                   
0000001b  P3SEL                                   
00000043  P3SEL2                                  
0000dbfa  PORT1_ISR                               
0000dc90  PORT2_ISR                               
00000172  TA0CCR0                                 
00000174  TA0CCR1                                 
00000176  TA0CCR2                                 
00000162  TA0CCTL0                                
00000164  TA0CCTL1                                
00000166  TA0CCTL2                                
00000160  TA0CTL                                  
0000012e  TA0IV                                   
00000170  TA0R                                    
00000192  TA1CCR0                                 
00000194  TA1CCR1                                 
00000196  TA1CCR2                                 
00000182  TA1CCTL0                                
00000184  TA1CCTL1                                
00000186  TA1CCTL2                                
00000180  TA1CTL                                  
0000011e  TA1IV                                   
00000190  TA1R                                    
000010db  TLV_ADC10_1_LEN                         
000010da  TLV_ADC10_1_TAG                         
000010c0  TLV_CHECKSUM                            
000010f7  TLV_DCO_30_LEN                          
000010f6  TLV_DCO_30_TAG                          
0000df60  Timer_A0                                
0000005d  UCA0ABCTL                               
00000062  UCA0BR0                                 
00000063  UCA0BR1                                 
00000060  UCA0CTL0                                
00000061  UCA0CTL1                                
0000005f  UCA0IRRCTL                              
0000005e  UCA0IRTCTL                              
00000064  UCA0MCTL                                
00000066  UCA0RXBUF                               
00000065  UCA0STAT                                
00000067  UCA0TXBUF                               
0000006a  UCB0BR0                                 
0000006b  UCB0BR1                                 
00000068  UCB0CTL0                                
00000069  UCB0CTL1                                
0000006c  UCB0I2CIE                               
00000118  UCB0I2COA                               
0000011a  UCB0I2CSA                               
0000006e  UCB0RXBUF                               
0000006d  UCB0STAT                                
0000006f  UCB0TXBUF                               
0000df86  USCIAB0RX_ISR                           
00000120  WDTCTL                                  
000002f8  _Errno                                  
00000400  __STACK_END                             
00000050  __STACK_SIZE                            
0000f684  __TI_CINIT_Base                         
0000f68c  __TI_CINIT_Limit                        
0000f67a  __TI_Handler_Table_Base                 
0000f680  __TI_Handler_Table_Limit                
UNDEFED   __TI_INITARRAY_Base                     
UNDEFED   __TI_INITARRAY_Limit                    
0000e210  __TI_ISR_TRAP                           
0000e1a2  __TI_decompress_none                    
0000e216  __TI_decompress_rle24                   
0000ffe4  __TI_int02                              
0000ffe6  __TI_int03                              
0000ffea  __TI_int05                              
0000ffec  __TI_int06                              
0000ffee  __TI_int07                              
0000fff0  __TI_int08                              
0000fff2  __TI_int09                              
0000fff4  __TI_int10                              
0000fff6  __TI_int11                              
0000fff8  __TI_int12                              
0000fffa  __TI_int13                              
0000fffc  __TI_int14                              
0000e166  __TI_zero_init                          
ffffffff  __binit__                               
ffffffff  __c_args__                              
0000dd76  __mspabi_divi                           
0000e150  __mspabi_divu                           
0000d7fa  __mspabi_divul                          
0000e1d2  __mspabi_func_epilog_1                  
0000e1d0  __mspabi_func_epilog_2                  
0000e1ce  __mspabi_func_epilog_3                  
0000e1cc  __mspabi_func_epilog_4                  
0000e1ca  __mspabi_func_epilog_5                  
0000e1c8  __mspabi_func_epilog_6                  
0000e1c6  __mspabi_func_epilog_7                  
0000e18e  __mspabi_mpyi                           
0000e18e  __mspabi_mpyi_sw                        
0000dfac  __mspabi_mpyl                           
0000dfac  __mspabi_mpyl_sw                        
0000dd76  __mspabi_remi                           
0000e150  __mspabi_remu                           
0000d7fa  __mspabi_remul                          
0000d6e4  __mspabi_srll_1                         
0000d6ae  __mspabi_srll_10                        
0000d6a8  __mspabi_srll_11                        
0000d6a2  __mspabi_srll_12                        
0000d69c  __mspabi_srll_13                        
0000d696  __mspabi_srll_14                        
0000d690  __mspabi_srll_15                        
0000d6de  __mspabi_srll_2                         
0000d6d8  __mspabi_srll_3                         
0000d6d2  __mspabi_srll_4                         
0000d6cc  __mspabi_srll_5                         
0000d6c6  __mspabi_srll_6                         
0000d6c0  __mspabi_srll_7                         
0000d6ba  __mspabi_srll_8                         
0000d6b4  __mspabi_srll_9                         
0000d7a2  _auto_init                              
0000e0bc  _c_int00_noargs_noexit                  
0000f398  _ctypes_                                
0000fffe  _reset_vector                           
000003b0  _stack                                  
0000e222  _system_pre_init                        
0000e226  abort                                   
0000da88  afRegisterGenericApplication            
0000d0e0  afSendData                              
0000caa4  afSendDataExtended                      
ffffffff  binit                                   
000002d0  buttonIsr                               
0000e1e4  clearLeds                               
000002d2  debugConsoleIsr                         
0000e10a  delayMs                                 
0000c934  displayDeviceInformation                
0000cc06  displayMessage                          
0000ce78  displayNetworkConfigurationParameters   
0000da3c  displayReverseHexBytes                  
0000d49a  displaySysVersion                       
0000d632  displayVersion                          
0000cf56  displayZdoAddressResponse               
0000d24a  displayZdoEndDeviceAnnounce             
0000d8fe  displayZdoJoinConfirm                   
0000db14  displayZdoManagementLeaveResponse       
0000d502  displayZdoNetworkDiscoveryResponse      
0000dd1e  displayZdoStateChangeInd                
0000ddce  displayZmBuf                            
0000cd58  expressStartModule                      
0000de20  getConfigurationParameter               
0000d35a  getDeviceStateName                      
0000e17a  getMessage                              
0000de70  halInit                                 
0000e0d6  halSpiInitModule                        
0000de98  halUartInit                             
0000e21c  handleDebugConsoleInterrupt             
000002c6  longAddressEntered                      
0000dc2c  main                                    
0000e1b4  memcpy                                  
0000e206  moduleHasMessageWaiting                 
0000e0d6  moduleInit                              
0000d950  moduleReset                             
000002f1  moduleResult                            
0000dd4a  oscInit                                 
000002e4  pendingState                            
0000db52  portInit                                
0000d026  printAfIncomingMsgHeader                
0000dc5e  printHexBytes                           
0000c000  processCommand                          
0000e1f0  putchar                                 
0000db8a  sendMessage                             
0000d852  sendSreq                                
0000dfd2  setCallbacks                            
0000d9a0  setChannelMask                          
0000e042  setPanId                                
0000dda2  setPollRate                             
0000e062  setSecurityKey                          
0000d6ec  setSecurityMode                         
0000e01e  setStartupOptions                       
0000dff8  setZigbeeDeviceType                     
000002d6  shortAddressEntered                     
0000e080  spiWrite                                
000002d8  srdyIsr                                 
000002e2  state                                   
000002e6  stateFlags                              
0000dee8  strcspn                                 
0000df10  strspn                                  
0000d9ee  strtok                                  
0000c574  strtol                                  
0000dbc2  sysGpio                                 
0000dcc0  sysSetTxPower                           
000002da  sysTickIsr                              
0000e122  sysVersion                              
000002ec  testMessage                             
0000c78a  tfp_printf                              
000002dc  timerIsr                                
000002f4  vloFrequency                            
0000d430  waitForMessage                          
000002f2  wakeupFlags                             
0000e0f0  watchdog_timer                          
0000df38  zbGetDeviceInfo                         
0000dcf0  zbWriteConfiguration                    
0000d568  zdoNetworkAddressRequest                
0000d8a8  zdoRequestIeeeAddress                   
0000e09e  zdoStartApplication                     
000002e8  zigbeeDeviceType                        
000002eb  zigbeeNetworkStatus                     
00000200  zmBuf                                   
0000e0d6  zm_phy_init                             


GLOBAL SYMBOLS: SORTED BY Symbol Address 

address   name                                    
-------   ----                                    
00000000  IE1                                     
00000001  IE2                                     
00000002  IFG1                                    
00000003  IFG2                                    
00000010  P3REN                                   
00000018  P3IN                                    
00000019  P3OUT                                   
0000001a  P3DIR                                   
0000001b  P3SEL                                   
00000020  P1IN                                    
00000021  P1OUT                                   
00000022  P1DIR                                   
00000023  P1IFG                                   
00000024  P1IES                                   
00000025  P1IE                                    
00000026  P1SEL                                   
00000027  P1REN                                   
00000028  P2IN                                    
00000029  P2OUT                                   
0000002a  P2DIR                                   
0000002b  P2IFG                                   
0000002c  P2IES                                   
0000002d  P2IE                                    
0000002e  P2SEL                                   
0000002f  P2REN                                   
00000041  P1SEL2                                  
00000042  P2SEL2                                  
00000043  P3SEL2                                  
00000048  ADC10DTC0                               
00000049  ADC10DTC1                               
0000004a  ADC10AE0                                
00000050  __STACK_SIZE                            
00000053  BCSCTL3                                 
00000056  DCOCTL                                  
00000057  BCSCTL1                                 
00000058  BCSCTL2                                 
00000059  CACTL1                                  
0000005a  CACTL2                                  
0000005b  CAPD                                    
0000005d  UCA0ABCTL                               
0000005e  UCA0IRTCTL                              
0000005f  UCA0IRRCTL                              
00000060  UCA0CTL0                                
00000061  UCA0CTL1                                
00000062  UCA0BR0                                 
00000063  UCA0BR1                                 
00000064  UCA0MCTL                                
00000065  UCA0STAT                                
00000066  UCA0RXBUF                               
00000067  UCA0TXBUF                               
00000068  UCB0CTL0                                
00000069  UCB0CTL1                                
0000006a  UCB0BR0                                 
0000006b  UCB0BR1                                 
0000006c  UCB0I2CIE                               
0000006d  UCB0STAT                                
0000006e  UCB0RXBUF                               
0000006f  UCB0TXBUF                               
00000118  UCB0I2COA                               
0000011a  UCB0I2CSA                               
0000011e  TA1IV                                   
00000120  WDTCTL                                  
00000128  FCTL1                                   
0000012a  FCTL2                                   
0000012c  FCTL3                                   
0000012e  TA0IV                                   
00000160  TA0CTL                                  
00000162  TA0CCTL0                                
00000164  TA0CCTL1                                
00000166  TA0CCTL2                                
00000170  TA0R                                    
00000172  TA0CCR0                                 
00000174  TA0CCR1                                 
00000176  TA0CCR2                                 
00000180  TA1CTL                                  
00000182  TA1CCTL0                                
00000184  TA1CCTL1                                
00000186  TA1CCTL2                                
00000190  TA1R                                    
00000192  TA1CCR0                                 
00000194  TA1CCR1                                 
00000196  TA1CCR2                                 
000001b0  ADC10CTL0                               
000001b2  ADC10CTL1                               
000001b4  ADC10MEM                                
000001bc  ADC10SA                                 
00000200  zmBuf                                   
000002c6  longAddressEntered                      
000002d0  buttonIsr                               
000002d2  debugConsoleIsr                         
000002d6  shortAddressEntered                     
000002d8  srdyIsr                                 
000002da  sysTickIsr                              
000002dc  timerIsr                                
000002e2  state                                   
000002e4  pendingState                            
000002e6  stateFlags                              
000002e8  zigbeeDeviceType                        
000002eb  zigbeeNetworkStatus                     
000002ec  testMessage                             
000002f1  moduleResult                            
000002f2  wakeupFlags                             
000002f4  vloFrequency                            
000002f8  _Errno                                  
000003b0  _stack                                  
00000400  __STACK_END                             
000010c0  TLV_CHECKSUM                            
000010da  TLV_ADC10_1_TAG                         
000010db  TLV_ADC10_1_LEN                         
000010f6  TLV_DCO_30_TAG                          
000010f7  TLV_DCO_30_LEN                          
000010f8  CALDCO_16MHZ                            
000010f9  CALBC1_16MHZ                            
000010fa  CALDCO_12MHZ                            
000010fb  CALBC1_12MHZ                            
000010fc  CALDCO_8MHZ                             
000010fd  CALBC1_8MHZ                             
000010fe  CALDCO_1MHZ                             
000010ff  CALBC1_1MHZ                             
0000c000  processCommand                          
0000c574  strtol                                  
0000c78a  tfp_printf                              
0000c934  displayDeviceInformation                
0000caa4  afSendDataExtended                      
0000cc06  displayMessage                          
0000cd58  expressStartModule                      
0000ce78  displayNetworkConfigurationParameters   
0000cf56  displayZdoAddressResponse               
0000d026  printAfIncomingMsgHeader                
0000d0e0  afSendData                              
0000d24a  displayZdoEndDeviceAnnounce             
0000d35a  getDeviceStateName                      
0000d430  waitForMessage                          
0000d49a  displaySysVersion                       
0000d502  displayZdoNetworkDiscoveryResponse      
0000d568  zdoNetworkAddressRequest                
0000d632  displayVersion                          
0000d690  __mspabi_srll_15                        
0000d696  __mspabi_srll_14                        
0000d69c  __mspabi_srll_13                        
0000d6a2  __mspabi_srll_12                        
0000d6a8  __mspabi_srll_11                        
0000d6ae  __mspabi_srll_10                        
0000d6b4  __mspabi_srll_9                         
0000d6ba  __mspabi_srll_8                         
0000d6c0  __mspabi_srll_7                         
0000d6c6  __mspabi_srll_6                         
0000d6cc  __mspabi_srll_5                         
0000d6d2  __mspabi_srll_4                         
0000d6d8  __mspabi_srll_3                         
0000d6de  __mspabi_srll_2                         
0000d6e4  __mspabi_srll_1                         
0000d6ec  setSecurityMode                         
0000d7a2  _auto_init                              
0000d7fa  __mspabi_divul                          
0000d7fa  __mspabi_remul                          
0000d852  sendSreq                                
0000d8a8  zdoRequestIeeeAddress                   
0000d8fe  displayZdoJoinConfirm                   
0000d950  moduleReset                             
0000d9a0  setChannelMask                          
0000d9ee  strtok                                  
0000da3c  displayReverseHexBytes                  
0000da88  afRegisterGenericApplication            
0000db14  displayZdoManagementLeaveResponse       
0000db52  portInit                                
0000db8a  sendMessage                             
0000dbc2  sysGpio                                 
0000dbfa  PORT1_ISR                               
0000dc2c  main                                    
0000dc5e  printHexBytes                           
0000dc90  PORT2_ISR                               
0000dcc0  sysSetTxPower                           
0000dcf0  zbWriteConfiguration                    
0000dd1e  displayZdoStateChangeInd                
0000dd4a  oscInit                                 
0000dd76  __mspabi_divi                           
0000dd76  __mspabi_remi                           
0000dda2  setPollRate                             
0000ddce  displayZmBuf                            
0000de20  getConfigurationParameter               
0000de70  halInit                                 
0000de98  halUartInit                             
0000dee8  strcspn                                 
0000df10  strspn                                  
0000df38  zbGetDeviceInfo                         
0000df60  Timer_A0                                
0000df86  USCIAB0RX_ISR                           
0000dfac  __mspabi_mpyl                           
0000dfac  __mspabi_mpyl_sw                        
0000dfd2  setCallbacks                            
0000dff8  setZigbeeDeviceType                     
0000e01e  setStartupOptions                       
0000e042  setPanId                                
0000e062  setSecurityKey                          
0000e080  spiWrite                                
0000e09e  zdoStartApplication                     
0000e0bc  _c_int00_noargs_noexit                  
0000e0d6  halSpiInitModule                        
0000e0d6  moduleInit                              
0000e0d6  zm_phy_init                             
0000e0f0  watchdog_timer                          
0000e10a  delayMs                                 
0000e122  sysVersion                              
0000e150  __mspabi_divu                           
0000e150  __mspabi_remu                           
0000e166  __TI_zero_init                          
0000e17a  getMessage                              
0000e18e  __mspabi_mpyi                           
0000e18e  __mspabi_mpyi_sw                        
0000e1a2  __TI_decompress_none                    
0000e1b4  memcpy                                  
0000e1c6  __mspabi_func_epilog_7                  
0000e1c8  __mspabi_func_epilog_6                  
0000e1ca  __mspabi_func_epilog_5                  
0000e1cc  __mspabi_func_epilog_4                  
0000e1ce  __mspabi_func_epilog_3                  
0000e1d0  __mspabi_func_epilog_2                  
0000e1d2  __mspabi_func_epilog_1                  
0000e1e4  clearLeds                               
0000e1f0  putchar                                 
0000e206  moduleHasMessageWaiting                 
0000e210  __TI_ISR_TRAP                           
0000e216  __TI_decompress_rle24                   
0000e21c  handleDebugConsoleInterrupt             
0000e222  _system_pre_init                        
0000e226  C$$EXIT                                 
0000e226  abort                                   
0000f398  _ctypes_                                
0000f614  DEFAULT_MODULE_CONFIGURATION_COORDINATOR
0000f622  DEFAULT_MODULE_CONFIGURATION_ROUTER     
0000f630  DEFAULT_MODULE_CONFIGURATION_END_DEVICE 
0000f67a  __TI_Handler_Table_Base                 
0000f680  __TI_Handler_Table_Limit                
0000f684  __TI_CINIT_Base                         
0000f68c  __TI_CINIT_Limit                        
0000ffe4  __TI_int02                              
0000ffe6  __TI_int03                              
0000ffea  __TI_int05                              
0000ffec  __TI_int06                              
0000ffee  __TI_int07                              
0000fff0  __TI_int08                              
0000fff2  __TI_int09                              
0000fff4  __TI_int10                              
0000fff6  __TI_int11                              
0000fff8  __TI_int12                              
0000fffa  __TI_int13                              
0000fffc  __TI_int14                              
0000fffe  _reset_vector                           
ffffffff  __binit__                               
ffffffff  __c_args__                              
ffffffff  binit                                   
UNDEFED   __TI_INITARRAY_Base                     
UNDEFED   __TI_INITARRAY_Limit                    

[254 symbols]
