<?xml version="1.0"?>
<link_info>
   <banner>MSP430 Linker PC v4.4.5</banner>
   <copyright>Copyright (c) 2003-2015 Texas Instruments Incorporated</copyright>
   <link_time>0x561dbd37</link_time>
   <link_errors>0x0</link_errors>
   <output_file>Network Explorer.out</output_file>
   <entry_point>
      <name>_c_int00_noargs_noexit</name>
      <address>0xe0bc</address>
   </entry_point>
   <input_file_list>
      <input_file id="fl-2">
         <path>.\Source\</path>
         <kind>object</kind>
         <file>example_network_explorer.obj</file>
         <name>example_network_explorer.obj</name>
      </input_file>
      <input_file id="fl-3">
         <path>.\Source\</path>
         <kind>object</kind>
         <file>module_example_utils.obj</file>
         <name>module_example_utils.obj</name>
      </input_file>
      <input_file id="fl-4">
         <path>.\Source\ZM\</path>
         <kind>object</kind>
         <file>af.obj</file>
         <name>af.obj</name>
      </input_file>
      <input_file id="fl-5">
         <path>.\Source\ZM\</path>
         <kind>object</kind>
         <file>application_configuration.obj</file>
         <name>application_configuration.obj</name>
      </input_file>
      <input_file id="fl-6">
         <path>.\Source\ZM\</path>
         <kind>object</kind>
         <file>module.obj</file>
         <name>module.obj</name>
      </input_file>
      <input_file id="fl-7">
         <path>.\Source\ZM\</path>
         <kind>object</kind>
         <file>module_errors.obj</file>
         <name>module_errors.obj</name>
      </input_file>
      <input_file id="fl-8">
         <path>.\Source\ZM\</path>
         <kind>object</kind>
         <file>module_utilities.obj</file>
         <name>module_utilities.obj</name>
      </input_file>
      <input_file id="fl-9">
         <path>.\Source\ZM\</path>
         <kind>object</kind>
         <file>zdo.obj</file>
         <name>zdo.obj</name>
      </input_file>
      <input_file id="fl-a">
         <path>.\Source\ZM\</path>
         <kind>object</kind>
         <file>zm_phy_spi.obj</file>
         <name>zm_phy_spi.obj</name>
      </input_file>
      <input_file id="fl-b">
         <path>.\Source\HAL\</path>
         <kind>object</kind>
         <file>hal_launchpad.obj</file>
         <name>hal_launchpad.obj</name>
      </input_file>
      <input_file id="fl-c">
         <path>.\Source\Common\</path>
         <kind>object</kind>
         <file>printf.obj</file>
         <name>printf.obj</name>
      </input_file>
      <input_file id="fl-d">
         <path>.\Source\Common\</path>
         <kind>object</kind>
         <file>utilities.obj</file>
         <name>utilities.obj</name>
      </input_file>
      <input_file id="fl-3c">
         <path>C:\ti\ccsv6\tools\compiler\ti-cgt-msp430_4.4.5\lib\</path>
         <kind>archive</kind>
         <file>rts430_eabi.lib</file>
         <name>atoi.obj</name>
      </input_file>
      <input_file id="fl-3d">
         <path>C:\ti\ccsv6\tools\compiler\ti-cgt-msp430_4.4.5\lib\</path>
         <kind>archive</kind>
         <file>rts430_eabi.lib</file>
         <name>boot.obj</name>
      </input_file>
      <input_file id="fl-3e">
         <path>C:\ti\ccsv6\tools\compiler\ti-cgt-msp430_4.4.5\lib\</path>
         <kind>archive</kind>
         <file>rts430_eabi.lib</file>
         <name>boot_special.obj</name>
      </input_file>
      <input_file id="fl-3f">
         <path>C:\ti\ccsv6\tools\compiler\ti-cgt-msp430_4.4.5\lib\</path>
         <kind>archive</kind>
         <file>rts430_eabi.lib</file>
         <name>copy_decompress_none.obj</name>
      </input_file>
      <input_file id="fl-40">
         <path>C:\ti\ccsv6\tools\compiler\ti-cgt-msp430_4.4.5\lib\</path>
         <kind>archive</kind>
         <file>rts430_eabi.lib</file>
         <name>copy_decompress_rle.obj</name>
      </input_file>
      <input_file id="fl-41">
         <path>C:\ti\ccsv6\tools\compiler\ti-cgt-msp430_4.4.5\lib\</path>
         <kind>archive</kind>
         <file>rts430_eabi.lib</file>
         <name>copy_zero_init.obj</name>
      </input_file>
      <input_file id="fl-42">
         <path>C:\ti\ccsv6\tools\compiler\ti-cgt-msp430_4.4.5\lib\</path>
         <kind>archive</kind>
         <file>rts430_eabi.lib</file>
         <name>ctype.obj</name>
      </input_file>
      <input_file id="fl-43">
         <path>C:\ti\ccsv6\tools\compiler\ti-cgt-msp430_4.4.5\lib\</path>
         <kind>archive</kind>
         <file>rts430_eabi.lib</file>
         <name>div16s.obj</name>
      </input_file>
      <input_file id="fl-44">
         <path>C:\ti\ccsv6\tools\compiler\ti-cgt-msp430_4.4.5\lib\</path>
         <kind>archive</kind>
         <file>rts430_eabi.lib</file>
         <name>div16u.obj</name>
      </input_file>
      <input_file id="fl-45">
         <path>C:\ti\ccsv6\tools\compiler\ti-cgt-msp430_4.4.5\lib\</path>
         <kind>archive</kind>
         <file>rts430_eabi.lib</file>
         <name>div32u.obj</name>
      </input_file>
      <input_file id="fl-46">
         <path>C:\ti\ccsv6\tools\compiler\ti-cgt-msp430_4.4.5\lib\</path>
         <kind>archive</kind>
         <file>rts430_eabi.lib</file>
         <name>epilog.obj</name>
      </input_file>
      <input_file id="fl-47">
         <path>C:\ti\ccsv6\tools\compiler\ti-cgt-msp430_4.4.5\lib\</path>
         <kind>archive</kind>
         <file>rts430_eabi.lib</file>
         <name>errno.obj</name>
      </input_file>
      <input_file id="fl-48">
         <path>C:\ti\ccsv6\tools\compiler\ti-cgt-msp430_4.4.5\lib\</path>
         <kind>archive</kind>
         <file>rts430_eabi.lib</file>
         <name>exit.obj</name>
      </input_file>
      <input_file id="fl-49">
         <path>C:\ti\ccsv6\tools\compiler\ti-cgt-msp430_4.4.5\lib\</path>
         <kind>archive</kind>
         <file>rts430_eabi.lib</file>
         <name>exit_gvars.obj</name>
      </input_file>
      <input_file id="fl-4a">
         <path>C:\ti\ccsv6\tools\compiler\ti-cgt-msp430_4.4.5\lib\</path>
         <kind>archive</kind>
         <file>rts430_eabi.lib</file>
         <name>fs_div.obj</name>
      </input_file>
      <input_file id="fl-4b">
         <path>C:\ti\ccsv6\tools\compiler\ti-cgt-msp430_4.4.5\lib\</path>
         <kind>archive</kind>
         <file>rts430_eabi.lib</file>
         <name>fs_mpy.obj</name>
      </input_file>
      <input_file id="fl-4c">
         <path>C:\ti\ccsv6\tools\compiler\ti-cgt-msp430_4.4.5\lib\</path>
         <kind>archive</kind>
         <file>rts430_eabi.lib</file>
         <name>fs_tou.obj</name>
      </input_file>
      <input_file id="fl-4d">
         <path>C:\ti\ccsv6\tools\compiler\ti-cgt-msp430_4.4.5\lib\</path>
         <kind>archive</kind>
         <file>rts430_eabi.lib</file>
         <name>fs_ultof.obj</name>
      </input_file>
      <input_file id="fl-4e">
         <path>C:\ti\ccsv6\tools\compiler\ti-cgt-msp430_4.4.5\lib\</path>
         <kind>archive</kind>
         <file>rts430_eabi.lib</file>
         <name>fs_utof.obj</name>
      </input_file>
      <input_file id="fl-4f">
         <path>C:\ti\ccsv6\tools\compiler\ti-cgt-msp430_4.4.5\lib\</path>
         <kind>archive</kind>
         <file>rts430_eabi.lib</file>
         <name>int05.obj</name>
      </input_file>
      <input_file id="fl-50">
         <path>C:\ti\ccsv6\tools\compiler\ti-cgt-msp430_4.4.5\lib\</path>
         <kind>archive</kind>
         <file>rts430_eabi.lib</file>
         <name>int06.obj</name>
      </input_file>
      <input_file id="fl-51">
         <path>C:\ti\ccsv6\tools\compiler\ti-cgt-msp430_4.4.5\lib\</path>
         <kind>archive</kind>
         <file>rts430_eabi.lib</file>
         <name>int08.obj</name>
      </input_file>
      <input_file id="fl-52">
         <path>C:\ti\ccsv6\tools\compiler\ti-cgt-msp430_4.4.5\lib\</path>
         <kind>archive</kind>
         <file>rts430_eabi.lib</file>
         <name>int11.obj</name>
      </input_file>
      <input_file id="fl-53">
         <path>C:\ti\ccsv6\tools\compiler\ti-cgt-msp430_4.4.5\lib\</path>
         <kind>archive</kind>
         <file>rts430_eabi.lib</file>
         <name>int12.obj</name>
      </input_file>
      <input_file id="fl-54">
         <path>C:\ti\ccsv6\tools\compiler\ti-cgt-msp430_4.4.5\lib\</path>
         <kind>archive</kind>
         <file>rts430_eabi.lib</file>
         <name>int13.obj</name>
      </input_file>
      <input_file id="fl-55">
         <path>C:\ti\ccsv6\tools\compiler\ti-cgt-msp430_4.4.5\lib\</path>
         <kind>archive</kind>
         <file>rts430_eabi.lib</file>
         <name>int14.obj</name>
      </input_file>
      <input_file id="fl-56">
         <path>C:\ti\ccsv6\tools\compiler\ti-cgt-msp430_4.4.5\lib\</path>
         <kind>archive</kind>
         <file>rts430_eabi.lib</file>
         <name>isr_trap.obj</name>
      </input_file>
      <input_file id="fl-57">
         <path>C:\ti\ccsv6\tools\compiler\ti-cgt-msp430_4.4.5\lib\</path>
         <kind>archive</kind>
         <file>rts430_eabi.lib</file>
         <name>lsl32.obj</name>
      </input_file>
      <input_file id="fl-58">
         <path>C:\ti\ccsv6\tools\compiler\ti-cgt-msp430_4.4.5\lib\</path>
         <kind>archive</kind>
         <file>rts430_eabi.lib</file>
         <name>lsr32.obj</name>
      </input_file>
      <input_file id="fl-59">
         <path>C:\ti\ccsv6\tools\compiler\ti-cgt-msp430_4.4.5\lib\</path>
         <kind>archive</kind>
         <file>rts430_eabi.lib</file>
         <name>memcpy.obj</name>
      </input_file>
      <input_file id="fl-5a">
         <path>C:\ti\ccsv6\tools\compiler\ti-cgt-msp430_4.4.5\lib\</path>
         <kind>archive</kind>
         <file>rts430_eabi.lib</file>
         <name>memset.obj</name>
      </input_file>
      <input_file id="fl-5b">
         <path>C:\ti\ccsv6\tools\compiler\ti-cgt-msp430_4.4.5\lib\</path>
         <kind>archive</kind>
         <file>rts430_eabi.lib</file>
         <name>mpu_init.obj</name>
      </input_file>
      <input_file id="fl-5c">
         <path>C:\ti\ccsv6\tools\compiler\ti-cgt-msp430_4.4.5\lib\</path>
         <kind>archive</kind>
         <file>rts430_eabi.lib</file>
         <name>mult16.obj</name>
      </input_file>
      <input_file id="fl-5d">
         <path>C:\ti\ccsv6\tools\compiler\ti-cgt-msp430_4.4.5\lib\</path>
         <kind>archive</kind>
         <file>rts430_eabi.lib</file>
         <name>mult32.obj</name>
      </input_file>
      <input_file id="fl-5e">
         <path>C:\ti\ccsv6\tools\compiler\ti-cgt-msp430_4.4.5\lib\</path>
         <kind>archive</kind>
         <file>rts430_eabi.lib</file>
         <name>pre_init.obj</name>
      </input_file>
      <input_file id="fl-5f">
         <path>C:\ti\ccsv6\tools\compiler\ti-cgt-msp430_4.4.5\lib\</path>
         <kind>archive</kind>
         <file>rts430_eabi.lib</file>
         <name>strtok.obj</name>
      </input_file>
      <input_file id="fl-60">
         <path>C:\ti\ccsv6\tools\compiler\ti-cgt-msp430_4.4.5\lib\</path>
         <kind>archive</kind>
         <file>rts430_eabi.lib</file>
         <name>strtol.obj</name>
      </input_file>
      <input_file id="fl-61">
         <path>C:\ti\ccsv6\tools\compiler\ti-cgt-msp430_4.4.5\lib\</path>
         <kind>archive</kind>
         <file>rts430_eabi.lib</file>
         <name>_lock.obj</name>
      </input_file>
      <input_file id="fl-62">
         <path>C:\ti\ccsv6\tools\compiler\ti-cgt-msp430_4.4.5\lib\</path>
         <kind>archive</kind>
         <file>rts430_eabi.lib</file>
         <name>args_main.obj</name>
      </input_file>
      <input_file id="fl-63">
         <path>C:\ti\ccsv6\tools\compiler\ti-cgt-msp430_4.4.5\lib\</path>
         <kind>archive</kind>
         <file>rts430_eabi.lib</file>
         <name>autoinit.obj</name>
      </input_file>
      <input_file id="fl-64">
         <path>C:\ti\ccsv6\tools\compiler\ti-cgt-msp430_4.4.5\lib\</path>
         <kind>archive</kind>
         <file>rts430_eabi.lib</file>
         <name>strcspn.obj</name>
      </input_file>
      <input_file id="fl-65">
         <path>C:\ti\ccsv6\tools\compiler\ti-cgt-msp430_4.4.5\lib\</path>
         <kind>archive</kind>
         <file>rts430_eabi.lib</file>
         <name>strspn.obj</name>
      </input_file>
   </input_file_list>
   <object_component_list>
      <object_component id="oc-89">
         <name>.stack</name>
         <uninitialized>true</uninitialized>
         <run_address>0x3b0</run_address>
         <size>0x2</size>
         <input_file_ref idref="fl-3d"/>
      </object_component>
      <object_component id="oc-454">
         <name>.stack</name>
         <uninitialized>true</uninitialized>
         <run_address>0x3b0</run_address>
         <size>0x0</size>
      </object_component>
      <object_component id="oc-21e">
         <name>.text:processCommand</name>
         <load_address>0xc000</load_address>
         <run_address>0xc000</run_address>
         <size>0x2dc</size>
         <input_file_ref idref="fl-2"/>
      </object_component>
      <object_component id="oc-167">
         <name>.text:stateMachine</name>
         <load_address>0xc2dc</load_address>
         <run_address>0xc2dc</run_address>
         <size>0x298</size>
         <input_file_ref idref="fl-2"/>
      </object_component>
      <object_component id="oc-2d0">
         <name>.text:strtol</name>
         <load_address>0xc574</load_address>
         <run_address>0xc574</run_address>
         <size>0x216</size>
         <input_file_ref idref="fl-60"/>
      </object_component>
      <object_component id="oc-155">
         <name>.text:tfp_printf</name>
         <load_address>0xc78a</load_address>
         <run_address>0xc78a</run_address>
         <size>0x1aa</size>
         <input_file_ref idref="fl-c"/>
      </object_component>
      <object_component id="oc-22a">
         <name>.text:displayDeviceInformation</name>
         <load_address>0xc934</load_address>
         <run_address>0xc934</run_address>
         <size>0x170</size>
         <input_file_ref idref="fl-6"/>
      </object_component>
      <object_component id="oc-212">
         <name>.text:afSendDataExtended</name>
         <load_address>0xcaa4</load_address>
         <run_address>0xcaa4</run_address>
         <size>0x162</size>
         <input_file_ref idref="fl-4"/>
      </object_component>
      <object_component id="oc-242">
         <name>.text:displayMessage</name>
         <load_address>0xcc06</load_address>
         <run_address>0xcc06</run_address>
         <size>0x152</size>
         <input_file_ref idref="fl-8"/>
      </object_component>
      <object_component id="oc-251">
         <name>.text:expressStartModule</name>
         <load_address>0xcd58</load_address>
         <run_address>0xcd58</run_address>
         <size>0x120</size>
         <input_file_ref idref="fl-8"/>
      </object_component>
      <object_component id="oc-224">
         <name>.text:displayNetworkConfigurationParameters</name>
         <load_address>0xce78</load_address>
         <run_address>0xce78</run_address>
         <size>0xde</size>
         <input_file_ref idref="fl-6"/>
      </object_component>
      <object_component id="oc-1fd">
         <name>.text:displayZdoAddressResponse</name>
         <load_address>0xcf56</load_address>
         <run_address>0xcf56</run_address>
         <size>0xd0</size>
         <input_file_ref idref="fl-9"/>
      </object_component>
      <object_component id="oc-314">
         <name>.text:printAfIncomingMsgHeader</name>
         <load_address>0xd026</load_address>
         <run_address>0xd026</run_address>
         <size>0xba</size>
         <input_file_ref idref="fl-4"/>
      </object_component>
      <object_component id="oc-206">
         <name>.text:afSendData</name>
         <load_address>0xd0e0</load_address>
         <run_address>0xd0e0</run_address>
         <size>0xb6</size>
         <input_file_ref idref="fl-4"/>
      </object_component>
      <object_component id="oc-32b">
         <name>.text:setModuleRfPower</name>
         <load_address>0xd196</load_address>
         <run_address>0xd196</run_address>
         <size>0xb4</size>
         <input_file_ref idref="fl-8"/>
      </object_component>
      <object_component id="oc-2fc">
         <name>.text:displayZdoEndDeviceAnnounce</name>
         <load_address>0xd24a</load_address>
         <run_address>0xd24a</run_address>
         <size>0x88</size>
         <input_file_ref idref="fl-9"/>
      </object_component>
      <object_component id="oc-36d">
         <name>.text:waitForDeviceState</name>
         <load_address>0xd2d2</load_address>
         <run_address>0xd2d2</run_address>
         <size>0x88</size>
         <input_file_ref idref="fl-8"/>
      </object_component>
      <object_component id="oc-2df">
         <name>.text:getDeviceStateName</name>
         <load_address>0xd35a</load_address>
         <run_address>0xd35a</run_address>
         <size>0x6c</size>
         <input_file_ref idref="fl-6"/>
      </object_component>
      <object_component id="oc-230">
         <name>.text:displayCommandLineInterfaceHelp</name>
         <load_address>0xd3c6</load_address>
         <run_address>0xd3c6</run_address>
         <size>0x6a</size>
         <input_file_ref idref="fl-2"/>
      </object_component>
      <object_component id="oc-296">
         <name>.text:waitForMessage</name>
         <load_address>0xd430</load_address>
         <run_address>0xd430</run_address>
         <size>0x6a</size>
         <input_file_ref idref="fl-6"/>
      </object_component>
      <object_component id="oc-2bb">
         <name>.text:displaySysVersion</name>
         <load_address>0xd49a</load_address>
         <run_address>0xd49a</run_address>
         <size>0x68</size>
         <input_file_ref idref="fl-6"/>
      </object_component>
      <object_component id="oc-30e">
         <name>.text:displayZdoNetworkDiscoveryResponse</name>
         <load_address>0xd502</load_address>
         <run_address>0xd502</run_address>
         <size>0x66</size>
         <input_file_ref idref="fl-9"/>
      </object_component>
      <object_component id="oc-1ed">
         <name>.text:zdoNetworkAddressRequest</name>
         <load_address>0xd568</load_address>
         <run_address>0xd568</run_address>
         <size>0x66</size>
         <input_file_ref idref="fl-9"/>
      </object_component>
      <object_component id="oc-9a">
         <name>.text:__TI_decompress_rle_core</name>
         <load_address>0xd5ce</load_address>
         <run_address>0xd5ce</run_address>
         <size>0x64</size>
         <input_file_ref idref="fl-40"/>
      </object_component>
      <object_component id="oc-1b3">
         <name>.text:displayVersion</name>
         <load_address>0xd632</load_address>
         <run_address>0xd632</run_address>
         <size>0x5e</size>
         <input_file_ref idref="fl-b"/>
      </object_component>
      <object_component id="oc-3e3">
         <name>.text:l_lsr_const</name>
         <load_address>0xd690</load_address>
         <run_address>0xd690</run_address>
         <size>0x5c</size>
         <input_file_ref idref="fl-58"/>
      </object_component>
      <object_component id="oc-34f">
         <name>.text:setSecurityMode</name>
         <load_address>0xd6ec</load_address>
         <run_address>0xd6ec</run_address>
         <size>0x5c</size>
         <input_file_ref idref="fl-6"/>
      </object_component>
      <object_component id="oc-3c1">
         <name>.text:displayNetworkList</name>
         <load_address>0xd748</load_address>
         <run_address>0xd748</run_address>
         <size>0x5a</size>
         <input_file_ref idref="fl-9"/>
      </object_component>
      <object_component id="oc-d7">
         <name>.text:_auto_init</name>
         <load_address>0xd7a2</load_address>
         <run_address>0xd7a2</run_address>
         <size>0x58</size>
         <input_file_ref idref="fl-63"/>
      </object_component>
      <object_component id="oc-3a7">
         <name>.text</name>
         <load_address>0xd7fa</load_address>
         <run_address>0xd7fa</run_address>
         <size>0x58</size>
         <input_file_ref idref="fl-45"/>
      </object_component>
      <object_component id="oc-2ee">
         <name>.text:sendSreq</name>
         <load_address>0xd852</load_address>
         <run_address>0xd852</run_address>
         <size>0x56</size>
         <input_file_ref idref="fl-a"/>
      </object_component>
      <object_component id="oc-1f4">
         <name>.text:zdoRequestIeeeAddress</name>
         <load_address>0xd8a8</load_address>
         <run_address>0xd8a8</run_address>
         <size>0x56</size>
         <input_file_ref idref="fl-9"/>
      </object_component>
      <object_component id="oc-2f6">
         <name>.text:displayZdoJoinConfirm</name>
         <load_address>0xd8fe</load_address>
         <run_address>0xd8fe</run_address>
         <size>0x52</size>
         <input_file_ref idref="fl-9"/>
      </object_component>
      <object_component id="oc-31f">
         <name>.text:moduleReset</name>
         <load_address>0xd950</load_address>
         <run_address>0xd950</run_address>
         <size>0x50</size>
         <input_file_ref idref="fl-6"/>
      </object_component>
      <object_component id="oc-33d">
         <name>.text:setChannelMask</name>
         <load_address>0xd9a0</load_address>
         <run_address>0xd9a0</run_address>
         <size>0x4e</size>
         <input_file_ref idref="fl-6"/>
      </object_component>
      <object_component id="oc-2c7">
         <name>.text:strtok</name>
         <load_address>0xd9ee</load_address>
         <run_address>0xd9ee</run_address>
         <size>0x4e</size>
         <input_file_ref idref="fl-5f"/>
      </object_component>
      <object_component id="oc-405">
         <name>.text:displayReverseHexBytes</name>
         <load_address>0xda3c</load_address>
         <run_address>0xda3c</run_address>
         <size>0x4c</size>
         <input_file_ref idref="fl-d"/>
      </object_component>
      <object_component id="oc-35b">
         <name>.text:afRegisterGenericApplication</name>
         <load_address>0xda88</load_address>
         <run_address>0xda88</run_address>
         <size>0x48</size>
         <input_file_ref idref="fl-4"/>
      </object_component>
      <object_component id="oc-2ad">
         <name>.text:afDataStore</name>
         <load_address>0xdad0</load_address>
         <run_address>0xdad0</run_address>
         <size>0x44</size>
         <input_file_ref idref="fl-4"/>
      </object_component>
      <object_component id="oc-308">
         <name>.text:displayZdoManagementLeaveResponse</name>
         <load_address>0xdb14</load_address>
         <run_address>0xdb14</run_address>
         <size>0x3e</size>
         <input_file_ref idref="fl-9"/>
      </object_component>
      <object_component id="oc-1a1">
         <name>.text:portInit</name>
         <load_address>0xdb52</load_address>
         <run_address>0xdb52</run_address>
         <size>0x38</size>
         <input_file_ref idref="fl-b"/>
      </object_component>
      <object_component id="oc-28d">
         <name>.text:sendMessage</name>
         <load_address>0xdb8a</load_address>
         <run_address>0xdb8a</run_address>
         <size>0x38</size>
         <input_file_ref idref="fl-a"/>
      </object_component>
      <object_component id="oc-257">
         <name>.text:sysGpio</name>
         <load_address>0xdbc2</load_address>
         <run_address>0xdbc2</run_address>
         <size>0x38</size>
         <input_file_ref idref="fl-6"/>
      </object_component>
      <object_component id="oc-a7">
         <name>.text:PORT1_ISR</name>
         <load_address>0xdbfa</load_address>
         <run_address>0xdbfa</run_address>
         <size>0x32</size>
         <input_file_ref idref="fl-b"/>
      </object_component>
      <object_component id="oc-f1">
         <name>.text:main</name>
         <load_address>0xdc2c</load_address>
         <run_address>0xdc2c</run_address>
         <size>0x32</size>
         <input_file_ref idref="fl-2"/>
      </object_component>
      <object_component id="oc-20c">
         <name>.text:printHexBytes</name>
         <load_address>0xdc5e</load_address>
         <run_address>0xdc5e</run_address>
         <size>0x32</size>
         <input_file_ref idref="fl-d"/>
      </object_component>
      <object_component id="oc-ad">
         <name>.text:PORT2_ISR</name>
         <load_address>0xdc90</load_address>
         <run_address>0xdc90</run_address>
         <size>0x30</size>
         <input_file_ref idref="fl-b"/>
      </object_component>
      <object_component id="oc-3da">
         <name>.text:sysSetTxPower</name>
         <load_address>0xdcc0</load_address>
         <run_address>0xdcc0</run_address>
         <size>0x30</size>
         <input_file_ref idref="fl-6"/>
      </object_component>
      <object_component id="oc-3cd">
         <name>.text:zbWriteConfiguration</name>
         <load_address>0xdcf0</load_address>
         <run_address>0xdcf0</run_address>
         <size>0x2e</size>
         <input_file_ref idref="fl-6"/>
      </object_component>
      <object_component id="oc-302">
         <name>.text:displayZdoStateChangeInd</name>
         <load_address>0xdd1e</load_address>
         <run_address>0xdd1e</run_address>
         <size>0x2c</size>
         <input_file_ref idref="fl-9"/>
      </object_component>
      <object_component id="oc-19b">
         <name>.text:oscInit</name>
         <load_address>0xdd4a</load_address>
         <run_address>0xdd4a</run_address>
         <size>0x2c</size>
         <input_file_ref idref="fl-b"/>
      </object_component>
      <object_component id="oc-2c2">
         <name>.text</name>
         <load_address>0xdd76</load_address>
         <run_address>0xdd76</run_address>
         <size>0x2c</size>
         <input_file_ref idref="fl-43"/>
      </object_component>
      <object_component id="oc-331">
         <name>.text:setPollRate</name>
         <load_address>0xdda2</load_address>
         <run_address>0xdda2</run_address>
         <size>0x2c</size>
         <input_file_ref idref="fl-6"/>
      </object_component>
      <object_component id="oc-384">
         <name>.text:displayZmBuf</name>
         <load_address>0xddce</load_address>
         <run_address>0xddce</run_address>
         <size>0x2a</size>
         <input_file_ref idref="fl-6"/>
      </object_component>
      <object_component id="oc-1c4">
         <name>.text:divOut</name>
         <load_address>0xddf8</load_address>
         <run_address>0xddf8</run_address>
         <size>0x28</size>
         <input_file_ref idref="fl-c"/>
      </object_component>
      <object_component id="oc-2d8">
         <name>.text:getConfigurationParameter</name>
         <load_address>0xde20</load_address>
         <run_address>0xde20</run_address>
         <size>0x28</size>
         <input_file_ref idref="fl-6"/>
      </object_component>
      <object_component id="oc-367">
         <name>.text:getDeviceStateForDeviceType</name>
         <load_address>0xde48</load_address>
         <run_address>0xde48</run_address>
         <size>0x28</size>
         <input_file_ref idref="fl-8"/>
      </object_component>
      <object_component id="oc-148">
         <name>.text:halInit</name>
         <load_address>0xde70</load_address>
         <run_address>0xde70</run_address>
         <size>0x28</size>
         <input_file_ref idref="fl-b"/>
      </object_component>
      <object_component id="oc-1a7">
         <name>.text:halUartInit</name>
         <load_address>0xde98</load_address>
         <run_address>0xde98</run_address>
         <size>0x28</size>
         <input_file_ref idref="fl-b"/>
      </object_component>
      <object_component id="oc-1ca">
         <name>.text:outDgt</name>
         <load_address>0xdec0</load_address>
         <run_address>0xdec0</run_address>
         <size>0x28</size>
         <input_file_ref idref="fl-c"/>
      </object_component>
      <object_component id="oc-39a">
         <name>.text:strcspn</name>
         <load_address>0xdee8</load_address>
         <run_address>0xdee8</run_address>
         <size>0x28</size>
         <input_file_ref idref="fl-64"/>
      </object_component>
      <object_component id="oc-394">
         <name>.text:strspn</name>
         <load_address>0xdf10</load_address>
         <run_address>0xdf10</run_address>
         <size>0x28</size>
         <input_file_ref idref="fl-65"/>
      </object_component>
      <object_component id="oc-2e5">
         <name>.text:zbGetDeviceInfo</name>
         <load_address>0xdf38</load_address>
         <run_address>0xdf38</run_address>
         <size>0x28</size>
         <input_file_ref idref="fl-6"/>
      </object_component>
      <object_component id="oc-be">
         <name>.text:Timer_A0</name>
         <load_address>0xdf60</load_address>
         <run_address>0xdf60</run_address>
         <size>0x26</size>
         <input_file_ref idref="fl-b"/>
      </object_component>
      <object_component id="oc-b8">
         <name>.text:USCIAB0RX_ISR</name>
         <load_address>0xdf86</load_address>
         <run_address>0xdf86</run_address>
         <size>0x26</size>
         <input_file_ref idref="fl-b"/>
      </object_component>
      <object_component id="oc-3ac">
         <name>.text</name>
         <load_address>0xdfac</load_address>
         <run_address>0xdfac</run_address>
         <size>0x26</size>
         <input_file_ref idref="fl-5d"/>
      </object_component>
      <object_component id="oc-349">
         <name>.text:setCallbacks</name>
         <load_address>0xdfd2</load_address>
         <run_address>0xdfd2</run_address>
         <size>0x26</size>
         <input_file_ref idref="fl-6"/>
      </object_component>
      <object_component id="oc-337">
         <name>.text:setZigbeeDeviceType</name>
         <load_address>0xdff8</load_address>
         <run_address>0xdff8</run_address>
         <size>0x26</size>
         <input_file_ref idref="fl-6"/>
      </object_component>
      <object_component id="oc-325">
         <name>.text:setStartupOptions</name>
         <load_address>0xe01e</load_address>
         <run_address>0xe01e</run_address>
         <size>0x24</size>
         <input_file_ref idref="fl-6"/>
      </object_component>
      <object_component id="oc-343">
         <name>.text:setPanId</name>
         <load_address>0xe042</load_address>
         <run_address>0xe042</run_address>
         <size>0x20</size>
         <input_file_ref idref="fl-6"/>
      </object_component>
      <object_component id="oc-355">
         <name>.text:setSecurityKey</name>
         <load_address>0xe062</load_address>
         <run_address>0xe062</run_address>
         <size>0x1e</size>
         <input_file_ref idref="fl-6"/>
      </object_component>
      <object_component id="oc-3b6">
         <name>.text:spiWrite</name>
         <load_address>0xe080</load_address>
         <run_address>0xe080</run_address>
         <size>0x1e</size>
         <input_file_ref idref="fl-b"/>
      </object_component>
      <object_component id="oc-361">
         <name>.text:zdoStartApplication</name>
         <load_address>0xe09e</load_address>
         <run_address>0xe09e</run_address>
         <size>0x1e</size>
         <input_file_ref idref="fl-9"/>
      </object_component>
      <object_component id="oc-65">
         <name>.text:_c_int00_noargs_noexit</name>
         <load_address>0xe0bc</load_address>
         <run_address>0xe0bc</run_address>
         <size>0x1a</size>
         <input_file_ref idref="fl-3e"/>
      </object_component>
      <object_component id="oc-14e">
         <name>.text:halSpiInitModule</name>
         <load_address>0xe0d6</load_address>
         <run_address>0xe0d6</run_address>
         <size>0x1a</size>
         <input_file_ref idref="fl-b"/>
      </object_component>
      <object_component id="oc-c4">
         <name>.text:watchdog_timer</name>
         <load_address>0xe0f0</load_address>
         <run_address>0xe0f0</run_address>
         <size>0x1a</size>
         <input_file_ref idref="fl-b"/>
      </object_component>
      <object_component id="oc-248">
         <name>.text:delayMs</name>
         <load_address>0xe10a</load_address>
         <run_address>0xe10a</run_address>
         <size>0x18</size>
         <input_file_ref idref="fl-b"/>
      </object_component>
      <object_component id="oc-2b5">
         <name>.text:sysVersion</name>
         <load_address>0xe122</load_address>
         <run_address>0xe122</run_address>
         <size>0x18</size>
         <input_file_ref idref="fl-6"/>
      </object_component>
      <object_component id="oc-218">
         <name>.text:handleModuleError</name>
         <load_address>0xe13a</load_address>
         <run_address>0xe13a</run_address>
         <size>0x16</size>
         <input_file_ref idref="fl-2"/>
      </object_component>
      <object_component id="oc-38b">
         <name>.text</name>
         <load_address>0xe150</load_address>
         <run_address>0xe150</run_address>
         <size>0x16</size>
         <input_file_ref idref="fl-44"/>
      </object_component>
      <object_component id="oc-47">
         <name>.text:decompress:ZI:__TI_zero_init</name>
         <load_address>0xe166</load_address>
         <run_address>0xe166</run_address>
         <size>0x14</size>
         <input_file_ref idref="fl-41"/>
      </object_component>
      <object_component id="oc-23c">
         <name>.text:getMessage</name>
         <load_address>0xe17a</load_address>
         <run_address>0xe17a</run_address>
         <size>0x14</size>
         <input_file_ref idref="fl-a"/>
      </object_component>
      <object_component id="oc-1d8">
         <name>.text</name>
         <load_address>0xe18e</load_address>
         <run_address>0xe18e</run_address>
         <size>0x14</size>
         <input_file_ref idref="fl-5c"/>
      </object_component>
      <object_component id="oc-2f">
         <name>.text:decompress:none:__TI_decompress_none</name>
         <load_address>0xe1a2</load_address>
         <run_address>0xe1a2</run_address>
         <size>0x12</size>
         <input_file_ref idref="fl-3f"/>
      </object_component>
      <object_component id="oc-8d">
         <name>.text:memcpy</name>
         <load_address>0xe1b4</load_address>
         <run_address>0xe1b4</run_address>
         <size>0x12</size>
         <input_file_ref idref="fl-59"/>
      </object_component>
      <object_component id="oc-11a">
         <name>.text</name>
         <load_address>0xe1c6</load_address>
         <run_address>0xe1c6</run_address>
         <size>0x10</size>
         <input_file_ref idref="fl-46"/>
      </object_component>
      <object_component id="oc-1be">
         <name>.text:out</name>
         <load_address>0xe1d6</load_address>
         <run_address>0xe1d6</run_address>
         <size>0xe</size>
         <input_file_ref idref="fl-c"/>
      </object_component>
      <object_component id="oc-161">
         <name>.text:clearLeds</name>
         <load_address>0xe1e4</load_address>
         <run_address>0xe1e4</run_address>
         <size>0xc</size>
         <input_file_ref idref="fl-b"/>
      </object_component>
      <object_component id="oc-1d2">
         <name>.text:putchar</name>
         <load_address>0xe1f0</load_address>
         <run_address>0xe1f0</run_address>
         <size>0xc</size>
         <input_file_ref idref="fl-b"/>
      </object_component>
      <object_component id="oc-1ad">
         <name>.text:doNothing</name>
         <load_address>0xe1fc</load_address>
         <run_address>0xe1fc</run_address>
         <size>0xa</size>
         <input_file_ref idref="fl-b"/>
      </object_component>
      <object_component id="oc-236">
         <name>.text:moduleHasMessageWaiting</name>
         <load_address>0xe206</load_address>
         <run_address>0xe206</run_address>
         <size>0xa</size>
         <input_file_ref idref="fl-a"/>
      </object_component>
      <object_component id="oc-b3">
         <name>.text:_isr:__TI_ISR_TRAP</name>
         <load_address>0xe210</load_address>
         <run_address>0xe210</run_address>
         <size>0x6</size>
         <input_file_ref idref="fl-56"/>
      </object_component>
      <object_component id="oc-35">
         <name>.text:decompress:rle24:__TI_decompress_rle24</name>
         <load_address>0xe216</load_address>
         <run_address>0xe216</run_address>
         <size>0x6</size>
         <input_file_ref idref="fl-40"/>
      </object_component>
      <object_component id="oc-15b">
         <name>.text:handleDebugConsoleInterrupt</name>
         <load_address>0xe21c</load_address>
         <run_address>0xe21c</run_address>
         <size>0x6</size>
         <input_file_ref idref="fl-2"/>
      </object_component>
      <object_component id="oc-d1">
         <name>.text:_system_pre_init</name>
         <load_address>0xe222</load_address>
         <run_address>0xe222</run_address>
         <size>0x4</size>
         <input_file_ref idref="fl-5e"/>
      </object_component>
      <object_component id="oc-f9">
         <name>.text:abort</name>
         <load_address>0xe226</load_address>
         <run_address>0xe226</run_address>
         <size>0x4</size>
         <input_file_ref idref="fl-48"/>
      </object_component>
      <object_component id="oc-453">
         <name>.cinit..data.load</name>
         <load_address>0xf662</load_address>
         <run_address>0xf662</run_address>
         <size>0x18</size>
      </object_component>
      <object_component id="oc-450">
         <name>__TI_handler_table</name>
         <load_address>0xf67a</load_address>
         <run_address>0xf67a</run_address>
         <size>0x6</size>
      </object_component>
      <object_component id="oc-452">
         <name>.cinit..bss.load</name>
         <load_address>0xf680</load_address>
         <run_address>0xf680</run_address>
         <size>0x4</size>
      </object_component>
      <object_component id="oc-451">
         <name>__TI_cinit_table</name>
         <load_address>0xf684</load_address>
         <run_address>0xf684</run_address>
         <size>0x8</size>
      </object_component>
      <object_component id="oc-154">
         <name>.const:.string</name>
         <load_address>0xe22a</load_address>
         <run_address>0xe22a</run_address>
         <size>0x556</size>
         <input_file_ref idref="fl-2"/>
      </object_component>
      <object_component id="oc-2d7">
         <name>.const:.string</name>
         <load_address>0xe780</load_address>
         <run_address>0xe780</run_address>
         <size>0x52e</size>
         <input_file_ref idref="fl-6"/>
      </object_component>
      <object_component id="oc-2a1">
         <name>.const:.string</name>
         <load_address>0xecae</load_address>
         <run_address>0xecae</run_address>
         <size>0x492</size>
         <input_file_ref idref="fl-9"/>
      </object_component>
      <object_component id="oc-2f5">
         <name>.const:.string</name>
         <load_address>0xf140</load_address>
         <run_address>0xf140</run_address>
         <size>0x258</size>
         <input_file_ref idref="fl-8"/>
      </object_component>
      <object_component id="oc-3a4">
         <name>.const:.string:_ctypes_</name>
         <load_address>0xf398</load_address>
         <run_address>0xf398</run_address>
         <size>0x101</size>
         <input_file_ref idref="fl-42"/>
      </object_component>
      <object_component id="oc-3c8">
         <name>.const:.string</name>
         <load_address>0xf49a</load_address>
         <run_address>0xf49a</run_address>
         <size>0xfe</size>
         <input_file_ref idref="fl-4"/>
      </object_component>
      <object_component id="oc-267">
         <name>.const:.string</name>
         <load_address>0xf598</load_address>
         <run_address>0xf598</run_address>
         <size>0x7c</size>
         <input_file_ref idref="fl-b"/>
      </object_component>
      <object_component id="oc-24e">
         <name>.const</name>
         <load_address>0xf614</load_address>
         <run_address>0xf614</run_address>
         <size>0x2a</size>
         <input_file_ref idref="fl-8"/>
      </object_component>
      <object_component id="oc-2aa">
         <name>.const:.string</name>
         <load_address>0xf63e</load_address>
         <run_address>0xf63e</run_address>
         <size>0x18</size>
         <input_file_ref idref="fl-d"/>
      </object_component>
      <object_component id="oc-3d4">
         <name>.const:.string:$P$T0$1</name>
         <load_address>0xf656</load_address>
         <run_address>0xf656</run_address>
         <size>0x5</size>
         <input_file_ref idref="fl-8"/>
      </object_component>
      <object_component id="oc-3d7">
         <name>.const:.string:$P$T1$2</name>
         <load_address>0xf65c</load_address>
         <run_address>0xf65c</run_address>
         <size>0x5</size>
         <input_file_ref idref="fl-8"/>
      </object_component>
      <object_component id="oc-3b">
         <name>.int02</name>
         <load_address>0xffe4</load_address>
         <run_address>0xffe4</run_address>
         <size>0x2</size>
         <input_file_ref idref="fl-b"/>
      </object_component>
      <object_component id="oc-3c">
         <name>.int03</name>
         <load_address>0xffe6</load_address>
         <run_address>0xffe6</run_address>
         <size>0x2</size>
         <input_file_ref idref="fl-b"/>
      </object_component>
      <object_component id="oc-3d">
         <name>.int05</name>
         <load_address>0xffea</load_address>
         <run_address>0xffea</run_address>
         <size>0x2</size>
         <input_file_ref idref="fl-4f"/>
      </object_component>
      <object_component id="oc-3e">
         <name>.int06</name>
         <load_address>0xffec</load_address>
         <run_address>0xffec</run_address>
         <size>0x2</size>
         <input_file_ref idref="fl-50"/>
      </object_component>
      <object_component id="oc-3f">
         <name>.int07</name>
         <load_address>0xffee</load_address>
         <run_address>0xffee</run_address>
         <size>0x2</size>
         <input_file_ref idref="fl-b"/>
      </object_component>
      <object_component id="oc-40">
         <name>.int08</name>
         <load_address>0xfff0</load_address>
         <run_address>0xfff0</run_address>
         <size>0x2</size>
         <input_file_ref idref="fl-51"/>
      </object_component>
      <object_component id="oc-41">
         <name>.int09</name>
         <load_address>0xfff2</load_address>
         <run_address>0xfff2</run_address>
         <size>0x2</size>
         <input_file_ref idref="fl-b"/>
      </object_component>
      <object_component id="oc-42">
         <name>.int10</name>
         <load_address>0xfff4</load_address>
         <run_address>0xfff4</run_address>
         <size>0x2</size>
         <input_file_ref idref="fl-b"/>
      </object_component>
      <object_component id="oc-43">
         <name>.int11</name>
         <load_address>0xfff6</load_address>
         <run_address>0xfff6</run_address>
         <size>0x2</size>
         <input_file_ref idref="fl-52"/>
      </object_component>
      <object_component id="oc-44">
         <name>.int12</name>
         <load_address>0xfff8</load_address>
         <run_address>0xfff8</run_address>
         <size>0x2</size>
         <input_file_ref idref="fl-53"/>
      </object_component>
      <object_component id="oc-45">
         <name>.int13</name>
         <load_address>0xfffa</load_address>
         <run_address>0xfffa</run_address>
         <size>0x2</size>
         <input_file_ref idref="fl-54"/>
      </object_component>
      <object_component id="oc-46">
         <name>.int14</name>
         <load_address>0xfffc</load_address>
         <run_address>0xfffc</run_address>
         <size>0x2</size>
         <input_file_ref idref="fl-55"/>
      </object_component>
      <object_component id="oc-8c">
         <name>.reset</name>
         <load_address>0xfffe</load_address>
         <run_address>0xfffe</run_address>
         <size>0x2</size>
         <input_file_ref idref="fl-3d"/>
      </object_component>
      <object_component id="oc-2c1">
         <name>.common:cliInputBuffer</name>
         <uninitialized>true</uninitialized>
         <run_address>0x2a2</run_address>
         <size>0x18</size>
      </object_component>
      <object_component id="oc-1f3">
         <name>.common:shortAddressEntered</name>
         <uninitialized>true</uninitialized>
         <run_address>0x2d6</run_address>
         <size>0x2</size>
      </object_component>
      <object_component id="oc-1ec">
         <name>.common:longAddressEntered</name>
         <uninitialized>true</uninitialized>
         <run_address>0x2c6</run_address>
         <size>0x8</size>
      </object_component>
      <object_component id="oc-1fa">
         <name>.common:zmBuf</name>
         <uninitialized>true</uninitialized>
         <run_address>0x200</run_address>
         <size>0xa2</size>
      </object_component>
      <object_component id="oc-12c">
         <name>.common:debugConsoleIsr</name>
         <uninitialized>true</uninitialized>
         <run_address>0x2d2</run_address>
         <size>0x2</size>
      </object_component>
      <object_component id="oc-122">
         <name>.common:buttonIsr</name>
         <uninitialized>true</uninitialized>
         <run_address>0x2d0</run_address>
         <size>0x2</size>
      </object_component>
      <object_component id="oc-12e">
         <name>.common:timerIsr</name>
         <uninitialized>true</uninitialized>
         <run_address>0x2dc</run_address>
         <size>0x2</size>
      </object_component>
      <object_component id="oc-129">
         <name>.common:srdyIsr</name>
         <uninitialized>true</uninitialized>
         <run_address>0x2d8</run_address>
         <size>0x2</size>
      </object_component>
      <object_component id="oc-130">
         <name>.common:sysTickIsr</name>
         <uninitialized>true</uninitialized>
         <run_address>0x2da</run_address>
         <size>0x2</size>
      </object_component>
      <object_component id="oc-1d1">
         <name>.common:bf</name>
         <uninitialized>true</uninitialized>
         <run_address>0x2ce</run_address>
         <size>0x2</size>
      </object_component>
      <object_component id="oc-1dd">
         <name>.common:buf</name>
         <uninitialized>true</uninitialized>
         <run_address>0x2ba</run_address>
         <size>0xc</size>
      </object_component>
      <object_component id="oc-1bb">
         <name>.common:num</name>
         <uninitialized>true</uninitialized>
         <run_address>0x2d4</run_address>
         <size>0x2</size>
      </object_component>
      <object_component id="oc-1d0">
         <name>.common:uc</name>
         <uninitialized>true</uninitialized>
         <run_address>0x2de</run_address>
         <size>0x1</size>
      </object_component>
      <object_component id="oc-1de">
         <name>.common:zs</name>
         <uninitialized>true</uninitialized>
         <run_address>0x2df</run_address>
         <size>0x1</size>
      </object_component>
      <object_component id="oc-1e5">
         <name>.data</name>
         <load_address>0x2e0</load_address>
         <run_address>0x2e0</run_address>
         <size>0xc</size>
         <input_file_ref idref="fl-2"/>
      </object_component>
      <object_component id="oc-203">
         <name>.data:testMessage</name>
         <load_address>0x2ec</load_address>
         <run_address>0x2ec</run_address>
         <size>0x5</size>
         <input_file_ref idref="fl-2"/>
      </object_component>
      <object_component id="oc-2a5">
         <name>.data</name>
         <load_address>0x2f6</load_address>
         <run_address>0x2f6</run_address>
         <size>0x2</size>
         <input_file_ref idref="fl-4"/>
      </object_component>
      <object_component id="oc-293">
         <name>.data</name>
         <load_address>0x2f1</load_address>
         <run_address>0x2f1</run_address>
         <size>0x1</size>
         <input_file_ref idref="fl-7"/>
      </object_component>
      <object_component id="oc-125">
         <name>.data</name>
         <load_address>0x2f2</load_address>
         <run_address>0x2f2</run_address>
         <size>0x4</size>
         <input_file_ref idref="fl-b"/>
      </object_component>
      <object_component id="oc-2cd">
         <name>.data</name>
         <load_address>0x2f8</load_address>
         <run_address>0x2f8</run_address>
         <size>0x2</size>
         <input_file_ref idref="fl-47"/>
      </object_component>
      <object_component id="oc-391">
         <name>.data</name>
         <load_address>0x2fa</load_address>
         <run_address>0x2fa</run_address>
         <size>0x2</size>
         <input_file_ref idref="fl-5f"/>
      </object_component>
      <object_component id="oc-1e9">
         <name>.debug_info</name>
         <load_address>0x0</load_address>
         <run_address>0x0</run_address>
         <size>0x8cf</size>
         <input_file_ref idref="fl-2"/>
      </object_component>
      <object_component id="oc-1e6">
         <name>.debug_info</name>
         <load_address>0x8cf</load_address>
         <run_address>0x8cf</run_address>
         <size>0x2c8</size>
         <input_file_ref idref="fl-2"/>
      </object_component>
      <object_component id="oc-204">
         <name>.debug_info</name>
         <load_address>0xb97</load_address>
         <run_address>0xb97</run_address>
         <size>0x18a</size>
         <input_file_ref idref="fl-2"/>
      </object_component>
      <object_component id="oc-231">
         <name>.debug_info</name>
         <load_address>0xd21</load_address>
         <run_address>0xd21</run_address>
         <size>0x35f</size>
         <input_file_ref idref="fl-2"/>
      </object_component>
      <object_component id="oc-21f">
         <name>.debug_info</name>
         <load_address>0x1080</load_address>
         <run_address>0x1080</run_address>
         <size>0x4f9</size>
         <input_file_ref idref="fl-2"/>
      </object_component>
      <object_component id="oc-219">
         <name>.debug_info</name>
         <load_address>0x1579</load_address>
         <run_address>0x1579</run_address>
         <size>0x2cb</size>
         <input_file_ref idref="fl-2"/>
      </object_component>
      <object_component id="oc-168">
         <name>.debug_info</name>
         <load_address>0x1844</load_address>
         <run_address>0x1844</run_address>
         <size>0x60e</size>
         <input_file_ref idref="fl-2"/>
      </object_component>
      <object_component id="oc-f2">
         <name>.debug_info</name>
         <load_address>0x1e52</load_address>
         <run_address>0x1e52</run_address>
         <size>0x2e8</size>
         <input_file_ref idref="fl-2"/>
      </object_component>
      <object_component id="oc-15c">
         <name>.debug_info</name>
         <load_address>0x213a</load_address>
         <run_address>0x213a</run_address>
         <size>0x2db</size>
         <input_file_ref idref="fl-2"/>
      </object_component>
      <object_component id="oc-272">
         <name>.debug_info</name>
         <load_address>0x2415</load_address>
         <run_address>0x2415</run_address>
         <size>0xdd</size>
         <input_file_ref idref="fl-2"/>
      </object_component>
      <object_component id="oc-107">
         <name>.debug_info</name>
         <load_address>0x24f2</load_address>
         <run_address>0x24f2</run_address>
         <size>0x84</size>
         <input_file_ref idref="fl-2"/>
      </object_component>
      <object_component id="oc-174">
         <name>.debug_info</name>
         <load_address>0x2576</load_address>
         <run_address>0x2576</run_address>
         <size>0x18b</size>
         <input_file_ref idref="fl-2"/>
      </object_component>
      <object_component id="oc-288">
         <name>.debug_info</name>
         <load_address>0x2701</load_address>
         <run_address>0x2701</run_address>
         <size>0x2c</size>
         <input_file_ref idref="fl-2"/>
      </object_component>
      <object_component id="oc-283">
         <name>.debug_info</name>
         <load_address>0x272d</load_address>
         <run_address>0x272d</run_address>
         <size>0x46</size>
         <input_file_ref idref="fl-2"/>
      </object_component>
      <object_component id="oc-1e0">
         <name>.debug_info</name>
         <load_address>0x2773</load_address>
         <run_address>0x2773</run_address>
         <size>0x2c</size>
         <input_file_ref idref="fl-2"/>
      </object_component>
      <object_component id="oc-279">
         <name>.debug_info</name>
         <load_address>0x279f</load_address>
         <run_address>0x279f</run_address>
         <size>0xe1</size>
         <input_file_ref idref="fl-2"/>
      </object_component>
      <object_component id="oc-27e">
         <name>.debug_info</name>
         <load_address>0x2880</load_address>
         <run_address>0x2880</run_address>
         <size>0xb9</size>
         <input_file_ref idref="fl-2"/>
      </object_component>
      <object_component id="oc-2a9">
         <name>.debug_info</name>
         <load_address>0x2939</load_address>
         <run_address>0x2939</run_address>
         <size>0x310</size>
         <input_file_ref idref="fl-4"/>
      </object_component>
      <object_component id="oc-2a6">
         <name>.debug_info</name>
         <load_address>0x2c49</load_address>
         <run_address>0x2c49</run_address>
         <size>0x1ba</size>
         <input_file_ref idref="fl-4"/>
      </object_component>
      <object_component id="oc-315">
         <name>.debug_info</name>
         <load_address>0x2e03</load_address>
         <run_address>0x2e03</run_address>
         <size>0x2a7</size>
         <input_file_ref idref="fl-4"/>
      </object_component>
      <object_component id="oc-2ae">
         <name>.debug_info</name>
         <load_address>0x30aa</load_address>
         <run_address>0x30aa</run_address>
         <size>0x2cd</size>
         <input_file_ref idref="fl-4"/>
      </object_component>
      <object_component id="oc-214">
         <name>.debug_info</name>
         <load_address>0x3377</load_address>
         <run_address>0x3377</run_address>
         <size>0x52f</size>
         <input_file_ref idref="fl-4"/>
      </object_component>
      <object_component id="oc-208">
         <name>.debug_info</name>
         <load_address>0x38a6</load_address>
         <run_address>0x38a6</run_address>
         <size>0x41e</size>
         <input_file_ref idref="fl-4"/>
      </object_component>
      <object_component id="oc-35c">
         <name>.debug_info</name>
         <load_address>0x3cc4</load_address>
         <run_address>0x3cc4</run_address>
         <size>0x269</size>
         <input_file_ref idref="fl-4"/>
      </object_component>
      <object_component id="oc-10e">
         <name>.debug_info</name>
         <load_address>0x3f2d</load_address>
         <run_address>0x3f2d</run_address>
         <size>0x2c</size>
         <input_file_ref idref="fl-4"/>
      </object_component>
      <object_component id="oc-375">
         <name>.debug_info</name>
         <load_address>0x3f59</load_address>
         <run_address>0x3f59</run_address>
         <size>0x3cc</size>
         <input_file_ref idref="fl-6"/>
      </object_component>
      <object_component id="oc-3ce">
         <name>.debug_info</name>
         <load_address>0x4325</load_address>
         <run_address>0x4325</run_address>
         <size>0x2e3</size>
         <input_file_ref idref="fl-6"/>
      </object_component>
      <object_component id="oc-2e6">
         <name>.debug_info</name>
         <load_address>0x4608</load_address>
         <run_address>0x4608</run_address>
         <size>0x282</size>
         <input_file_ref idref="fl-6"/>
      </object_component>
      <object_component id="oc-297">
         <name>.debug_info</name>
         <load_address>0x488a</load_address>
         <run_address>0x488a</run_address>
         <size>0x33e</size>
         <input_file_ref idref="fl-6"/>
      </object_component>
      <object_component id="oc-2b6">
         <name>.debug_info</name>
         <load_address>0x4bc8</load_address>
         <run_address>0x4bc8</run_address>
         <size>0x251</size>
         <input_file_ref idref="fl-6"/>
      </object_component>
      <object_component id="oc-3db">
         <name>.debug_info</name>
         <load_address>0x4e19</load_address>
         <run_address>0x4e19</run_address>
         <size>0x303</size>
         <input_file_ref idref="fl-6"/>
      </object_component>
      <object_component id="oc-258">
         <name>.debug_info</name>
         <load_address>0x511c</load_address>
         <run_address>0x511c</run_address>
         <size>0x2b0</size>
         <input_file_ref idref="fl-6"/>
      </object_component>
      <object_component id="oc-338">
         <name>.debug_info</name>
         <load_address>0x53cc</load_address>
         <run_address>0x53cc</run_address>
         <size>0x2bb</size>
         <input_file_ref idref="fl-6"/>
      </object_component>
      <object_component id="oc-326">
         <name>.debug_info</name>
         <load_address>0x5687</load_address>
         <run_address>0x5687</run_address>
         <size>0x2a7</size>
         <input_file_ref idref="fl-6"/>
      </object_component>
      <object_component id="oc-350">
         <name>.debug_info</name>
         <load_address>0x592e</load_address>
         <run_address>0x592e</run_address>
         <size>0x2d6</size>
         <input_file_ref idref="fl-6"/>
      </object_component>
      <object_component id="oc-356">
         <name>.debug_info</name>
         <load_address>0x5c04</load_address>
         <run_address>0x5c04</run_address>
         <size>0x289</size>
         <input_file_ref idref="fl-6"/>
      </object_component>
      <object_component id="oc-332">
         <name>.debug_info</name>
         <load_address>0x5e8d</load_address>
         <run_address>0x5e8d</run_address>
         <size>0x2a3</size>
         <input_file_ref idref="fl-6"/>
      </object_component>
      <object_component id="oc-344">
         <name>.debug_info</name>
         <load_address>0x6130</load_address>
         <run_address>0x6130</run_address>
         <size>0x28f</size>
         <input_file_ref idref="fl-6"/>
      </object_component>
      <object_component id="oc-33e">
         <name>.debug_info</name>
         <load_address>0x63bf</load_address>
         <run_address>0x63bf</run_address>
         <size>0x2d0</size>
         <input_file_ref idref="fl-6"/>
      </object_component>
      <object_component id="oc-34a">
         <name>.debug_info</name>
         <load_address>0x668f</load_address>
         <run_address>0x668f</run_address>
         <size>0x28d</size>
         <input_file_ref idref="fl-6"/>
      </object_component>
      <object_component id="oc-320">
         <name>.debug_info</name>
         <load_address>0x691c</load_address>
         <run_address>0x691c</run_address>
         <size>0x29b</size>
         <input_file_ref idref="fl-6"/>
      </object_component>
      <object_component id="oc-2e0">
         <name>.debug_info</name>
         <load_address>0x6bb7</load_address>
         <run_address>0x6bb7</run_address>
         <size>0x2ba</size>
         <input_file_ref idref="fl-6"/>
      </object_component>
      <object_component id="oc-2d9">
         <name>.debug_info</name>
         <load_address>0x6e71</load_address>
         <run_address>0x6e71</run_address>
         <size>0x2a4</size>
         <input_file_ref idref="fl-6"/>
      </object_component>
      <object_component id="oc-385">
         <name>.debug_info</name>
         <load_address>0x7115</load_address>
         <run_address>0x7115</run_address>
         <size>0x278</size>
         <input_file_ref idref="fl-6"/>
      </object_component>
      <object_component id="oc-2bc">
         <name>.debug_info</name>
         <load_address>0x738d</load_address>
         <run_address>0x738d</run_address>
         <size>0x27e</size>
         <input_file_ref idref="fl-6"/>
      </object_component>
      <object_component id="oc-225">
         <name>.debug_info</name>
         <load_address>0x760b</load_address>
         <run_address>0x760b</run_address>
         <size>0x3fb</size>
         <input_file_ref idref="fl-6"/>
      </object_component>
      <object_component id="oc-22b">
         <name>.debug_info</name>
         <load_address>0x7a06</load_address>
         <run_address>0x7a06</run_address>
         <size>0x4dc</size>
         <input_file_ref idref="fl-6"/>
      </object_component>
      <object_component id="oc-294">
         <name>.debug_info</name>
         <load_address>0x7ee2</load_address>
         <run_address>0x7ee2</run_address>
         <size>0x178</size>
         <input_file_ref idref="fl-7"/>
      </object_component>
      <object_component id="oc-31e">
         <name>.debug_info</name>
         <load_address>0x805a</load_address>
         <run_address>0x805a</run_address>
         <size>0x84c</size>
         <input_file_ref idref="fl-8"/>
      </object_component>
      <object_component id="oc-24f">
         <name>.debug_info</name>
         <load_address>0x88a6</load_address>
         <run_address>0x88a6</run_address>
         <size>0x269</size>
         <input_file_ref idref="fl-8"/>
      </object_component>
      <object_component id="oc-3d5">
         <name>.debug_info</name>
         <load_address>0x8b0f</load_address>
         <run_address>0x8b0f</run_address>
         <size>0x170</size>
         <input_file_ref idref="fl-8"/>
      </object_component>
      <object_component id="oc-3d8">
         <name>.debug_info</name>
         <load_address>0x8c7f</load_address>
         <run_address>0x8c7f</run_address>
         <size>0x170</size>
         <input_file_ref idref="fl-8"/>
      </object_component>
      <object_component id="oc-32d">
         <name>.debug_info</name>
         <load_address>0x8def</load_address>
         <run_address>0x8def</run_address>
         <size>0x42f</size>
         <input_file_ref idref="fl-8"/>
      </object_component>
      <object_component id="oc-36e">
         <name>.debug_info</name>
         <load_address>0x921e</load_address>
         <run_address>0x921e</run_address>
         <size>0x391</size>
         <input_file_ref idref="fl-8"/>
      </object_component>
      <object_component id="oc-368">
         <name>.debug_info</name>
         <load_address>0x95af</load_address>
         <run_address>0x95af</run_address>
         <size>0x2ca</size>
         <input_file_ref idref="fl-8"/>
      </object_component>
      <object_component id="oc-252">
         <name>.debug_info</name>
         <load_address>0x9879</load_address>
         <run_address>0x9879</run_address>
         <size>0x461</size>
         <input_file_ref idref="fl-8"/>
      </object_component>
      <object_component id="oc-243">
         <name>.debug_info</name>
         <load_address>0x9cda</load_address>
         <run_address>0x9cda</run_address>
         <size>0x420</size>
         <input_file_ref idref="fl-8"/>
      </object_component>
      <object_component id="oc-29d">
         <name>.debug_info</name>
         <load_address>0xa0fa</load_address>
         <run_address>0xa0fa</run_address>
         <size>0x3c3</size>
         <input_file_ref idref="fl-9"/>
      </object_component>
      <object_component id="oc-362">
         <name>.debug_info</name>
         <load_address>0xa4bd</load_address>
         <run_address>0xa4bd</run_address>
         <size>0x25a</size>
         <input_file_ref idref="fl-9"/>
      </object_component>
      <object_component id="oc-1f5">
         <name>.debug_info</name>
         <load_address>0xa717</load_address>
         <run_address>0xa717</run_address>
         <size>0x333</size>
         <input_file_ref idref="fl-9"/>
      </object_component>
      <object_component id="oc-1ee">
         <name>.debug_info</name>
         <load_address>0xaa4a</load_address>
         <run_address>0xaa4a</run_address>
         <size>0x342</size>
         <input_file_ref idref="fl-9"/>
      </object_component>
      <object_component id="oc-303">
         <name>.debug_info</name>
         <load_address>0xad8c</load_address>
         <run_address>0xad8c</run_address>
         <size>0x299</size>
         <input_file_ref idref="fl-9"/>
      </object_component>
      <object_component id="oc-3c2">
         <name>.debug_info</name>
         <load_address>0xb025</load_address>
         <run_address>0xb025</run_address>
         <size>0x2ce</size>
         <input_file_ref idref="fl-9"/>
      </object_component>
      <object_component id="oc-30f">
         <name>.debug_info</name>
         <load_address>0xb2f3</load_address>
         <run_address>0xb2f3</run_address>
         <size>0x2bb</size>
         <input_file_ref idref="fl-9"/>
      </object_component>
      <object_component id="oc-309">
         <name>.debug_info</name>
         <load_address>0xb5ae</load_address>
         <run_address>0xb5ae</run_address>
         <size>0x2a3</size>
         <input_file_ref idref="fl-9"/>
      </object_component>
      <object_component id="oc-2f7">
         <name>.debug_info</name>
         <load_address>0xb851</load_address>
         <run_address>0xb851</run_address>
         <size>0x28b</size>
         <input_file_ref idref="fl-9"/>
      </object_component>
      <object_component id="oc-2fd">
         <name>.debug_info</name>
         <load_address>0xbadc</load_address>
         <run_address>0xbadc</run_address>
         <size>0x2cd</size>
         <input_file_ref idref="fl-9"/>
      </object_component>
      <object_component id="oc-1fe">
         <name>.debug_info</name>
         <load_address>0xbda9</load_address>
         <run_address>0xbda9</run_address>
         <size>0x321</size>
         <input_file_ref idref="fl-9"/>
      </object_component>
      <object_component id="oc-1fb">
         <name>.debug_info</name>
         <load_address>0xc0ca</load_address>
         <run_address>0xc0ca</run_address>
         <size>0x273</size>
         <input_file_ref idref="fl-a"/>
      </object_component>
      <object_component id="oc-2f0">
         <name>.debug_info</name>
         <load_address>0xc33d</load_address>
         <run_address>0xc33d</run_address>
         <size>0x274</size>
         <input_file_ref idref="fl-a"/>
      </object_component>
      <object_component id="oc-28e">
         <name>.debug_info</name>
         <load_address>0xc5b1</load_address>
         <run_address>0xc5b1</run_address>
         <size>0x2d1</size>
         <input_file_ref idref="fl-a"/>
      </object_component>
      <object_component id="oc-237">
         <name>.debug_info</name>
         <load_address>0xc882</load_address>
         <run_address>0xc882</run_address>
         <size>0x265</size>
         <input_file_ref idref="fl-a"/>
      </object_component>
      <object_component id="oc-23d">
         <name>.debug_info</name>
         <load_address>0xcae7</load_address>
         <run_address>0xcae7</run_address>
         <size>0x255</size>
         <input_file_ref idref="fl-a"/>
      </object_component>
      <object_component id="oc-123">
         <name>.debug_info</name>
         <load_address>0xcd3c</load_address>
         <run_address>0xcd3c</run_address>
         <size>0x8e3</size>
         <input_file_ref idref="fl-b"/>
      </object_component>
      <object_component id="oc-126">
         <name>.debug_info</name>
         <load_address>0xd61f</load_address>
         <run_address>0xd61f</run_address>
         <size>0x1a0</size>
         <input_file_ref idref="fl-b"/>
      </object_component>
      <object_component id="oc-1b1">
         <name>.debug_info</name>
         <load_address>0xd7bf</load_address>
         <run_address>0xd7bf</run_address>
         <size>0x272</size>
         <input_file_ref idref="fl-b"/>
      </object_component>
      <object_component id="oc-c8">
         <name>.debug_info</name>
         <load_address>0xda31</load_address>
         <run_address>0xda31</run_address>
         <size>0x266</size>
         <input_file_ref idref="fl-b"/>
      </object_component>
      <object_component id="oc-3ba">
         <name>.debug_info</name>
         <load_address>0xdc97</load_address>
         <run_address>0xdc97</run_address>
         <size>0x2aa</size>
         <input_file_ref idref="fl-b"/>
      </object_component>
      <object_component id="oc-1d6">
         <name>.debug_info</name>
         <load_address>0xdf41</load_address>
         <run_address>0xdf41</run_address>
         <size>0x26a</size>
         <input_file_ref idref="fl-b"/>
      </object_component>
      <object_component id="oc-1a5">
         <name>.debug_info</name>
         <load_address>0xe1ab</load_address>
         <run_address>0xe1ab</run_address>
         <size>0x24f</size>
         <input_file_ref idref="fl-b"/>
      </object_component>
      <object_component id="oc-19f">
         <name>.debug_info</name>
         <load_address>0xe3fa</load_address>
         <run_address>0xe3fa</run_address>
         <size>0x24d</size>
         <input_file_ref idref="fl-b"/>
      </object_component>
      <object_component id="oc-1ab">
         <name>.debug_info</name>
         <load_address>0xe647</load_address>
         <run_address>0xe647</run_address>
         <size>0x255</size>
         <input_file_ref idref="fl-b"/>
      </object_component>
      <object_component id="oc-152">
         <name>.debug_info</name>
         <load_address>0xe89c</load_address>
         <run_address>0xe89c</run_address>
         <size>0x262</size>
         <input_file_ref idref="fl-b"/>
      </object_component>
      <object_component id="oc-24c">
         <name>.debug_info</name>
         <load_address>0xeafe</load_address>
         <run_address>0xeafe</run_address>
         <size>0x276</size>
         <input_file_ref idref="fl-b"/>
      </object_component>
      <object_component id="oc-165">
         <name>.debug_info</name>
         <load_address>0xed74</load_address>
         <run_address>0xed74</run_address>
         <size>0x254</size>
         <input_file_ref idref="fl-b"/>
      </object_component>
      <object_component id="oc-1b7">
         <name>.debug_info</name>
         <load_address>0xefc8</load_address>
         <run_address>0xefc8</run_address>
         <size>0x2c1</size>
         <input_file_ref idref="fl-b"/>
      </object_component>
      <object_component id="oc-14c">
         <name>.debug_info</name>
         <load_address>0xf289</load_address>
         <run_address>0xf289</run_address>
         <size>0x29f</size>
         <input_file_ref idref="fl-b"/>
      </object_component>
      <object_component id="oc-b9">
         <name>.debug_info</name>
         <load_address>0xf528</load_address>
         <run_address>0xf528</run_address>
         <size>0x261</size>
         <input_file_ref idref="fl-b"/>
      </object_component>
      <object_component id="oc-bf">
         <name>.debug_info</name>
         <load_address>0xf789</load_address>
         <run_address>0xf789</run_address>
         <size>0x25a</size>
         <input_file_ref idref="fl-b"/>
      </object_component>
      <object_component id="oc-ae">
         <name>.debug_info</name>
         <load_address>0xf9e3</load_address>
         <run_address>0xf9e3</run_address>
         <size>0x259</size>
         <input_file_ref idref="fl-b"/>
      </object_component>
      <object_component id="oc-a8">
         <name>.debug_info</name>
         <load_address>0xfc3c</load_address>
         <run_address>0xfc3c</run_address>
         <size>0x259</size>
         <input_file_ref idref="fl-b"/>
      </object_component>
      <object_component id="oc-1bc">
         <name>.debug_info</name>
         <load_address>0xfe95</load_address>
         <run_address>0xfe95</run_address>
         <size>0x268</size>
         <input_file_ref idref="fl-c"/>
      </object_component>
      <object_component id="oc-1c0">
         <name>.debug_info</name>
         <load_address>0x100fd</load_address>
         <run_address>0x100fd</run_address>
         <size>0x24e</size>
         <input_file_ref idref="fl-c"/>
      </object_component>
      <object_component id="oc-1cb">
         <name>.debug_info</name>
         <load_address>0x1034b</load_address>
         <run_address>0x1034b</run_address>
         <size>0x266</size>
         <input_file_ref idref="fl-c"/>
      </object_component>
      <object_component id="oc-1c5">
         <name>.debug_info</name>
         <load_address>0x105b1</load_address>
         <run_address>0x105b1</run_address>
         <size>0x279</size>
         <input_file_ref idref="fl-c"/>
      </object_component>
      <object_component id="oc-157">
         <name>.debug_info</name>
         <load_address>0x1082a</load_address>
         <run_address>0x1082a</run_address>
         <size>0x35c</size>
         <input_file_ref idref="fl-c"/>
      </object_component>
      <object_component id="oc-2ac">
         <name>.debug_info</name>
         <load_address>0x10b86</load_address>
         <run_address>0x10b86</run_address>
         <size>0x27e</size>
         <input_file_ref idref="fl-d"/>
      </object_component>
      <object_component id="oc-20d">
         <name>.debug_info</name>
         <load_address>0x10e04</load_address>
         <run_address>0x10e04</run_address>
         <size>0x2d8</size>
         <input_file_ref idref="fl-d"/>
      </object_component>
      <object_component id="oc-406">
         <name>.debug_info</name>
         <load_address>0x110dc</load_address>
         <run_address>0x110dc</run_address>
         <size>0x312</size>
         <input_file_ref idref="fl-d"/>
      </object_component>
      <object_component id="oc-8a">
         <name>.debug_info</name>
         <load_address>0x113ee</load_address>
         <run_address>0x113ee</run_address>
         <size>0xd6</size>
         <input_file_ref idref="fl-3d"/>
      </object_component>
      <object_component id="oc-66">
         <name>.debug_info</name>
         <load_address>0x114c4</load_address>
         <run_address>0x114c4</run_address>
         <size>0x177</size>
         <input_file_ref idref="fl-3e"/>
      </object_component>
      <object_component id="oc-99">
         <name>.debug_info</name>
         <load_address>0x1163b</load_address>
         <run_address>0x1163b</run_address>
         <size>0x193</size>
         <input_file_ref idref="fl-3f"/>
      </object_component>
      <object_component id="oc-33">
         <name>.debug_info</name>
         <load_address>0x117ce</load_address>
         <run_address>0x117ce</run_address>
         <size>0x1c0</size>
         <input_file_ref idref="fl-3f"/>
      </object_component>
      <object_component id="oc-94">
         <name>.debug_info</name>
         <load_address>0x1198e</load_address>
         <run_address>0x1198e</run_address>
         <size>0x46</size>
         <input_file_ref idref="fl-3f"/>
      </object_component>
      <object_component id="oc-113">
         <name>.debug_info</name>
         <load_address>0x119d4</load_address>
         <run_address>0x119d4</run_address>
         <size>0x2c</size>
         <input_file_ref idref="fl-3f"/>
      </object_component>
      <object_component id="oc-a1">
         <name>.debug_info</name>
         <load_address>0x11a00</load_address>
         <run_address>0x11a00</run_address>
         <size>0x155</size>
         <input_file_ref idref="fl-40"/>
      </object_component>
      <object_component id="oc-9e">
         <name>.debug_info</name>
         <load_address>0x11b55</load_address>
         <run_address>0x11b55</run_address>
         <size>0x21b</size>
         <input_file_ref idref="fl-40"/>
      </object_component>
      <object_component id="oc-39">
         <name>.debug_info</name>
         <load_address>0x11d70</load_address>
         <run_address>0x11d70</run_address>
         <size>0x192</size>
         <input_file_ref idref="fl-40"/>
      </object_component>
      <object_component id="oc-a2">
         <name>.debug_info</name>
         <load_address>0x11f02</load_address>
         <run_address>0x11f02</run_address>
         <size>0x39</size>
         <input_file_ref idref="fl-40"/>
      </object_component>
      <object_component id="oc-d0">
         <name>.debug_info</name>
         <load_address>0x11f3b</load_address>
         <run_address>0x11f3b</run_address>
         <size>0x14b</size>
         <input_file_ref idref="fl-41"/>
      </object_component>
      <object_component id="oc-4a">
         <name>.debug_info</name>
         <load_address>0x12086</load_address>
         <run_address>0x12086</run_address>
         <size>0x196</size>
         <input_file_ref idref="fl-41"/>
      </object_component>
      <object_component id="oc-cb">
         <name>.debug_info</name>
         <load_address>0x1221c</load_address>
         <run_address>0x1221c</run_address>
         <size>0x46</size>
         <input_file_ref idref="fl-41"/>
      </object_component>
      <object_component id="oc-3ff">
         <name>.debug_info</name>
         <load_address>0x12262</load_address>
         <run_address>0x12262</run_address>
         <size>0xcf</size>
         <input_file_ref idref="fl-42"/>
      </object_component>
      <object_component id="oc-3a5">
         <name>.debug_info</name>
         <load_address>0x12331</load_address>
         <run_address>0x12331</run_address>
         <size>0xdb</size>
         <input_file_ref idref="fl-42"/>
      </object_component>
      <object_component id="oc-2c4">
         <name>.debug_info</name>
         <load_address>0x1240c</load_address>
         <run_address>0x1240c</run_address>
         <size>0x112</size>
         <input_file_ref idref="fl-43"/>
      </object_component>
      <object_component id="oc-38c">
         <name>.debug_info</name>
         <load_address>0x1251e</load_address>
         <run_address>0x1251e</run_address>
         <size>0xfe</size>
         <input_file_ref idref="fl-44"/>
      </object_component>
      <object_component id="oc-3a8">
         <name>.debug_info</name>
         <load_address>0x1261c</load_address>
         <run_address>0x1261c</run_address>
         <size>0x100</size>
         <input_file_ref idref="fl-45"/>
      </object_component>
      <object_component id="oc-11b">
         <name>.debug_info</name>
         <load_address>0x1271c</load_address>
         <run_address>0x1271c</run_address>
         <size>0x10b</size>
         <input_file_ref idref="fl-46"/>
      </object_component>
      <object_component id="oc-2ce">
         <name>.debug_info</name>
         <load_address>0x12827</load_address>
         <run_address>0x12827</run_address>
         <size>0xd6</size>
         <input_file_ref idref="fl-47"/>
      </object_component>
      <object_component id="oc-fa">
         <name>.debug_info</name>
         <load_address>0x128fd</load_address>
         <run_address>0x128fd</run_address>
         <size>0xf8</size>
         <input_file_ref idref="fl-48"/>
      </object_component>
      <object_component id="oc-b6">
         <name>.debug_info</name>
         <load_address>0x129f5</load_address>
         <run_address>0x129f5</run_address>
         <size>0xec</size>
         <input_file_ref idref="fl-56"/>
      </object_component>
      <object_component id="oc-3e5">
         <name>.debug_info</name>
         <load_address>0x12ae1</load_address>
         <run_address>0x12ae1</run_address>
         <size>0x103</size>
         <input_file_ref idref="fl-58"/>
      </object_component>
      <object_component id="oc-10d">
         <name>.debug_info</name>
         <load_address>0x12be4</load_address>
         <run_address>0x12be4</run_address>
         <size>0x14e</size>
[...]
      </symbol>
      <symbol id="sm-2d8">
         <name>setStartupOptions</name>
         <value>0xe01e</value>
         <object_component_ref idref="oc-325"/>
      </symbol>
      <symbol id="sm-2d9">
         <name>getConfigurationParameter</name>
         <value>0xde20</value>
         <object_component_ref idref="oc-2d8"/>
      </symbol>
      <symbol id="sm-2da">
         <name>waitForMessage</name>
         <value>0xd430</value>
         <object_component_ref idref="oc-296"/>
      </symbol>
      <symbol id="sm-2db">
         <name>displayNetworkConfigurationParameters</name>
         <value>0xce78</value>
         <object_component_ref idref="oc-224"/>
      </symbol>
      <symbol id="sm-2dc">
         <name>setSecurityKey</name>
         <value>0xe062</value>
         <object_component_ref idref="oc-355"/>
      </symbol>
      <symbol id="sm-2dd">
         <name>displayDeviceInformation</name>
         <value>0xc934</value>
         <object_component_ref idref="oc-22a"/>
      </symbol>
      <symbol id="sm-2de">
         <name>zbGetDeviceInfo</name>
         <value>0xdf38</value>
         <object_component_ref idref="oc-2e5"/>
      </symbol>
      <symbol id="sm-2df">
         <name>getDeviceStateName</name>
         <value>0xd35a</value>
         <object_component_ref idref="oc-2df"/>
      </symbol>
      <symbol id="sm-2e0">
         <name>zbWriteConfiguration</name>
         <value>0xdcf0</value>
         <object_component_ref idref="oc-3cd"/>
      </symbol>
      <symbol id="sm-2e1">
         <name>displayZmBuf</name>
         <value>0xddce</value>
         <object_component_ref idref="oc-384"/>
      </symbol>
      <symbol id="sm-2e2">
         <name>setPanId</name>
         <value>0xe042</value>
         <object_component_ref idref="oc-343"/>
      </symbol>
      <symbol id="sm-2e3">
         <name>setPollRate</name>
         <value>0xdda2</value>
         <object_component_ref idref="oc-331"/>
      </symbol>
      <symbol id="sm-2e4">
         <name>sysVersion</name>
         <value>0xe122</value>
         <object_component_ref idref="oc-2b5"/>
      </symbol>
      <symbol id="sm-2e5">
         <name>setZigbeeDeviceType</name>
         <value>0xdff8</value>
         <object_component_ref idref="oc-337"/>
      </symbol>
      <symbol id="sm-2e6">
         <name>moduleReset</name>
         <value>0xd950</value>
         <object_component_ref idref="oc-31f"/>
      </symbol>
      <symbol id="sm-2e7">
         <name>setCallbacks</name>
         <value>0xdfd2</value>
         <object_component_ref idref="oc-349"/>
      </symbol>
      <symbol id="sm-2e8">
         <name>sysSetTxPower</name>
         <value>0xdcc0</value>
         <object_component_ref idref="oc-3da"/>
      </symbol>
      <symbol id="sm-2ef">
         <name>moduleResult</name>
         <value>0x2f1</value>
         <object_component_ref idref="oc-293"/>
      </symbol>
      <symbol id="sm-368">
         <name>DEFAULT_MODULE_CONFIGURATION_ROUTER</name>
         <value>0xf622</value>
         <object_component_ref idref="oc-24e"/>
      </symbol>
      <symbol id="sm-369">
         <name>displayMessage</name>
         <value>0xcc06</value>
         <object_component_ref idref="oc-242"/>
      </symbol>
      <symbol id="sm-36a">
         <name>DEFAULT_MODULE_CONFIGURATION_END_DEVICE</name>
         <value>0xf630</value>
         <object_component_ref idref="oc-24e"/>
      </symbol>
      <symbol id="sm-36b">
         <name>DEFAULT_MODULE_CONFIGURATION_COORDINATOR</name>
         <value>0xf614</value>
         <object_component_ref idref="oc-24e"/>
      </symbol>
      <symbol id="sm-36c">
         <name>expressStartModule</name>
         <value>0xcd58</value>
         <object_component_ref idref="oc-251"/>
      </symbol>
      <symbol id="sm-3f7">
         <name>displayZdoEndDeviceAnnounce</name>
         <value>0xd24a</value>
         <object_component_ref idref="oc-2fc"/>
      </symbol>
      <symbol id="sm-3f8">
         <name>displayZdoJoinConfirm</name>
         <value>0xd8fe</value>
         <object_component_ref idref="oc-2f6"/>
      </symbol>
      <symbol id="sm-3f9">
         <name>displayZdoStateChangeInd</name>
         <value>0xdd1e</value>
         <object_component_ref idref="oc-302"/>
      </symbol>
      <symbol id="sm-3fa">
         <name>zdoStartApplication</name>
         <value>0xe09e</value>
         <object_component_ref idref="oc-361"/>
      </symbol>
      <symbol id="sm-3fb">
         <name>zdoRequestIeeeAddress</name>
         <value>0xd8a8</value>
         <object_component_ref idref="oc-1f4"/>
      </symbol>
      <symbol id="sm-3fc">
         <name>zdoNetworkAddressRequest</name>
         <value>0xd568</value>
         <object_component_ref idref="oc-1ed"/>
      </symbol>
      <symbol id="sm-3fd">
         <name>displayZdoNetworkDiscoveryResponse</name>
         <value>0xd502</value>
         <object_component_ref idref="oc-30e"/>
      </symbol>
      <symbol id="sm-3fe">
         <name>displayZdoAddressResponse</name>
         <value>0xcf56</value>
         <object_component_ref idref="oc-1fd"/>
      </symbol>
      <symbol id="sm-3ff">
         <name>displayZdoManagementLeaveResponse</name>
         <value>0xdb14</value>
         <object_component_ref idref="oc-308"/>
      </symbol>
      <symbol id="sm-427">
         <name>zmBuf</name>
         <value>0x200</value>
      </symbol>
      <symbol id="sm-428">
         <name>getMessage</name>
         <value>0xe17a</value>
         <object_component_ref idref="oc-23c"/>
      </symbol>
      <symbol id="sm-429">
         <name>sendSreq</name>
         <value>0xd852</value>
         <object_component_ref idref="oc-2ee"/>
      </symbol>
      <symbol id="sm-42a">
         <name>sendMessage</name>
         <value>0xdb8a</value>
         <object_component_ref idref="oc-28d"/>
      </symbol>
      <symbol id="sm-42b">
         <name>moduleHasMessageWaiting</name>
         <value>0xe206</value>
         <object_component_ref idref="oc-236"/>
      </symbol>
      <symbol id="sm-4c2">
         <name>debugConsoleIsr</name>
         <value>0x2d2</value>
      </symbol>
      <symbol id="sm-4c3">
         <name>buttonIsr</name>
         <value>0x2d0</value>
      </symbol>
      <symbol id="sm-4c4">
         <name>timerIsr</name>
         <value>0x2dc</value>
      </symbol>
      <symbol id="sm-4c5">
         <name>srdyIsr</name>
         <value>0x2d8</value>
      </symbol>
      <symbol id="sm-4c6">
         <name>sysTickIsr</name>
         <value>0x2da</value>
      </symbol>
      <symbol id="sm-4c7">
         <name>vloFrequency</name>
         <value>0x2f4</value>
         <object_component_ref idref="oc-125"/>
      </symbol>
      <symbol id="sm-4c8">
         <name>__TI_int09</name>
         <value>0xfff2</value>
         <object_component_ref idref="oc-41"/>
      </symbol>
      <symbol id="sm-4c9">
         <name>__TI_int07</name>
         <value>0xffee</value>
         <object_component_ref idref="oc-3f"/>
      </symbol>
      <symbol id="sm-4ca">
         <name>__TI_int02</name>
         <value>0xffe4</value>
         <object_component_ref idref="oc-3b"/>
      </symbol>
      <symbol id="sm-4cb">
         <name>__TI_int03</name>
         <value>0xffe6</value>
         <object_component_ref idref="oc-3c"/>
      </symbol>
      <symbol id="sm-4cc">
         <name>__TI_int10</name>
         <value>0xfff4</value>
         <object_component_ref idref="oc-42"/>
      </symbol>
      <symbol id="sm-4cd">
         <name>halSpiInitModule</name>
         <value>0xe0d6</value>
         <object_component_ref idref="oc-14e"/>
      </symbol>
      <symbol id="sm-4ce">
         <name>clearLeds</name>
         <value>0xe1e4</value>
         <object_component_ref idref="oc-161"/>
      </symbol>
      <symbol id="sm-4cf">
         <name>PORT1_ISR</name>
         <value>0xdbfa</value>
         <object_component_ref idref="oc-a7"/>
      </symbol>
      <symbol id="sm-4d0">
         <name>watchdog_timer</name>
         <value>0xe0f0</value>
         <object_component_ref idref="oc-c4"/>
      </symbol>
      <symbol id="sm-4d1">
         <name>oscInit</name>
         <value>0xdd4a</value>
         <object_component_ref idref="oc-19b"/>
      </symbol>
      <symbol id="sm-4d2">
         <name>delayMs</name>
         <value>0xe10a</value>
         <object_component_ref idref="oc-248"/>
      </symbol>
      <symbol id="sm-4d3">
         <name>portInit</name>
         <value>0xdb52</value>
         <object_component_ref idref="oc-1a1"/>
      </symbol>
      <symbol id="sm-4d4">
         <name>displayVersion</name>
         <value>0xd632</value>
         <object_component_ref idref="oc-1b3"/>
      </symbol>
      <symbol id="sm-4d5">
         <name>PORT2_ISR</name>
         <value>0xdc90</value>
         <object_component_ref idref="oc-ad"/>
      </symbol>
      <symbol id="sm-4d6">
         <name>USCIAB0RX_ISR</name>
         <value>0xdf86</value>
         <object_component_ref idref="oc-b8"/>
      </symbol>
      <symbol id="sm-4d7">
         <name>halInit</name>
         <value>0xde70</value>
         <object_component_ref idref="oc-148"/>
      </symbol>
      <symbol id="sm-4d8">
         <name>spiWrite</name>
         <value>0xe080</value>
         <object_component_ref idref="oc-3b6"/>
      </symbol>
      <symbol id="sm-4d9">
         <name>halUartInit</name>
         <value>0xde98</value>
         <object_component_ref idref="oc-1a7"/>
      </symbol>
      <symbol id="sm-4da">
         <name>wakeupFlags</name>
         <value>0x2f2</value>
         <object_component_ref idref="oc-125"/>
      </symbol>
      <symbol id="sm-4db">
         <name>putchar</name>
         <value>0xe1f0</value>
         <object_component_ref idref="oc-1d2"/>
      </symbol>
      <symbol id="sm-4dc">
         <name>Timer_A0</name>
         <value>0xdf60</value>
         <object_component_ref idref="oc-be"/>
      </symbol>
      <symbol id="sm-528">
         <name>tfp_printf</name>
         <value>0xc78a</value>
         <object_component_ref idref="oc-155"/>
      </symbol>
      <symbol id="sm-547">
         <name>displayReverseHexBytes</name>
         <value>0xda3c</value>
         <object_component_ref idref="oc-405"/>
      </symbol>
      <symbol id="sm-548">
         <name>printHexBytes</name>
         <value>0xdc5e</value>
         <object_component_ref idref="oc-20c"/>
      </symbol>
      <symbol id="sm-552">
         <name>_stack</name>
         <value>0x3b0</value>
         <object_component_ref idref="oc-89"/>
      </symbol>
      <symbol id="sm-553">
         <name>_reset_vector</name>
         <value>0xfffe</value>
         <object_component_ref idref="oc-8c"/>
      </symbol>
      <symbol id="sm-55e">
         <name>_c_int00_noargs_noexit</name>
         <value>0xe0bc</value>
         <object_component_ref idref="oc-65"/>
      </symbol>
      <symbol id="sm-574">
         <name>__TI_decompress_none</name>
         <value>0xe1a2</value>
         <object_component_ref idref="oc-2f"/>
      </symbol>
      <symbol id="sm-596">
         <name>__TI_decompress_rle24</name>
         <value>0xe216</value>
         <object_component_ref idref="oc-35"/>
      </symbol>
      <symbol id="sm-5a9">
         <name>__TI_zero_init</name>
         <value>0xe166</value>
         <object_component_ref idref="oc-47"/>
      </symbol>
      <symbol id="sm-5b3">
         <name>_ctypes_</name>
         <value>0xf398</value>
         <object_component_ref idref="oc-3a4"/>
      </symbol>
      <symbol id="sm-5bf">
         <name>__mspabi_remi</name>
         <value>0xdd76</value>
         <object_component_ref idref="oc-2c2"/>
      </symbol>
      <symbol id="sm-5c0">
         <name>__mspabi_divi</name>
         <value>0xdd76</value>
         <object_component_ref idref="oc-2c2"/>
      </symbol>
      <symbol id="sm-5ca">
         <name>__mspabi_remu</name>
         <value>0xe150</value>
         <object_component_ref idref="oc-38b"/>
      </symbol>
      <symbol id="sm-5cb">
         <name>__mspabi_divu</name>
         <value>0xe150</value>
         <object_component_ref idref="oc-38b"/>
      </symbol>
      <symbol id="sm-5da">
         <name>__mspabi_remul</name>
         <value>0xd7fa</value>
         <object_component_ref idref="oc-3a7"/>
      </symbol>
      <symbol id="sm-5db">
         <name>__mspabi_divul</name>
         <value>0xd7fa</value>
         <object_component_ref idref="oc-3a7"/>
      </symbol>
      <symbol id="sm-5e4">
         <name>__mspabi_func_epilog_2</name>
         <value>0xe1d0</value>
         <object_component_ref idref="oc-11a"/>
      </symbol>
      <symbol id="sm-5e5">
         <name>__mspabi_func_epilog_3</name>
         <value>0xe1ce</value>
         <object_component_ref idref="oc-11a"/>
      </symbol>
      <symbol id="sm-5e6">
         <name>__mspabi_func_epilog_1</name>
         <value>0xe1d2</value>
         <object_component_ref idref="oc-11a"/>
      </symbol>
      <symbol id="sm-5e7">
         <name>__mspabi_func_epilog_6</name>
         <value>0xe1c8</value>
         <object_component_ref idref="oc-11a"/>
      </symbol>
      <symbol id="sm-5e8">
         <name>__mspabi_func_epilog_7</name>
         <value>0xe1c6</value>
         <object_component_ref idref="oc-11a"/>
      </symbol>
      <symbol id="sm-5e9">
         <name>__mspabi_func_epilog_4</name>
         <value>0xe1cc</value>
         <object_component_ref idref="oc-11a"/>
      </symbol>
      <symbol id="sm-5ea">
         <name>__mspabi_func_epilog_5</name>
         <value>0xe1ca</value>
         <object_component_ref idref="oc-11a"/>
      </symbol>
      <symbol id="sm-5f1">
         <name>_Errno</name>
         <value>0x2f8</value>
         <object_component_ref idref="oc-2cd"/>
      </symbol>
      <symbol id="sm-5fc">
         <name>C$$EXIT</name>
         <value>0xe226</value>
         <object_component_ref idref="oc-f9"/>
      </symbol>
      <symbol id="sm-5fd">
         <name>abort</name>
         <value>0xe226</value>
         <object_component_ref idref="oc-f9"/>
      </symbol>
      <symbol id="sm-633">
         <name>__TI_int05</name>
         <value>0xffea</value>
         <object_component_ref idref="oc-3d"/>
      </symbol>
      <symbol id="sm-636">
         <name>__TI_int06</name>
         <value>0xffec</value>
         <object_component_ref idref="oc-3e"/>
      </symbol>
      <symbol id="sm-639">
         <name>__TI_int08</name>
         <value>0xfff0</value>
         <object_component_ref idref="oc-40"/>
      </symbol>
      <symbol id="sm-63c">
         <name>__TI_int11</name>
         <value>0xfff6</value>
         <object_component_ref idref="oc-43"/>
      </symbol>
      <symbol id="sm-63f">
         <name>__TI_int12</name>
         <value>0xfff8</value>
         <object_component_ref idref="oc-44"/>
      </symbol>
      <symbol id="sm-642">
         <name>__TI_int13</name>
         <value>0xfffa</value>
         <object_component_ref idref="oc-45"/>
      </symbol>
      <symbol id="sm-645">
         <name>__TI_int14</name>
         <value>0xfffc</value>
         <object_component_ref idref="oc-46"/>
      </symbol>
      <symbol id="sm-64d">
         <name>__TI_ISR_TRAP</name>
         <value>0xe210</value>
         <object_component_ref idref="oc-b3"/>
      </symbol>
      <symbol id="sm-656">
         <name>__mspabi_srll_8</name>
         <value>0xd6ba</value>
         <object_component_ref idref="oc-3e3"/>
      </symbol>
      <symbol id="sm-657">
         <name>__mspabi_srll_9</name>
         <value>0xd6b4</value>
         <object_component_ref idref="oc-3e3"/>
      </symbol>
      <symbol id="sm-658">
         <name>__mspabi_srll_6</name>
         <value>0xd6c6</value>
         <object_component_ref idref="oc-3e3"/>
      </symbol>
      <symbol id="sm-659">
         <name>__mspabi_srll_7</name>
         <value>0xd6c0</value>
         <object_component_ref idref="oc-3e3"/>
      </symbol>
      <symbol id="sm-65a">
         <name>__mspabi_srll_4</name>
         <value>0xd6d2</value>
         <object_component_ref idref="oc-3e3"/>
      </symbol>
      <symbol id="sm-65b">
         <name>__mspabi_srll_5</name>
         <value>0xd6cc</value>
         <object_component_ref idref="oc-3e3"/>
      </symbol>
      <symbol id="sm-65c">
         <name>__mspabi_srll_2</name>
         <value>0xd6de</value>
         <object_component_ref idref="oc-3e3"/>
      </symbol>
      <symbol id="sm-65d">
         <name>__mspabi_srll_3</name>
         <value>0xd6d8</value>
         <object_component_ref idref="oc-3e3"/>
      </symbol>
      <symbol id="sm-65e">
         <name>__mspabi_srll_1</name>
         <value>0xd6e4</value>
         <object_component_ref idref="oc-3e3"/>
      </symbol>
      <symbol id="sm-65f">
         <name>__mspabi_srll_15</name>
         <value>0xd690</value>
         <object_component_ref idref="oc-3e3"/>
      </symbol>
      <symbol id="sm-660">
         <name>__mspabi_srll_14</name>
         <value>0xd696</value>
         <object_component_ref idref="oc-3e3"/>
      </symbol>
      <symbol id="sm-661">
         <name>__mspabi_srll_13</name>
         <value>0xd69c</value>
         <object_component_ref idref="oc-3e3"/>
      </symbol>
      <symbol id="sm-662">
         <name>__mspabi_srll_12</name>
         <value>0xd6a2</value>
         <object_component_ref idref="oc-3e3"/>
      </symbol>
      <symbol id="sm-663">
         <name>__mspabi_srll_11</name>
         <value>0xd6a8</value>
         <object_component_ref idref="oc-3e3"/>
      </symbol>
      <symbol id="sm-664">
         <name>__mspabi_srll_10</name>
         <value>0xd6ae</value>
         <object_component_ref idref="oc-3e3"/>
      </symbol>
      <symbol id="sm-672">
         <name>memcpy</name>
         <value>0xe1b4</value>
         <object_component_ref idref="oc-8d"/>
      </symbol>
      <symbol id="sm-67e">
         <name>__mspabi_mpyi_sw</name>
         <value>0xe18e</value>
         <object_component_ref idref="oc-1d8"/>
      </symbol>
      <symbol id="sm-67f">
         <name>__mspabi_mpyi</name>
         <value>0xe18e</value>
         <object_component_ref idref="oc-1d8"/>
      </symbol>
      <symbol id="sm-689">
         <name>__mspabi_mpyl_sw</name>
         <value>0xdfac</value>
         <object_component_ref idref="oc-3ac"/>
      </symbol>
      <symbol id="sm-68a">
         <name>__mspabi_mpyl</name>
         <value>0xdfac</value>
         <object_component_ref idref="oc-3ac"/>
      </symbol>
      <symbol id="sm-693">
         <name>_system_pre_init</name>
         <value>0xe222</value>
         <object_component_ref idref="oc-d1"/>
      </symbol>
      <symbol id="sm-6a8">
         <name>strtok</name>
         <value>0xd9ee</value>
         <object_component_ref idref="oc-2c7"/>
      </symbol>
      <symbol id="sm-6d0">
         <name>strtol</name>
         <value>0xc574</value>
         <object_component_ref idref="oc-2d0"/>
      </symbol>
      <symbol id="sm-6ea">
         <name>_auto_init</name>
         <value>0xd7a2</value>
         <object_component_ref idref="oc-d7"/>
      </symbol>
      <symbol id="sm-6fa">
         <name>strcspn</name>
         <value>0xdee8</value>
         <object_component_ref idref="oc-39a"/>
      </symbol>
      <symbol id="sm-70c">
         <name>strspn</name>
         <value>0xdf10</value>
         <object_component_ref idref="oc-394"/>
      </symbol>
      <symbol id="sm-70e">
         <name>__TI_INITARRAY_Base</name>
         <value>0x0</value>
      </symbol>
      <symbol id="sm-70f">
         <name>__TI_INITARRAY_Limit</name>
         <value>0x0</value>
      </symbol>
      <symbol id="sm-710">
         <name>moduleInit</name>
         <value>0xe0d6</value>
      </symbol>
      <symbol id="sm-711">
         <name>zm_phy_init</name>
         <value>0xe0d6</value>
      </symbol>
   </symbol_table>
   <title>Link successful</title>
</link_info>
