******************************************************************************
                  MSP430 Linker PC v4.4.5                      
******************************************************************************
>> Linked Tue Jan 19 17:04:30 2016

OUTPUT FILE NAME:   <Simple Application - Coordinator.out>
ENTRY POINT SYMBOL: "_c_int00_noargs_noexit"  address: 0000dede


MEMORY CONFIGURATION

         name            origin    length      used     unused   attr    fill
----------------------  --------  ---------  --------  --------  ----  --------
  SFR                   00000000   00000010  00000000  00000010  RWIX
  PERIPHERALS_8BIT      00000010   000000f0  00000000  000000f0  RWIX
  PERIPHERALS_16BIT     00000100   00000100  00000000  00000100  RWIX
  RAM                   00000200   00000200  00000195  0000006b  RWIX
  INFOD                 00001000   00000040  00000000  00000040  RWIX
  INFOC                 00001040   00000040  00000000  00000040  RWIX
  INFOB                 00001080   00000040  00000000  00000040  RWIX
  INFOA                 000010c0   00000040  00000000  00000040  RWIX
  FLASH                 0000c000   00003fe0  00002a9b  00001545  RWIX
  INT00                 0000ffe0   00000002  00000000  00000002  RWIX
  INT01                 0000ffe2   00000002  00000000  00000002  RWIX
  INT02                 0000ffe4   00000002  00000002  00000000  RWIX
  INT03                 0000ffe6   00000002  00000002  00000000  RWIX
  INT04                 0000ffe8   00000002  00000000  00000002  RWIX
  INT05                 0000ffea   00000002  00000002  00000000  RWIX
  INT06                 0000ffec   00000002  00000002  00000000  RWIX
  INT07                 0000ffee   00000002  00000002  00000000  RWIX
  INT08                 0000fff0   00000002  00000002  00000000  RWIX
  INT09                 0000fff2   00000002  00000002  00000000  RWIX
  INT10                 0000fff4   00000002  00000002  00000000  RWIX
  INT11                 0000fff6   00000002  00000002  00000000  RWIX
  INT12                 0000fff8   00000002  00000002  00000000  RWIX
  INT13                 0000fffa   00000002  00000002  00000000  RWIX
  INT14                 0000fffc   00000002  00000002  00000000  RWIX
  RESET                 0000fffe   00000002  00000002  00000000  RWIX


SECTION ALLOCATION MAP

 output                                  attributes/
section   page    origin      length       input sections
--------  ----  ----------  ----------   ----------------
.bss       0    00000200    000000cd     UNINITIALIZED
                  00000200    000000a2     zm_phy_spi.obj (.bss)
                  000002a2    00000012     printf.obj (.bss)
                  000002b4    0000000e     hal_launchpad.obj (.bss)
                  000002c2    00000006     example_simple_application_coordinator_afzdo.obj (.bss)
                  000002c8    00000002     af.obj (.bss)
                  000002ca    00000002     module_example_utils.obj (.bss)
                  000002cc    00000001     module_errors.obj (.bss)

.data      0    00000200    00000000     UNINITIALIZED

.stack     0    00000338    000000c8     UNINITIALIZED
                  00000338    00000002     rts430.lib : boot.obj (.stack)
                  0000033a    000000c6     --HOLE--

.text      0    0000c000    00001f88     
                  0000c000    00000494     example_simple_application_coordinator_afzdo.obj (.text:parseMessages$0)
                  0000c494    00000286     example_simple_application_coordinator_afzdo.obj (.text:stateMachine$0)
                  0000c71a    000001c2     printf.obj (.text:tfp_printf)
                  0000c8dc    00000194     module_example_utils.obj (.text:displayColorOnRgbLed)
                  0000ca70    0000016c     module_example_utils.obj (.text:displayColorPercentagesOnRgbLed$1)
                  0000cbdc    00000166     module.obj (.text:displayDeviceInformation)
                  0000cd42    0000013c     module_utilities.obj (.text:startModule)
                  0000ce7e    00000130     rts430.lib : fs_add.obj (.text)
                  0000cfae    00000104     hal_launchpad.obj (.text:halInit)
                  0000d0b2    000000d8     module_utilities.obj (.text:setModuleRfPower$6)
                  0000d18a    000000c2     rts430.lib : fs_mpy.obj (.text)
                  0000d24c    000000ae     module_utilities.obj (.text:waitForDeviceState$6)
                  0000d2fa    0000009a     rts430.lib : fs_div.obj (.text)
                  0000d394    00000090     example_simple_application_coordinator_afzdo.obj (.text:main)
                  0000d424    0000008c     module.obj (.text:moduleReset)
                  0000d4b0    00000086     module_errors.obj (.text:handleError)
                  0000d536    00000080     zdo.obj (.text:displayZdoEndDeviceAnnounce)
                  0000d5b6    00000078     module.obj (.text:setSecurityMode)
                  0000d62e    0000006c     module.obj (.text:getDeviceStateName)
                  0000d69a    0000006a     module.obj (.text:setChannelMask)
                  0000d704    0000005c     rts430.lib : lsr32.obj (.text:l_lsr_const)
                  0000d760    0000005a     hal_launchpad.obj (.text:halRgbSetLeds)
                  0000d7ba    00000058     af.obj (.text:afRegisterGenericApplication)
                  0000d812    00000058     rts430.lib : div32u.obj (.text)
                  0000d86a    00000056     zm_phy_spi.obj (.text:sendSreq)
                  0000d8c0    0000004e     module.obj (.text:sysGpio)
                  0000d90e    0000004a     rts430.lib : fs_cmp.obj (.text)
                  0000d958    00000048                : autoinit.obj (.text:_auto_init)
                  0000d9a0    00000048     example_simple_application_coordinator_afzdo.obj (.text:setModuleLeds$0)
                  0000d9e8    00000048     module.obj (.text:setPollRate)
                  0000da30    00000046     rts430.lib : fs_tou.obj (.text)
                  0000da76    00000042     module.obj (.text:setZigbeeDeviceType)
                  0000dab8    00000040     module.obj (.text:setStartupOptions)
                  0000daf8    0000003c     module.obj (.text:getConfigurationParameter)
                  0000db34    0000003a     module.obj (.text:setSecurityKey)
                  0000db6e    00000032     hal_launchpad.obj (.text:PORT1_ISR)
                  0000dba0    00000032     utilities.obj (.text:printHexBytes)
                  0000dbd2    00000032     rts430.lib : fs_ultof.obj (.text)
                  0000dc04    00000030     hal_launchpad.obj (.text:PORT2_ISR)
                  0000dc34    00000030     printf.obj (.text:outDgt$13)
                  0000dc64    00000030     zm_phy_spi.obj (.text:sendMessage)
                  0000dc94    00000030     hal_launchpad.obj (.text:setLed)
                  0000dcc4    00000030     module.obj (.text:setPanId)
                  0000dcf4    0000002e     module.obj (.text:zbGetDeviceInfo)
                  0000dd22    0000002e     module.obj (.text:zbWriteConfiguration)
                  0000dd50    0000002e     zdo.obj (.text:zdoStartApplication)
                  0000dd7e    0000002c     rts430.lib : div16s.obj (.text)
                  0000ddaa    0000002c                : lsl16.obj (.text)
                  0000ddd6    0000002a     module.obj (.text:setCallbacks)
                  0000de00    00000028     printf.obj (.text:divOut$13)
                  0000de28    00000028     module_utilities.obj (.text:getDeviceStateForDeviceType$6)
                  0000de50    00000026     hal_launchpad.obj (.text:Timer_A0)
                  0000de76    00000026     hal_launchpad.obj (.text:USCIAB0RX_ISR)
                  0000de9c    00000024     rts430.lib : fs_utof.obj (.text)
                  0000dec0    0000001e     hal_launchpad.obj (.text:spiWrite)
                  0000dede    0000001a     rts430.lib : boot_special.obj (.text:_c_int00_noargs_noexit)
                  0000def8    0000001a     hal_launchpad.obj (.text:watchdog_timer)
                  0000df12    00000016     rts430.lib : div16u.obj (.text)
                  0000df28    00000014                : mult16.obj (.text)
                  0000df3c    00000012                : memcpy.obj (.text:memcpy)
                  0000df4e    00000010                : epilog.obj (.text)
                  0000df5e    0000000c     hal_launchpad.obj (.text:clearLeds)
                  0000df6a    0000000a     hal_launchpad.obj (.text:doNothing$12)
                  0000df74    00000006     rts430.lib : isr_trap.obj (.text:_isr:__TI_ISR_TRAP)
                  0000df7a    00000006     example_simple_application_coordinator_afzdo.obj (.text:handleButtonPress$0)
                  0000df80    00000004     rts430.lib : pre_init.obj (.text:_system_pre_init)
                  0000df84    00000004                : exit.obj (.text:abort)

.const     0    0000df88    00000ad5     
                  0000df88    00000aa0     <whole-program> (.const:.string)
                  0000ea28    0000002a     module_utilities.obj (.const)
                  0000ea52    00000005     module_utilities.obj (.const:.string:$P$T0$1$6)
                  0000ea57    00000001     --HOLE-- [fill = 0]
                  0000ea58    00000005     module_utilities.obj (.const:.string:$P$T1$2$6)

.cinit     0    0000ea5e    0000003e     
                  0000ea5e    0000003c     <whole-program> (.cinit)
                  0000ea9a    00000002     --HOLE-- [fill = 0]

.pinit     0    0000c000    00000000     UNINITIALIZED

PORT1      0    0000ffe4    00000002     
                  0000ffe4    00000002     <whole-program> (.int02)

PORT2      0    0000ffe6    00000002     
                  0000ffe6    00000002     <whole-program> (.int03)

ADC10      0    0000ffea    00000002     
                  0000ffea    00000002     rts430.lib : int05.obj (.int05)

USCIAB0TX 
*          0    0000ffec    00000002     
                  0000ffec    00000002     rts430.lib : int06.obj (.int06)

USCIAB0RX 
*          0    0000ffee    00000002     
                  0000ffee    00000002     <whole-program> (.int07)

TIMER0_A1 
*          0    0000fff0    00000002     
                  0000fff0    00000002     rts430.lib : int08.obj (.int08)

TIMER0_A0 
*          0    0000fff2    00000002     
                  0000fff2    00000002     <whole-program> (.int09)

WDT        0    0000fff4    00000002     
                  0000fff4    00000002     <whole-program> (.int10)

COMPARATORA 
*          0    0000fff6    00000002     
                  0000fff6    00000002     rts430.lib : int11.obj (.int11)

TIMER1_A1 
*          0    0000fff8    00000002     
                  0000fff8    00000002     rts430.lib : int12.obj (.int12)

TIMER1_A0 
*          0    0000fffa    00000002     
                  0000fffa    00000002     rts430.lib : int13.obj (.int13)

NMI        0    0000fffc    00000002     
                  0000fffc    00000002     rts430.lib : int14.obj (.int14)

.reset     0    0000fffe    00000002     
                  0000fffe    00000002     rts430.lib : boot.obj (.reset)


GLOBAL SYMBOLS: SORTED ALPHABETICALLY BY Name 

address   name                                    
-------   ----                                    
00000200  .bss                                    
00000200  .data                                   
0000c000  .text                                   
0000004a  ADC10AE0                                
000001b0  ADC10CTL0                               
000001b2  ADC10CTL1                               
00000048  ADC10DTC0                               
00000049  ADC10DTC1                               
000001b4  ADC10MEM                                
000001bc  ADC10SA                                 
00000057  BCSCTL1                                 
00000058  BCSCTL2                                 
00000053  BCSCTL3                                 
0000df84  C$$EXIT                                 
00000059  CACTL1                                  
0000005a  CACTL2                                  
000010fb  CALBC1_12MHZ                            
000010f9  CALBC1_16MHZ                            
000010ff  CALBC1_1MHZ                             
000010fd  CALBC1_8MHZ                             
000010fa  CALDCO_12MHZ                            
000010f8  CALDCO_16MHZ                            
000010fe  CALDCO_1MHZ                             
000010fc  CALDCO_8MHZ                             
0000005b  CAPD                                    
00000056  DCOCTL                                  
0000ea28  DEFAULT_MODULE_CONFIGURATION_COORDINATOR
0000ea44  DEFAULT_MODULE_CONFIGURATION_END_DEVICE 
0000ea36  DEFAULT_MODULE_CONFIGURATION_ROUTER     
00000128  FCTL1                                   
0000012a  FCTL2                                   
0000012c  FCTL3                                   
00000000  IE1                                     
00000001  IE2                                     
00000002  IFG1                                    
00000003  IFG2                                    
0000ddaa  I_LSL                                   
0000ddd2  I_LSL_1                                 
0000ddc0  I_LSL_10                                
0000ddbe  I_LSL_11                                
0000ddbc  I_LSL_12                                
0000ddba  I_LSL_13                                
0000ddb8  I_LSL_14                                
0000ddb6  I_LSL_15                                
0000ddd0  I_LSL_2                                 
0000ddce  I_LSL_3                                 
0000ddcc  I_LSL_4                                 
0000ddca  I_LSL_5                                 
0000ddc8  I_LSL_6                                 
0000ddc6  I_LSL_7                                 
0000ddc4  I_LSL_8                                 
0000ddc2  I_LSL_9                                 
0000d758  L_LSR_1                                 
0000d722  L_LSR_10                                
0000d71c  L_LSR_11                                
0000d716  L_LSR_12                                
0000d710  L_LSR_13                                
0000d70a  L_LSR_14                                
0000d704  L_LSR_15                                
0000d752  L_LSR_2                                 
0000d74c  L_LSR_3                                 
0000d746  L_LSR_4                                 
0000d740  L_LSR_5                                 
0000d73a  L_LSR_6                                 
0000d734  L_LSR_7                                 
0000d72e  L_LSR_8                                 
0000d728  L_LSR_9                                 
00000022  P1DIR                                   
00000025  P1IE                                    
00000024  P1IES                                   
00000023  P1IFG                                   
00000020  P1IN                                    
00000021  P1OUT                                   
00000027  P1REN                                   
00000026  P1SEL                                   
00000041  P1SEL2                                  
0000002a  P2DIR                                   
0000002d  P2IE                                    
0000002c  P2IES                                   
0000002b  P2IFG                                   
00000028  P2IN                                    
00000029  P2OUT                                   
0000002f  P2REN                                   
0000002e  P2SEL                                   
00000042  P2SEL2                                  
0000001a  P3DIR                                   
00000018  P3IN                                    
00000019  P3OUT                                   
00000010  P3REN                                   
0000001b  P3SEL                                   
00000043  P3SEL2                                  
0000db6e  PORT1_ISR                               
0000dc04  PORT2_ISR                               
00000172  TA0CCR0                                 
00000174  TA0CCR1                                 
00000176  TA0CCR2                                 
00000162  TA0CCTL0                                
00000164  TA0CCTL1                                
00000166  TA0CCTL2                                
00000160  TA0CTL                                  
0000012e  TA0IV                                   
00000170  TA0R                                    
00000192  TA1CCR0                                 
00000194  TA1CCR1                                 
00000196  TA1CCR2                                 
00000182  TA1CCTL0                                
00000184  TA1CCTL1                                
00000186  TA1CCTL2                                
00000180  TA1CTL                                  
0000011e  TA1IV                                   
00000190  TA1R                                    
000010db  TLV_ADC10_1_LEN                         
000010da  TLV_ADC10_1_TAG                         
000010c0  TLV_CHECKSUM                            
000010f7  TLV_DCO_30_LEN                          
000010f6  TLV_DCO_30_TAG                          
0000de50  Timer_A0                                
0000005d  UCA0ABCTL                               
00000062  UCA0BR0                                 
00000063  UCA0BR1                                 
00000060  UCA0CTL0                                
00000061  UCA0CTL1                                
0000005f  UCA0IRRCTL                              
0000005e  UCA0IRTCTL                              
00000064  UCA0MCTL                                
00000066  UCA0RXBUF                               
00000065  UCA0STAT                                
00000067  UCA0TXBUF                               
0000006a  UCB0BR0                                 
0000006b  UCB0BR1                                 
00000068  UCB0CTL0                                
00000069  UCB0CTL1                                
0000006c  UCB0I2CIE                               
00000118  UCB0I2COA                               
0000011a  UCB0I2CSA                               
0000006e  UCB0RXBUF                               
0000006d  UCB0STAT                                
0000006f  UCB0TXBUF                               
0000de76  USCIAB0RX_ISR                           
00000120  WDTCTL                                  
00000400  __STACK_END                             
000000c8  __STACK_SIZE                            
0000df74  __TI_ISR_TRAP                           
0000ffe4  __TI_int02                              
0000ffe6  __TI_int03                              
0000ffea  __TI_int05                              
0000ffec  __TI_int06                              
0000ffee  __TI_int07                              
0000fff0  __TI_int08                              
0000fff2  __TI_int09                              
0000fff4  __TI_int10                              
0000fff6  __TI_int11                              
0000fff8  __TI_int12                              
0000fffa  __TI_int13                              
0000fffc  __TI_int14                              
ffffffff  __binit__                               
00000200  __bss__                                 
ffffffff  __c_args__                              
0000ea5e  __cinit__                               
00000200  __data__                                
0000dd7e  __divi                                  
0000df12  __divu                                  
0000d812  __divul                                 
00000200  __edata__                               
000002cd  __end__                                 
0000df88  __etext__                               
0000ce84  __fs_add                                
0000d90e  __fs_cmp                                
0000d2fa  __fs_div                                
0000d18a  __fs_mpy                                
0000ce7e  __fs_sub                                
0000da30  __fs_tou                                
0000dbd2  __fs_ultof                              
0000de9c  __fs_utof                               
0000df28  __mpyi                                  
0000df28  __mpyi_sw                               
ffffffff  __pinit__                               
0000dd7e  __remi                                  
0000df12  __remu                                  
0000d812  __remul                                 
0000c000  __text__                                
0000d958  _auto_init                              
0000dede  _c_int00_noargs_noexit                  
0000fffe  _reset_vector                           
00000338  _stack                                  
0000df80  _system_pre_init                        
0000df84  abort                                   
0000d7ba  afRegisterGenericApplication            
ffffffff  binit                                   
000002b4  buttonIsr                               
0000ea5e  cinit                                   
0000df5e  clearLeds                               
000002b6  debugConsoleIsr                         
0000c8dc  displayColorOnRgbLed                    
0000cbdc  displayDeviceInformation                
0000d536  displayZdoEndDeviceAnnounce             
00000200  edata                                   
000002cd  end                                     
0000df88  etext                                   
0000df5a  func_epilog_1                           
0000df58  func_epilog_2                           
0000df56  func_epilog_3                           
0000df54  func_epilog_4                           
0000df52  func_epilog_5                           
0000df50  func_epilog_6                           
0000df4e  func_epilog_7                           
0000daf8  getConfigurationParameter               
0000d62e  getDeviceStateName                      
0000cfae  halInit                                 
0000d760  halRgbSetLeds                           
0000d4b0  handleError                             
0000d394  main                                    
0000df3c  memcpy                                  
0000d424  moduleReset                             
000002cc  moduleResult                            
ffffffff  pinit                                   
0000dba0  printHexBytes                           
000002c7  rgbLedDisplayMode                       
0000dc64  sendMessage                             
0000d86a  sendSreq                                
0000ddd6  setCallbacks                            
0000d69a  setChannelMask                          
0000dc94  setLed                                  
0000dcc4  setPanId                                
0000d9e8  setPollRate                             
0000db34  setSecurityKey                          
0000d5b6  setSecurityMode                         
0000dab8  setStartupOptions                       
0000da76  setZigbeeDeviceType                     
0000dec0  spiWrite                                
000002ba  srdyIsr                                 
0000cd42  startModule                             
000002c2  state                                   
000002c4  stateFlags                              
0000d8c0  sysGpio                                 
000002bc  sysTickIsr                              
000002ca  temperatureNominal                      
0000c71a  tfp_printf                              
000002b8  timerIsr                                
000002c0  vloFrequency                            
000002be  wakeupFlags                             
0000def8  watchdog_timer                          
0000dcf4  zbGetDeviceInfo                         
0000dd22  zbWriteConfiguration                    
0000dd50  zdoStartApplication                     
000002c6  zigbeeNetworkStatus                     
00000200  zmBuf                                   


GLOBAL SYMBOLS: SORTED BY Symbol Address 

address   name                                    
-------   ----                                    
00000000  IE1                                     
00000001  IE2                                     
00000002  IFG1                                    
00000003  IFG2                                    
00000010  P3REN                                   
00000018  P3IN                                    
00000019  P3OUT                                   
0000001a  P3DIR                                   
0000001b  P3SEL                                   
00000020  P1IN                                    
00000021  P1OUT                                   
00000022  P1DIR                                   
00000023  P1IFG                                   
00000024  P1IES                                   
00000025  P1IE                                    
00000026  P1SEL                                   
00000027  P1REN                                   
00000028  P2IN                                    
00000029  P2OUT                                   
0000002a  P2DIR                                   
0000002b  P2IFG                                   
0000002c  P2IES                                   
0000002d  P2IE                                    
0000002e  P2SEL                                   
0000002f  P2REN                                   
00000041  P1SEL2                                  
00000042  P2SEL2                                  
00000043  P3SEL2                                  
00000048  ADC10DTC0                               
00000049  ADC10DTC1                               
0000004a  ADC10AE0                                
00000053  BCSCTL3                                 
00000056  DCOCTL                                  
00000057  BCSCTL1                                 
00000058  BCSCTL2                                 
00000059  CACTL1                                  
0000005a  CACTL2                                  
0000005b  CAPD                                    
0000005d  UCA0ABCTL                               
0000005e  UCA0IRTCTL                              
0000005f  UCA0IRRCTL                              
00000060  UCA0CTL0                                
00000061  UCA0CTL1                                
00000062  UCA0BR0                                 
00000063  UCA0BR1                                 
00000064  UCA0MCTL                                
00000065  UCA0STAT                                
00000066  UCA0RXBUF                               
00000067  UCA0TXBUF                               
00000068  UCB0CTL0                                
00000069  UCB0CTL1                                
0000006a  UCB0BR0                                 
0000006b  UCB0BR1                                 
0000006c  UCB0I2CIE                               
0000006d  UCB0STAT                                
0000006e  UCB0RXBUF                               
0000006f  UCB0TXBUF                               
000000c8  __STACK_SIZE                            
00000118  UCB0I2COA                               
0000011a  UCB0I2CSA                               
0000011e  TA1IV                                   
00000120  WDTCTL                                  
00000128  FCTL1                                   
0000012a  FCTL2                                   
0000012c  FCTL3                                   
0000012e  TA0IV                                   
00000160  TA0CTL                                  
00000162  TA0CCTL0                                
00000164  TA0CCTL1                                
00000166  TA0CCTL2                                
00000170  TA0R                                    
00000172  TA0CCR0                                 
00000174  TA0CCR1                                 
00000176  TA0CCR2                                 
00000180  TA1CTL                                  
00000182  TA1CCTL0                                
00000184  TA1CCTL1                                
00000186  TA1CCTL2                                
00000190  TA1R                                    
00000192  TA1CCR0                                 
00000194  TA1CCR1                                 
00000196  TA1CCR2                                 
000001b0  ADC10CTL0                               
000001b2  ADC10CTL1                               
000001b4  ADC10MEM                                
000001bc  ADC10SA                                 
00000200  .bss                                    
00000200  .data                                   
00000200  __bss__                                 
00000200  __data__                                
00000200  __edata__                               
00000200  edata                                   
00000200  zmBuf                                   
000002b4  buttonIsr                               
000002b6  debugConsoleIsr                         
000002b8  timerIsr                                
000002ba  srdyIsr                                 
000002bc  sysTickIsr                              
000002be  wakeupFlags                             
000002c0  vloFrequency                            
000002c2  state                                   
000002c4  stateFlags                              
000002c6  zigbeeNetworkStatus                     
000002c7  rgbLedDisplayMode                       
000002ca  temperatureNominal                      
000002cc  moduleResult                            
000002cd  __end__                                 
000002cd  end                                     
00000338  _stack                                  
00000400  __STACK_END                             
000010c0  TLV_CHECKSUM                            
000010da  TLV_ADC10_1_TAG                         
000010db  TLV_ADC10_1_LEN                         
000010f6  TLV_DCO_30_TAG                          
000010f7  TLV_DCO_30_LEN                          
000010f8  CALDCO_16MHZ                            
000010f9  CALBC1_16MHZ                            
000010fa  CALDCO_12MHZ                            
000010fb  CALBC1_12MHZ                            
000010fc  CALDCO_8MHZ                             
000010fd  CALBC1_8MHZ                             
000010fe  CALDCO_1MHZ                             
000010ff  CALBC1_1MHZ                             
0000c000  .text                                   
0000c000  __text__                                
0000c71a  tfp_printf                              
0000c8dc  displayColorOnRgbLed                    
0000cbdc  displayDeviceInformation                
0000cd42  startModule                             
0000ce7e  __fs_sub                                
0000ce84  __fs_add                                
0000cfae  halInit                                 
0000d18a  __fs_mpy                                
0000d2fa  __fs_div                                
0000d394  main                                    
0000d424  moduleReset                             
0000d4b0  handleError                             
0000d536  displayZdoEndDeviceAnnounce             
0000d5b6  setSecurityMode                         
0000d62e  getDeviceStateName                      
0000d69a  setChannelMask                          
0000d704  L_LSR_15                                
0000d70a  L_LSR_14                                
0000d710  L_LSR_13                                
0000d716  L_LSR_12                                
0000d71c  L_LSR_11                                
0000d722  L_LSR_10                                
0000d728  L_LSR_9                                 
0000d72e  L_LSR_8                                 
0000d734  L_LSR_7                                 
0000d73a  L_LSR_6                                 
0000d740  L_LSR_5                                 
0000d746  L_LSR_4                                 
0000d74c  L_LSR_3                                 
0000d752  L_LSR_2                                 
0000d758  L_LSR_1                                 
0000d760  halRgbSetLeds                           
0000d7ba  afRegisterGenericApplication            
0000d812  __divul                                 
0000d812  __remul                                 
0000d86a  sendSreq                                
0000d8c0  sysGpio                                 
0000d90e  __fs_cmp                                
0000d958  _auto_init                              
0000d9e8  setPollRate                             
0000da30  __fs_tou                                
0000da76  setZigbeeDeviceType                     
0000dab8  setStartupOptions                       
0000daf8  getConfigurationParameter               
0000db34  setSecurityKey                          
0000db6e  PORT1_ISR                               
0000dba0  printHexBytes                           
0000dbd2  __fs_ultof                              
0000dc04  PORT2_ISR                               
0000dc64  sendMessage                             
0000dc94  setLed                                  
0000dcc4  setPanId                                
0000dcf4  zbGetDeviceInfo                         
0000dd22  zbWriteConfiguration                    
0000dd50  zdoStartApplication                     
0000dd7e  __divi                                  
0000dd7e  __remi                                  
0000ddaa  I_LSL                                   
0000ddb6  I_LSL_15                                
0000ddb8  I_LSL_14                                
0000ddba  I_LSL_13                                
0000ddbc  I_LSL_12                                
0000ddbe  I_LSL_11                                
0000ddc0  I_LSL_10                                
0000ddc2  I_LSL_9                                 
0000ddc4  I_LSL_8                                 
0000ddc6  I_LSL_7                                 
0000ddc8  I_LSL_6                                 
0000ddca  I_LSL_5                                 
0000ddcc  I_LSL_4                                 
0000ddce  I_LSL_3                                 
0000ddd0  I_LSL_2                                 
0000ddd2  I_LSL_1                                 
0000ddd6  setCallbacks                            
0000de50  Timer_A0                                
0000de76  USCIAB0RX_ISR                           
0000de9c  __fs_utof                               
0000dec0  spiWrite                                
0000dede  _c_int00_noargs_noexit                  
0000def8  watchdog_timer                          
0000df12  __divu                                  
0000df12  __remu                                  
0000df28  __mpyi                                  
0000df28  __mpyi_sw                               
0000df3c  memcpy                                  
0000df4e  func_epilog_7                           
0000df50  func_epilog_6                           
0000df52  func_epilog_5                           
0000df54  func_epilog_4                           
0000df56  func_epilog_3                           
0000df58  func_epilog_2                           
0000df5a  func_epilog_1                           
0000df5e  clearLeds                               
0000df74  __TI_ISR_TRAP                           
0000df80  _system_pre_init                        
0000df84  C$$EXIT                                 
0000df84  abort                                   
0000df88  __etext__                               
0000df88  etext                                   
0000ea28  DEFAULT_MODULE_CONFIGURATION_COORDINATOR
0000ea36  DEFAULT_MODULE_CONFIGURATION_ROUTER     
0000ea44  DEFAULT_MODULE_CONFIGURATION_END_DEVICE 
0000ea5e  __cinit__                               
0000ea5e  cinit                                   
0000ffe4  __TI_int02                              
0000ffe6  __TI_int03                              
0000ffea  __TI_int05                              
0000ffec  __TI_int06                              
0000ffee  __TI_int07                              
0000fff0  __TI_int08                              
0000fff2  __TI_int09                              
0000fff4  __TI_int10                              
0000fff6  __TI_int11                              
0000fff8  __TI_int12                              
0000fffa  __TI_int13                              
0000fffc  __TI_int14                              
0000fffe  _reset_vector                           
ffffffff  __binit__                               
ffffffff  __c_args__                              
ffffffff  __pinit__                               
ffffffff  binit                                   
ffffffff  pinit                                   

[247 symbols]
